usb-uclass.c:406:12:usb_match_device	12	static
usb-uclass.c:713:12:usb_child_post_bind	16	static
usb-uclass.c:443:12:usb_match_one_id_intf.isra.0	8	static
usb-uclass.c:228:13:remove_inactive_children.isra.2	24	static
usb-uclass.c:28:5:usb_disable_asynch	0	static
usb-uclass.c:36:5:submit_int_msg	32	static
usb-uclass.c:49:5:submit_control_msg	32	static
usb-uclass.c:72:5:submit_bulk_msg	24	static
usb-uclass.c:84:19:create_int_queue	32	static
usb-uclass.c:98:7:poll_int_queue	4	static
usb-uclass.c:109:5:destroy_int_queue	4	static
usb-uclass.c:120:5:usb_alloc_device	0	static
usb-uclass.c:132:5:usb_reset_root_port	0	static
usb-uclass.c:143:5:usb_update_hub_device	0	static
usb-uclass.c:154:5:usb_get_max_xfer_size	0	static
usb-uclass.c:165:5:usb_stop	24	static
usb-uclass.c:381:5:usb_setup_ehci_gadget	24	static
usb-uclass.c:673:5:usb_detect_change	32	static
usb-uclass.c:736:17:usb_get_bus	8	static
usb-uclass.c:584:5:usb_scan_device	2528	static
usb-uclass.c:207:13:usb_scan_bus.isra.3	24	static
usb-uclass.c:242:5:usb_init	32	static
usb-uclass.c:751:5:usb_child_pre_probe	16	static
