sdram_rv1126.c:2192:13:update_noc_timing	24	static
sdram_rv1126.c:1562:12:data_training_rg	40	static
sdram_rv1126.c:501:13:sw_set_ack.isra.2	0	static
sdram_rv1126.c:556:13:phy_pll_set.isra.3	12	static
sdram_rv1126.c:754:12:lp4_odt_calc	0	static
sdram_rv1126.c:1471:12:get_min_value.isra.8	20	static
sdram_rv1126.c:1500:12:low_power_update.isra.9	0	static
sdram_rv1126.c:776:14:get_ddr_drv_odt_info	8	static
sdram_rv1126.c:868:13:set_ds_odt	104	static
sdram_rv1126.c:315:13:rkclk_set_dpll.isra.14	16	static
sdram_rv1126.c:2359:13:ddr_set_atags.constprop	304	static
sdram_rv1126.c:1522:13:modify_dq_deskew.constprop	32	static
sdram_rv1126.c:1420:13:modify_ca_deskew.constprop	24	static
sdram_rv1126.c:1300:5:read_mr	24	static
sdram_rv1126.c:1327:6:send_a_refresh	0	static
sdram_rv1126.c:1912:12:data_training	64	static
sdram_rv1126.c:2487:12:sdram_init_.constprop	64	static
sdram_rv1126.c:1359:6:record_dq_prebit	20	static
sdram_rv1126.c:2865:29:get_default_sdram_config	16	static
sdram_rv1126.c:3291:6:ddr_set_rate	72	static
sdram_rv1126.c:3531:5:get_uart_config	0	static
sdram_rv1126.c:3544:5:sdram_init	72	static
