eth-uclass.c:41:32:eth_get_uclass_priv	16	static
eth-uclass.c:537:12:eth_pre_remove	8	static
eth-uclass.c:463:12:eth_post_probe	48	static
eth-uclass.c:183:12:eth_write_hwaddr	16	static
eth-uclass.c:215:12:on_ethaddr	24	static
eth-uclass.c:439:12:eth_post_bind	16	static
eth-uclass.c:50:6:eth_set_current_to_next	8	static
eth-uclass.c:67:17:eth_get_dev	8	static
eth-uclass.c:83:6:eth_set_dev	8	static
eth-uclass.c:454:12:eth_pre_unbind	8	static
eth-uclass.c:98:17:eth_get_dev_by_name	32	static
eth-uclass.c:134:16:eth_get_ethaddr	8	static
eth-uclass.c:147:5:eth_init_state_only	8	static
eth-uclass.c:163:6:eth_halt_state_only	8	static
eth-uclass.c:176:5:eth_get_dev_index	8	static
eth-uclass.c:243:5:eth_init	24	static
eth-uclass.c:306:6:eth_halt	8	static
eth-uclass.c:320:5:eth_is_active	8	static
eth-uclass.c:331:5:eth_send	16	static
eth-uclass.c:351:5:eth_rx	24	static
eth-uclass.c:387:5:eth_initialize	32	static
