net.c:354:13:net_clear_handlers	0	static
net.c:667:13:start_again_timeout_handler	0	static
net.c:731:13:dummy_handler	0	static
net.c:232:12:on_ipaddr	8	static
net.c:244:12:on_gatewayip	8	static
net.c:256:12:on_netmask	8	static
net.c:268:12:on_serverip	8	static
net.c:346:13:net_init_loop	8	static
net.c:322:6:net_auto_load	8	static
net.c:366:6:net_init	8	static
net.c:672:5:net_start_again	16	static
net.c:397:5:net_loop	48	static
net.c:737:11:net_get_udp_handler	0	static
net.c:742:6:net_set_udp_handler	0	static
net.c:751:11:net_get_arp_handler	0	static
net.c:756:6:net_set_arp_handler	0	static
net.c:766:6:net_set_icmp_handler	0	static
net.c:772:6:net_set_timeout_handler	8	static
net.c:1037:6:net_process_received_packet	48	static
net.c:1378:1:net_eth_hdr_size	0	static
net.c:1390:5:net_set_ether	24	static
net.c:1415:5:net_update_ether	16	static
net.c:1438:6:net_set_ip_header	24	static
net.c:1459:6:net_set_udp_header	24	static
net.c:787:5:net_send_udp_packet	40	static
net.c:1483:6:copy_filename	0	static
net.c:212:12:on_bootfile	8	static
net.c:1509:6:ip_to_string	16	static
net.c:1520:6:vlan_to_string	0	static
net.c:1533:8:string_to_vlan	8	static
net.c:280:12:on_nvlan	8	static
net.c:292:12:on_vlan	8	static
net.c:1548:8:env_get_vlan	8	static
