part_efi.c:52:14:print_efiname	12	static
part_efi.c:150:12:validate_gpt_entries	8	static
part_efi.c:76:12:validate_gpt_header	48	static
part_efi.c:1119:12:is_gpt_valid	56	dynamic
part_efi.c:515:12:set_protective_mbr	592	static
part_efi.c:1236:12:is_pte_valid	24	static
part_efi.c:224:6:part_print_efi	112	dynamic
part_efi.c:281:5:part_get_info_efi	40	static
part_efi.c:356:13:gpt_entry_modify.isra.2	24	static
part_efi.c:378:12:part_efi_repair	24	static
part_efi.c:445:12:part_test_efi	48	dynamic
part_efi.c:197:5:get_disk_guid	48	dynamic
part_efi.c:548:5:write_gpt_table	32	static
part_efi.c:596:5:gpt_fill_pte	72	static
part_efi.c:763:5:gpt_fill_header	24	static
part_efi.c:787:5:gpt_restore	40	static
part_efi.c:854:5:gpt_verify_headers	24	static
part_efi.c:878:5:gpt_verify_partitions	96	static
part_efi.c:956:5:is_valid_gpt_buf	32	static
part_efi.c:985:5:write_mbr_and_gpt_partitions	56	static
