Archive member included to satisfy reference by file (symbol)

arch/arm/lib/lib.a(ashldi3.o)
                              lib/built-in.o (__aeabi_llsl)
arch/arm/lib/lib.a(lib1funcs.o)
                              arch/arm/mach-rockchip/built-in.o (__aeabi_uidiv)
arch/arm/lib/lib.a(lshrdi3.o)
                              lib/built-in.o (__aeabi_llsr)
arch/arm/lib/lib.a(uldivmod.o)
                              arch/arm/lib/built-in.o (__aeabi_uldivmod)
arch/arm/lib/lib.a(div0.o)    arch/arm/lib/lib.a(lib1funcs.o) (__div0)

Discarded input sections

 .data          0x0000000000000000        0x0 arch/arm/cpu/armv7/start.o
 .bss           0x0000000000000000        0x0 arch/arm/cpu/armv7/start.o
 .text          0x0000000000000000        0x0 arch/arm/mach-rockchip/built-in.o
 .text.rockchip_get_boot_mode
                0x0000000000000000      0x148 arch/arm/mach-rockchip/built-in.o
 .text.param_parse_ddr_mem
                0x0000000000000000      0x150 arch/arm/mach-rockchip/built-in.o
 .text.param_parse_pre_serial
                0x0000000000000000       0x64 arch/arm/mach-rockchip/built-in.o
 .text.param_parse_pubkey_fuse_programmed
                0x0000000000000000       0x38 arch/arm/mach-rockchip/built-in.o
 .text.rockchip_sdram_size
                0x0000000000000000      0x15e arch/arm/mach-rockchip/built-in.o
 .text.get_page_size
                0x0000000000000000       0x10 arch/arm/mach-rockchip/built-in.o
 .text.get_ddr_bw
                0x0000000000000000       0x10 arch/arm/mach-rockchip/built-in.o
 .text.dram_init_banksize
                0x0000000000000000        0xa arch/arm/mach-rockchip/built-in.o
 .text.dram_init
                0x0000000000000000       0x1a arch/arm/mach-rockchip/built-in.o
 .text.board_get_usable_ram_top
                0x0000000000000000       0x14 arch/arm/mach-rockchip/built-in.o
 .text.rockchip_setup_ddr_param
                0x0000000000000000       0x26 arch/arm/mach-rockchip/built-in.o
 .text.rockchip_get_clk
                0x0000000000000000       0x10 arch/arm/mach-rockchip/built-in.o
 .text.rockchip_get_cru
                0x0000000000000000       0x18 arch/arm/mach-rockchip/built-in.o
 .text.back_to_bootrom
                0x0000000000000000       0x1c arch/arm/mach-rockchip/built-in.o
 .text.board_return_to_bootrom
                0x0000000000000000        0x6 arch/arm/mach-rockchip/built-in.o
 .text.atags_is_available
                0x0000000000000000       0x14 arch/arm/mach-rockchip/built-in.o
 .text.get_bootdev_by_brom_bootsource
                0x0000000000000000       0x20 arch/arm/mach-rockchip/built-in.o
 .text.atags_set_bootdev_by_brom_bootsource
                0x0000000000000000       0x28 arch/arm/mach-rockchip/built-in.o
 .text.get_bootdev_by_spl_bootdevice
                0x0000000000000000       0x14 arch/arm/mach-rockchip/built-in.o
 .text.atags_set_pub_key
                0x0000000000000000       0x40 arch/arm/mach-rockchip/built-in.o
 .text.atags_destroy
                0x0000000000000000       0x1c arch/arm/mach-rockchip/built-in.o
 .rodata.rockchip_get_boot_mode.str1.1
                0x0000000000000000      0x107 arch/arm/mach-rockchip/built-in.o
 .rodata.param_parse_ddr_mem.str1.1
                0x0000000000000000       0x1a arch/arm/mach-rockchip/built-in.o
 .rodata.param_parse_pubkey_fuse_programmed.str1.1
                0x0000000000000000       0x2d arch/arm/mach-rockchip/built-in.o
 .rodata.get_page_size.str1.1
                0x0000000000000000       0x2b arch/arm/mach-rockchip/built-in.o
 .rodata.back_to_bootrom.str1.1
                0x0000000000000000       0x1a arch/arm/mach-rockchip/built-in.o
 .rodata.bootdev_map
                0x0000000000000000       0x2c arch/arm/mach-rockchip/built-in.o
 .bss           0x0000000000000000        0x0 arch/arm/mach-rockchip/built-in.o
 .text.v7_outer_cache_enable
                0x0000000000000000        0x2 arch/arm/cpu/armv7/built-in.o
 .text.v7_outer_cache_disable
                0x0000000000000000        0x2 arch/arm/cpu/armv7/built-in.o
 .text.arm_init_before_mmu
                0x0000000000000000       0x22 arch/arm/cpu/armv7/built-in.o
 .text.mmu_page_table_flush
                0x0000000000000000       0x1e arch/arm/cpu/armv7/built-in.o
 .text.cpu_cache_initialization
                0x0000000000000000        0x2 arch/arm/cpu/armv7/built-in.o
 .text.cleanup_before_linux_select
                0x0000000000000000       0x44 arch/arm/cpu/armv7/built-in.o
 .text.cleanup_before_linux
                0x0000000000000000        0x6 arch/arm/cpu/armv7/built-in.o
 .text.v7_arch_cp15_set_l2aux_ctrl
                0x0000000000000000        0x6 arch/arm/cpu/armv7/built-in.o
 .text.v7_arch_cp15_set_acr
                0x0000000000000000        0x6 arch/arm/cpu/armv7/built-in.o
 .text.sdelay   0x0000000000000000        0x6 arch/arm/cpu/armv7/built-in.o
 .text.wait_on_value
                0x0000000000000000       0x1e arch/arm/cpu/armv7/built-in.o
 .text.timer_get_boot_us
[...]
Memory Configuration

Name             Origin             Length             Attributes
*default*        0x0000000000000000 0xffffffffffffffff

Linker script and memory map

                0x0000000000000000                . = 0x0
                0x0000000000000000                . = ALIGN (0x4)

.text           0x0000000000000000    0x159e8
                0x0000000000000000                __image_copy_start = .
 *(.vectors)
 .vectors       0x0000000000000000       0x64 arch/arm/lib/built-in.o
                0x0000000000000020                _start
                0x0000000000000040                _undefined_instruction
                0x0000000000000044                _software_interrupt
                0x0000000000000048                _prefetch_abort
                0x000000000000004c                _data_abort
                0x0000000000000050                _not_used
                0x0000000000000054                _irq
                0x0000000000000058                _fiq
 arch/arm/cpu/armv7/start.o(.text*)
 .text          0x0000000000000064       0xbc arch/arm/cpu/armv7/start.o
                0x0000000000000064                reset
                0x0000000000000068                save_boot_params_ret
                0x00000000000000b4                c_runtime_cpu_setup
                0x00000000000000c8                cpu_init_cp15
 *(.text*)
 .text.fit_image_get_uncomp_digest
                0x0000000000000120       0x48 arch/arm/mach-rockchip/built-in.o
 .text.board_fit_image_post_process
                0x0000000000000168       0xe0 arch/arm/mach-rockchip/built-in.o
                0x0000000000000168                board_fit_image_post_process
 .text.fit_board_verify_required_sigs
                0x0000000000000248       0x50 arch/arm/mach-rockchip/built-in.o
                0x0000000000000248                fit_board_verify_required_sigs
 .text.board_debug_uart_init
                0x0000000000000298       0x24 arch/arm/mach-rockchip/built-in.o
                0x0000000000000298                board_debug_uart_init
 .text.arch_cpu_init
                0x00000000000002bc      0x27c arch/arm/mach-rockchip/built-in.o
                0x00000000000002bc                arch_cpu_init
 .text.spl_fit_standalone_release
                0x0000000000000538       0x58 arch/arm/mach-rockchip/built-in.o
                0x0000000000000538                spl_fit_standalone_release
 .text.save_boot_params
                0x0000000000000590       0x68 arch/arm/mach-rockchip/built-in.o
                0x0000000000000590                save_boot_params
 .text.board_spl_was_booted_from
                0x00000000000005f8       0x24 arch/arm/mach-rockchip/built-in.o
                0x00000000000005f8                board_spl_was_booted_from
 .text.spl_boot_device
                0x000000000000061c        0x4 arch/arm/mach-rockchip/built-in.o
                0x000000000000061c                spl_boot_device
 .text.spl_boot_mode
                0x0000000000000620        0x4 arch/arm/mach-rockchip/built-in.o
                0x0000000000000620                spl_boot_mode
 .text.rockchip_stimer_init
                0x0000000000000624       0x44 arch/arm/mach-rockchip/built-in.o
                0x0000000000000624                rockchip_stimer_init
 .text.rk_board_init_f
                0x0000000000000668        0x4 arch/arm/mach-rockchip/built-in.o
                0x0000000000000668                rk_board_init_f
 .text.board_init_f
                0x000000000000066c       0x58 arch/arm/mach-rockchip/built-in.o
                0x000000000000066c                board_init_f
 .text.board_fit_config_name_match
                0x00000000000006c4        0x4 arch/arm/mach-rockchip/built-in.o
                0x00000000000006c4                board_fit_config_name_match
 .text.board_init_f_boot_flags
                0x00000000000006c8       0x58 arch/arm/mach-rockchip/built-in.o
                0x00000000000006c8                board_init_f_boot_flags
 .text.rk_spl_board_init
                0x0000000000000720        0x4 arch/arm/mach-rockchip/built-in.o
                0x0000000000000720                rk_spl_board_init
 .text.spl_board_init
                0x0000000000000724        0x4 arch/arm/mach-rockchip/built-in.o
                0x0000000000000724                spl_board_init
 .text.spl_perform_fixups
                0x0000000000000728        0x6 arch/arm/mach-rockchip/built-in.o
                0x0000000000000728                spl_perform_fixups
 *fill*         0x000000000000072e        0x2 
 .text.spl_hang_reset
                0x0000000000000730       0x38 arch/arm/mach-rockchip/built-in.o
                0x0000000000000730                spl_hang_reset
 .text.spl_board_prepare_for_jump
                0x0000000000000768        0xa arch/arm/mach-rockchip/built-in.o
                0x0000000000000768                spl_board_prepare_for_jump
 *fill*         0x0000000000000772        0x2 
 .text.board_boot_order
                0x0000000000000774      0x12c arch/arm/mach-rockchip/built-in.o
                0x0000000000000774                board_boot_order
 .text.js_hash  0x00000000000008a0       0x2c arch/arm/mach-rockchip/built-in.o
 .text.atags_bad_magic
                0x00000000000008cc       0x30 arch/arm/mach-rockchip/built-in.o
                0x00000000000008cc                atags_bad_magic
 .text.atags_overflow
                0x00000000000008fc       0x30 arch/arm/mach-rockchip/built-in.o
                0x00000000000008fc                atags_overflow
 .text.atags_set_tag
                0x000000000000092c       0xfc arch/arm/mach-rockchip/built-in.o
                0x000000000000092c                atags_set_tag
 .text.atags_get_tag
                0x0000000000000a28       0x5c arch/arm/mach-rockchip/built-in.o
                0x0000000000000a28                atags_get_tag
 .text.atags_set_bootdev_by_spl_bootdevice
                0x0000000000000a84       0x38 arch/arm/mach-rockchip/built-in.o
                0x0000000000000a84                atags_set_bootdev_by_spl_bootdevice
 .text          0x0000000000000abc      0x198 arch/arm/cpu/armv7/built-in.o
                0x0000000000000abc                __v7_flush_dcache_all
                0x0000000000000b58                v7_flush_dcache_all
                0x0000000000000b68                __v7_invalidate_dcache_all
                0x0000000000000c04                v7_invalidate_dcache_all
                0x0000000000000c14                __arm_smccc_smc
                0x0000000000000c34                __arm_smccc_hvc
 .text.invalidate_icache_all
                0x0000000000000c54       0x14 arch/arm/cpu/armv7/built-in.o
                0x0000000000000c54                invalidate_icache_all
 .text.v7_outer_cache_flush_all
                0x0000000000000c68        0x2 arch/arm/cpu/armv7/built-in.o
                0x0000000000000c68                v7_outer_cache_flush_all
 .text.flush_dcache_all
                0x0000000000000c6a        0xe arch/arm/cpu/armv7/built-in.o
                0x0000000000000c6a                flush_dcache_all
 .text.v7_outer_cache_inval_all
                0x0000000000000c78        0x2 arch/arm/cpu/armv7/built-in.o
                0x0000000000000c78                v7_outer_cache_inval_all
 .text.invalidate_dcache_all
                0x0000000000000c7a        0xe arch/arm/cpu/armv7/built-in.o
                0x0000000000000c7a                invalidate_dcache_all
 .text.v7_outer_cache_flush_range
                0x0000000000000c88        0x2 arch/arm/cpu/armv7/built-in.o
                0x0000000000000c88                v7_outer_cache_flush_range
 .text.flush_dcache_range
                0x0000000000000c8a       0x26 arch/arm/cpu/armv7/built-in.o
                0x0000000000000c8a                flush_dcache_range
 .text.v7_outer_cache_inval_range
                0x0000000000000cb0        0x2 arch/arm/cpu/armv7/built-in.o
                0x0000000000000cb0                v7_outer_cache_inval_range
 .text.invalidate_dcache_range
                0x0000000000000cb2       0x4a arch/arm/cpu/armv7/built-in.o
                0x0000000000000cb2                invalidate_dcache_range
 .text.timer_init
                0x0000000000000cfc       0x18 arch/arm/cpu/armv7/built-in.o
                0x0000000000000cfc                timer_init
 .text.get_ticks
                0x0000000000000d14       0x22 arch/arm/cpu/armv7/built-in.o
                0x0000000000000d14                get_ticks
 .text.get_tbclk
                0x0000000000000d36        0x6 arch/arm/cpu/armv7/built-in.o
                0x0000000000000d36                get_tbclk
 *fill*         0x0000000000000d3c        0x4 
 .text          0x0000000000000d40      0x400 arch/arm/lib/built-in.o
                0x0000000000000d40                _main
                0x0000000000000dc0                memset
                0x0000000000000e60                memcpy
 .text.setjmp   0x0000000000001140       0x10 arch/arm/lib/built-in.o
                0x0000000000001140                setjmp
 .text.longjmp  0x0000000000001150       0x1c arch/arm/lib/built-in.o
                0x0000000000001150                longjmp
 .text.disable_interrupts
                0x000000000000116c        0x4 arch/arm/lib/built-in.o
                0x000000000000116c                disable_interrupts
 .text.flush_cache
                0x0000000000001170        0x6 arch/arm/lib/built-in.o
                0x0000000000001170                flush_cache
 .text.arm_init_domains
                0x0000000000001176        0x2 arch/arm/lib/built-in.o
                0x0000000000001176                arm_init_domains
 .text.set_section_dcache
                0x0000000000001178       0x12 arch/arm/lib/built-in.o
                0x0000000000001178                set_section_dcache
 .text.dram_bank_mmu_setup
                0x000000000000118a       0x7a arch/arm/lib/built-in.o
                0x000000000000118a                dram_bank_mmu_setup
 .text.icache_disable
                0x0000000000001204       0x16 arch/arm/lib/built-in.o
                0x0000000000001204                icache_disable
 .text.dcache_enable
                0x000000000000121a       0x70 arch/arm/lib/built-in.o
                0x000000000000121a                dcache_enable
 .text.dcache_disable
                0x000000000000128a       0x20 arch/arm/lib/built-in.o
                0x000000000000128a                dcache_disable
 *fill*         0x00000000000012aa        0x2 
 .text          0x00000000000012ac        0x8 common/spl/built-in.o
                0x00000000000012ac                spl_optee_entry
 .text.show_boot_progress
                0x00000000000012b4        0x2 common/spl/built-in.o
                0x00000000000012b4                show_boot_progress
 .text.spl_common_init.constprop.4
                0x00000000000012b6       0x88 common/spl/built-in.o
 .text.spl_next_stage
                0x000000000000133e        0x6 common/spl/built-in.o
                0x000000000000133e                spl_next_stage
 .text.spl_board_storages_fixup
                0x0000000000001344        0x2 common/spl/built-in.o
                0x0000000000001344                spl_board_storages_fixup
 .text.spl_board_prepare_for_boot
                0x0000000000001346        0x2 common/spl/built-in.o
                0x0000000000001346                spl_board_prepare_for_boot
 .text.jump_to_image_no_args
                0x0000000000001348        0x6 common/spl/built-in.o
                0x0000000000001348                jump_to_image_no_args
 *fill*         0x000000000000134e        0x2 
 .text.spl_set_bd
                0x0000000000001350       0x14 common/spl/built-in.o
                0x0000000000001350                spl_set_bd
 .text.spl_early_init
                0x0000000000001364       0x16 common/spl/built-in.o
                0x0000000000001364                spl_early_init
 .text.spl_init
                0x000000000000137a       0x24 common/spl/built-in.o
                0x000000000000137a                spl_init
 *fill*         0x000000000000139e        0x2 
 .text.preloader_console_init
                0x00000000000013a0       0x24 common/spl/built-in.o
                0x00000000000013a0                preloader_console_init
 .text.spl_relocate_stack_gd
                0x00000000000013c4        0x4 common/spl/built-in.o
                0x00000000000013c4                spl_relocate_stack_gd
 .text.spl_cleanup_before_jump
                0x00000000000013c8       0x6c common/spl/built-in.o
                0x00000000000013c8                spl_cleanup_before_jump
 .text.board_init_r
                0x0000000000001434      0x13c common/spl/built-in.o
                0x0000000000001434                board_init_r
 .text.spl_fit_get_image_name.isra.0
                0x0000000000001570       0xa0 common/spl/built-in.o
 .text.spl_fit_get_image_node
                0x0000000000001610       0x28 common/spl/built-in.o
 .text.spl_load_fit_image
                0x0000000000001638      0x200 common/spl/built-in.o
 .text.spl_fit_append_fdt
                0x0000000000001838       0x8c common/spl/built-in.o
 .text.spl_load_simple_fit
                0x00000000000018c4      0x2f8 common/spl/built-in.o
                0x00000000000018c4                spl_load_simple_fit
 .text.spl_nand_fit_read
                0x0000000000001bbc       0x18 common/spl/built-in.o
 .text.spl_nand_load_element.constprop.0
                0x0000000000001bd4       0x3c common/spl/built-in.o
 .text.spl_nand_load_image
                0x0000000000001c10       0x2a common/spl/built-in.o
 .text.h_spl_load_read
                0x0000000000001c3a        0x6 common/spl/built-in.o
 .text.mmc_load_image_raw_sector
                0x0000000000001c40       0x58 common/spl/built-in.o
 .text.spl_mmc_find_device
                0x0000000000001c98       0x5c common/spl/built-in.o
                0x0000000000001c98                spl_mmc_find_device
 .text.spl_mmc_load_image
                0x0000000000001cf4       0xf4 common/spl/built-in.o
                0x0000000000001cf4                spl_mmc_load_image
 .text.mtd_spl_load_read
                0x0000000000001de8        0x6 common/spl/built-in.o
 *fill*         0x0000000000001dee        0x2 
 .text.find_mtd_device
                0x0000000000001df0       0x34 common/spl/built-in.o
                0x0000000000001df0                find_mtd_device
 .text.spl_mtd_load_image
                0x0000000000001e24       0x90 common/spl/built-in.o
                0x0000000000001e24                spl_mtd_load_image
 .text.spl_slot_is_bootable
                0x0000000000001eb4       0x1a common/spl/built-in.o
 .text.spl_read_ab_metadata
                0x0000000000001ece       0x52 common/spl/built-in.o
 .text.spl_ab_data_update_crc_and_byteswap
                0x0000000000001f20       0x34 common/spl/built-in.o
 .text.spl_write_ab_metadata
                0x0000000000001f54       0x50 common/spl/built-in.o
 .text.safe_memcmp.part.1
                0x0000000000001fa4       0x20 common/spl/built-in.o
 .text.spl_ab_data_read
                0x0000000000001fc4       0xbc common/spl/built-in.o
 .text.spl_get_current_slot
                0x0000000000002080       0xb4 common/spl/built-in.o
                0x0000000000002080                spl_get_current_slot
 .text.spl_ab_append_part_slot
                0x0000000000002134       0x54 common/spl/built-in.o
                0x0000000000002134                spl_ab_append_part_slot
 .text.spl_ab_decrease_tries
                0x0000000000002188       0x9c common/spl/built-in.o
                0x0000000000002188                spl_ab_decrease_tries
 .text.spl_ab_decrease_reset
                0x0000000000002224       0x64 common/spl/built-in.o
                0x0000000000002224                spl_ab_decrease_reset
 .text.board_init_f_alloc_reserve
                0x0000000000002288        0xe common/init/built-in.o
                0x0000000000002288                board_init_f_alloc_reserve
 .text.board_init_f_init_reserve
                0x0000000000002296       0x18 common/init/built-in.o
                0x0000000000002296                board_init_f_init_reserve
 .text.fdt_getprop_u32
                0x00000000000022ae       0x20 common/built-in.o
                0x00000000000022ae                fdt_getprop_u32
 *fill*         0x00000000000022ce        0x2 
 .text.fit_find_config_node
                0x00000000000022d0       0xa0 common/built-in.o
                0x00000000000022d0                fit_find_config_node
 .text.of_bus_default_map
                0x0000000000002370       0xa4 common/built-in.o
 .text.fdt_support_default_count_cells
                0x0000000000002414       0x34 common/built-in.o
                0x0000000000002414                fdt_support_default_count_cells
 .text.of_bus_default_translate
                0x0000000000002448       0x78 common/built-in.o
 .text.fdt_find_or_add_subnode
                0x00000000000024c0       0x40 common/built-in.o
                0x00000000000024c0                fdt_find_or_add_subnode
 .text.fdt_record_loadable
                0x0000000000002500       0xf4 common/built-in.o
                0x0000000000002500                fdt_record_loadable
 .text.fdt_shrink_to_minimum
                0x00000000000025f4       0x88 common/built-in.o
                0x00000000000025f4                fdt_shrink_to_minimum
 .text.fdt_translate_address
                0x000000000000267c      0x18c common/built-in.o
                0x000000000000267c                fdt_translate_address
 .text.fdt_get_base_address
                0x0000000000002808       0x28 common/built-in.o
                0x0000000000002808                fdt_get_base_address
 .text.bounce_buffer_start
                0x0000000000002830       0x50 common/built-in.o
                0x0000000000002830                bounce_buffer_start
 .text.bounce_buffer_stop
                0x0000000000002880       0x2c common/built-in.o
                0x0000000000002880                bounce_buffer_stop
 .text.putc     0x00000000000028ac       0x3c common/built-in.o
                0x00000000000028ac                putc
 .text.puts     0x00000000000028e8       0x12 common/built-in.o
                0x00000000000028e8                puts
 .text.flushc   0x00000000000028fa       0x14 common/built-in.o
                0x00000000000028fa                flushc
 .text.malloc_simple
                0x000000000000290e       0x28 common/built-in.o
                0x000000000000290e                malloc_simple
 *fill*         0x0000000000002936        0x2 
 .text.memalign_simple
                0x0000000000002938       0x40 common/built-in.o
                0x0000000000002938                memalign_simple
 .text.calloc   0x0000000000002978       0x18 common/built-in.o
                0x0000000000002978                calloc
 .text.get_table_entry_id
                0x0000000000002990       0x26 common/built-in.o
                0x0000000000002990                get_table_entry_id
 *fill*         0x00000000000029b6        0x2 
 .text.genimg_get_os_id
                0x00000000000029b8       0x14 common/built-in.o
                0x00000000000029b8                genimg_get_os_id
 .text.genimg_get_comp_id
                0x00000000000029cc       0x14 common/built-in.o
                0x00000000000029cc                genimg_get_comp_id
 .text.fit_image_get_address
                0x00000000000029e0       0x40 common/built-in.o
 .text.hw_fit_calculate_hash
                0x0000000000002a20       0x70 common/built-in.o
 .text.fit_get_desc
                0x0000000000002a90       0x20 common/built-in.o
                0x0000000000002a90                fit_get_desc
 .text.fit_get_totalsize
                0x0000000000002ab0       0x24 common/built-in.o
                0x0000000000002ab0                fit_get_totalsize
 .text.fit_image_get_os
                0x0000000000002ad4       0x28 common/built-in.o
                0x0000000000002ad4                fit_image_get_os
 .text.fit_image_get_comp
                0x0000000000002afc       0x28 common/built-in.o
                0x0000000000002afc                fit_image_get_comp
 .text.fit_image_get_load
                0x0000000000002b24        0xc common/built-in.o
                0x0000000000002b24                fit_image_get_load
 .text.fit_image_get_comp_addr
                0x0000000000002b30        0xc common/built-in.o
                0x0000000000002b30                fit_image_get_comp_addr
 .text.fit_image_get_data_offset
                0x0000000000002b3c       0x24 common/built-in.o
                0x0000000000002b3c                fit_image_get_data_offset
 .text.fit_image_get_data_position
                0x0000000000002b60       0x24 common/built-in.o
                0x0000000000002b60                fit_image_get_data_position
 .text.fit_image_get_data_size
                0x0000000000002b84       0x24 common/built-in.o
                0x0000000000002b84                fit_image_get_data_size
 .text.fit_image_get_data
                0x0000000000002ba8       0x90 common/built-in.o
                0x0000000000002ba8                fit_image_get_data
 .text.fit_image_hash_get_algo
                0x0000000000002c38       0x20 common/built-in.o
                0x0000000000002c38                fit_image_hash_get_algo
 .text.fit_image_hash_get_value
                0x0000000000002c58       0x28 common/built-in.o
                0x0000000000002c58                fit_image_hash_get_value
 .text.fit_image_check_hash
                0x0000000000002c80      0x110 common/built-in.o
                0x0000000000002c80                fit_image_check_hash
 .text.fit_image_verify_with_data
                0x0000000000002d90       0xb4 common/built-in.o
                0x0000000000002d90                fit_image_verify_with_data
 .text.subtract_modulus
                0x0000000000002e44       0x32 lib/built-in.o
 .text.montgomery_mul
                0x0000000000002e76       0xf6 lib/built-in.o
 .text.rsa_convert_big_endian
                0x0000000000002f6c       0x1c lib/built-in.o
 .text.rsa_mod_exp_sw
                0x0000000000002f88      0x228 lib/built-in.o
                0x0000000000002f88                rsa_mod_exp_sw
 .text.fdt_check_header
                0x00000000000031b0       0x4c lib/built-in.o
                0x00000000000031b0                fdt_check_header
 .text.fdt_offset_ptr
                0x00000000000031fc       0x32 lib/built-in.o
                0x00000000000031fc                fdt_offset_ptr
 *fill*         0x000000000000322e        0x2 
 .text.fdt_next_tag
                0x0000000000003230       0xa8 lib/built-in.o
                0x0000000000003230                fdt_next_tag
 .text._fdt_check_node_offset
                0x00000000000032d8       0x24 lib/built-in.o
                0x00000000000032d8                _fdt_check_node_offset
 .text._fdt_check_prop_offset
                0x00000000000032fc       0x24 lib/built-in.o
                0x00000000000032fc                _fdt_check_prop_offset
 .text.fdt_next_node
                0x0000000000003320       0x6e lib/built-in.o
                0x0000000000003320                fdt_next_node
 .text.fdt_first_subnode
                0x000000000000338e       0x28 lib/built-in.o
                0x000000000000338e                fdt_first_subnode
 .text.fdt_next_subnode
                0x00000000000033b6       0x2e lib/built-in.o
                0x00000000000033b6                fdt_next_subnode
 .text._fdt_find_string
                0x00000000000033e4       0x30 lib/built-in.o
                0x00000000000033e4                _fdt_find_string
 .text.fdt_strerror
                0x0000000000003414       0x3c lib/built-in.o
                0x0000000000003414                fdt_strerror
 .text._fdt_blocks_misordered
                0x0000000000003450       0x36 lib/built-in.o
 .text._fdt_splice
                0x0000000000003486       0x4a lib/built-in.o
 .text._fdt_splice_mem_rsv
                0x00000000000034d0       0x2c lib/built-in.o
 .text._fdt_splice_struct
                0x00000000000034fc       0x26 lib/built-in.o
 .text._fdt_add_property
                0x0000000000003522       0xb2 lib/built-in.o
 .text._fdt_rw_check_header
                0x00000000000035d4       0x38 lib/built-in.o
 .text.fdt_add_mem_rsv
                0x000000000000360c       0x58 lib/built-in.o
                0x000000000000360c                fdt_add_mem_rsv
 .text.fdt_del_mem_rsv
                0x0000000000003664       0x3c lib/built-in.o
                0x0000000000003664                fdt_del_mem_rsv
 .text.fdt_setprop_placeholder
                0x00000000000036a0       0x70 lib/built-in.o
                0x00000000000036a0                fdt_setprop_placeholder
 .text.fdt_setprop
                0x0000000000003710       0x26 lib/built-in.o
                0x0000000000003710                fdt_setprop
 .text.fdt_add_subnode_namelen
                0x0000000000003736       0x98 lib/built-in.o
                0x0000000000003736                fdt_add_subnode_namelen
 .text.fdt_add_subnode
                0x00000000000037ce       0x1e lib/built-in.o
                0x00000000000037ce                fdt_add_subnode
 .text.fdt_address_cells
                0x00000000000037ec       0x34 lib/built-in.o
                0x00000000000037ec                fdt_address_cells
 .text.fdt_size_cells
                0x0000000000003820       0x34 lib/built-in.o
                0x0000000000003820                fdt_size_cells
 .text.fdt_path_next_separator
                0x0000000000003854       0x2a lib/built-in.o
 .text._nextprop
                0x000000000000387e       0x32 lib/built-in.o
 .text.fdt_string
                0x00000000000038b0        0xa lib/built-in.o
                0x00000000000038b0                fdt_string
 .text.fdt_get_mem_rsv
                0x00000000000038ba       0x38 lib/built-in.o
                0x00000000000038ba                fdt_get_mem_rsv
 .text.fdt_num_mem_rsv
                0x00000000000038f2       0x22 lib/built-in.o
                0x00000000000038f2                fdt_num_mem_rsv
 .text.fdt_subnode_offset_namelen
                0x0000000000003914       0x7c lib/built-in.o
                0x0000000000003914                fdt_subnode_offset_namelen
 .text.fdt_subnode_offset
                0x0000000000003990       0x1e lib/built-in.o
                0x0000000000003990                fdt_subnode_offset
 .text.fdt_get_name
                0x00000000000039ae       0x3a lib/built-in.o
                0x00000000000039ae                fdt_get_name
 .text.fdt_first_property_offset
                0x00000000000039e8       0x18 lib/built-in.o
                0x00000000000039e8                fdt_first_property_offset
 .text.fdt_next_property_offset
                0x0000000000003a00       0x18 lib/built-in.o
                0x0000000000003a00                fdt_next_property_offset
 .text.fdt_get_property_by_offset
                0x0000000000003a18       0x2e lib/built-in.o
                0x0000000000003a18                fdt_get_property_by_offset
 .text.fdt_get_property_namelen
                0x0000000000003a46       0x6e lib/built-in.o
                0x0000000000003a46                fdt_get_property_namelen
 .text.fdt_get_property
                0x0000000000003ab4       0x22 lib/built-in.o
                0x0000000000003ab4                fdt_get_property
 .text.fdt_getprop_namelen
                0x0000000000003ad6       0x12 lib/built-in.o
                0x0000000000003ad6                fdt_getprop_namelen
 .text.fdt_getprop_by_offset
                0x0000000000003ae8       0x26 lib/built-in.o
                0x0000000000003ae8                fdt_getprop_by_offset
 .text.fdt_getprop
                0x0000000000003b0e       0x22 lib/built-in.o
                0x0000000000003b0e                fdt_getprop
 .text.fdt_get_phandle
                0x0000000000003b30       0x40 lib/built-in.o
                0x0000000000003b30                fdt_get_phandle
 .text.fdt_get_alias_namelen
                0x0000000000003b70       0x2c lib/built-in.o
                0x0000000000003b70                fdt_get_alias_namelen
 .text.fdt_path_offset_namelen
                0x0000000000003b9c       0x8c lib/built-in.o
                0x0000000000003b9c                fdt_path_offset_namelen
 .text.fdt_path_offset
                0x0000000000003c28       0x1a lib/built-in.o
                0x0000000000003c28                fdt_path_offset
 .text.fdt_get_alias
                0x0000000000003c42       0x1a lib/built-in.o
                0x0000000000003c42                fdt_get_alias
 .text.fdt_supernode_atdepth_offset
                0x0000000000003c5c       0x72 lib/built-in.o
                0x0000000000003c5c                fdt_supernode_atdepth_offset
 .text.fdt_node_depth
                0x0000000000003cce       0x1e lib/built-in.o
                0x0000000000003cce                fdt_node_depth
 .text.fdt_parent_offset
                0x0000000000003cec       0x20 lib/built-in.o
                0x0000000000003cec                fdt_parent_offset
 .text.fdt_node_offset_by_phandle
                0x0000000000003d0c       0x42 lib/built-in.o
                0x0000000000003d0c                fdt_node_offset_by_phandle
 .text.fdt_stringlist_contains
                0x0000000000003d4e       0x48 lib/built-in.o
                0x0000000000003d4e                fdt_stringlist_contains
 .text.fdt_stringlist_search
                0x0000000000003d96       0x66 lib/built-in.o
                0x0000000000003d96                fdt_stringlist_search
 .text.fdt_stringlist_get
                0x0000000000003dfc       0x60 lib/built-in.o
                0x0000000000003dfc                fdt_stringlist_get
 .text.fdt_node_check_compatible
                0x0000000000003e5c       0x28 lib/built-in.o
                0x0000000000003e5c                fdt_node_check_compatible
 .text.fdt_node_offset_by_compatible
                0x0000000000003e84       0x40 lib/built-in.o
                0x0000000000003e84                fdt_node_offset_by_compatible
 .text.fdtdec_get_int
                0x0000000000003ec4       0x1c lib/built-in.o
                0x0000000000003ec4                fdtdec_get_int
 .text.get_prop_check_min_len
                0x0000000000003ee0       0x26 lib/built-in.o
 *fill*         0x0000000000003f06        0x2 
 .text.fdtdec_get_is_enabled
                0x0000000000003f08       0x28 lib/built-in.o
                0x0000000000003f08                fdtdec_get_is_enabled
 .text.fdtdec_next_compatible
                0x0000000000003f30       0x10 lib/built-in.o
                0x0000000000003f30                fdtdec_next_compatible
 .text.fdtdec_get_alias_seq
                0x0000000000003f40       0xac lib/built-in.o
                0x0000000000003f40                fdtdec_get_alias_seq
 .text.fdtdec_prepare_fdt
                0x0000000000003fec       0x30 lib/built-in.o
                0x0000000000003fec                fdtdec_prepare_fdt
 .text.fdtdec_get_int_array
                0x000000000000401c       0x34 lib/built-in.o
                0x000000000000401c                fdtdec_get_int_array
 .text.fdtdec_parse_phandle_with_args
                0x0000000000004050       0xca lib/built-in.o
                0x0000000000004050                fdtdec_parse_phandle_with_args
 .text.fdtdec_get_number
                0x000000000000411a       0x24 lib/built-in.o
                0x000000000000411a                fdtdec_get_number
 .text.fdtdec_get_addr_size_fixed
                0x000000000000413e       0x54 lib/built-in.o
                0x000000000000413e                fdtdec_get_addr_size_fixed
 .text.fdtdec_get_addr_size_auto_parent
                0x0000000000004192       0x46 lib/built-in.o
                0x0000000000004192                fdtdec_get_addr_size_auto_parent
 .text.fdtdec_get_addr_size_auto_noparent
                0x00000000000041d8       0x34 lib/built-in.o
                0x00000000000041d8                fdtdec_get_addr_size_auto_noparent
 .text.fdtdec_get_addr_size
                0x000000000000420c       0x1e lib/built-in.o
                0x000000000000420c                fdtdec_get_addr_size
 *fill*         0x000000000000422a        0x2 
 .text.fdtdec_setup
                0x000000000000422c       0x10 lib/built-in.o
                0x000000000000422c                fdtdec_setup
 .text.crc32_no_comp
                0x000000000000423c       0x8c lib/built-in.o
                0x000000000000423c                crc32_no_comp
 .text.crc32    0x00000000000042c8        0xc lib/built-in.o
                0x00000000000042c8                crc32
 .text.__div64_32
                0x00000000000042d4       0x7e lib/built-in.o
                0x00000000000042d4                __div64_32
 *fill*         0x0000000000004352        0x2 
 .text.hang     0x0000000000004354       0x1c lib/built-in.o
                0x0000000000004354                hang
 .text.kmalloc  0x0000000000004370       0x20 lib/built-in.o
                0x0000000000004370                kmalloc
 .text.strncasecmp
                0x0000000000004390       0x44 lib/built-in.o
                0x0000000000004390                strncasecmp
 .text.strcasecmp
                0x00000000000043d4        0x8 lib/built-in.o
                0x00000000000043d4                strcasecmp
 .text.strcpy   0x00000000000043dc       0x10 lib/built-in.o
                0x00000000000043dc                strcpy
 .text.strcat   0x00000000000043ec       0x1e lib/built-in.o
                0x00000000000043ec                strcat
 .text.strcmp   0x000000000000440a       0x16 lib/built-in.o
                0x000000000000440a                strcmp
 .text.strncmp  0x0000000000004420       0x22 lib/built-in.o
                0x0000000000004420                strncmp
 .text.strchr   0x0000000000004442       0x18 lib/built-in.o
                0x0000000000004442                strchr
 .text.strchrnul
                0x000000000000445a       0x14 lib/built-in.o
                0x000000000000445a                strchrnul
 .text.strlen   0x000000000000446e       0x10 lib/built-in.o
                0x000000000000446e                strlen
 .text.strrchr  0x000000000000447e       0x20 lib/built-in.o
                0x000000000000447e                strrchr
 .text.strnlen  0x000000000000449e       0x18 lib/built-in.o
                0x000000000000449e                strnlen
 .text.strcspn  0x00000000000044b6       0x22 lib/built-in.o
                0x00000000000044b6                strcspn
 .text.strdup   0x00000000000044d8       0x22 lib/built-in.o
                0x00000000000044d8                strdup
 .text.memmove  0x00000000000044fa       0x26 lib/built-in.o
                0x00000000000044fa                memmove
 .text.memcmp   0x0000000000004520       0x1e lib/built-in.o
                0x0000000000004520                memcmp
 .text.memchr   0x000000000000453e       0x1c lib/built-in.o
                0x000000000000453e                memchr
 .text.tick_to_time
                0x000000000000455a       0x48 lib/built-in.o
 .text.get_timer
                0x00000000000045a2       0x10 lib/built-in.o
                0x00000000000045a2                get_timer
 .text.timer_get_us
                0x00000000000045b2       0x1c lib/built-in.o
                0x00000000000045b2                timer_get_us
 *fill*         0x00000000000045ce        0x2 
 .text.__udelay
                0x00000000000045d0       0x9c lib/built-in.o
                0x00000000000045d0                __udelay
 .text.udelay   0x000000000000466c       0x20 lib/built-in.o
                0x000000000000466c                udelay
 .text.uuid_bin_to_str
                0x000000000000468c       0x78 lib/built-in.o
                0x000000000000468c                uuid_bin_to_str
 .text.putc_outstr
                0x0000000000004704        0xa lib/built-in.o
 .text.putc_normal
                0x000000000000470e        0x6 lib/built-in.o
 .text.div_out  0x0000000000004714       0x32 lib/built-in.o
 *fill*         0x0000000000004746        0x2 
 .text._vprintf
                0x0000000000004748      0x1e0 lib/built-in.o
 .text.vprintf  0x0000000000004928       0x1c lib/built-in.o
                0x0000000000004928                vprintf
 .text.printf   0x0000000000004944       0x24 lib/built-in.o
                0x0000000000004944                printf
 .text.sprintf  0x0000000000004968       0x2c lib/built-in.o
                0x0000000000004968                sprintf
 .text.snprintf
                0x0000000000004994       0x2c lib/built-in.o
                0x0000000000004994                snprintf
 .text.panic    0x00000000000049c0       0x1a lib/built-in.o
                0x00000000000049c0                panic
 *fill*         0x00000000000049da        0x2 
 .text._parse_integer_fixup_radix
                0x00000000000049dc       0x5c lib/built-in.o
 .text.simple_strtoul
                0x0000000000004a38       0x50 lib/built-in.o
                0x0000000000004a38                simple_strtoul
 .text.trailing_strtoln
                0x0000000000004a88       0x48 lib/built-in.o
                0x0000000000004a88                trailing_strtoln
 .text.trailing_strtol
                0x0000000000004ad0        0x6 lib/built-in.o
                0x0000000000004ad0                trailing_strtol
 *fill*         0x0000000000004ad6        0x2 
 .text.part_driver_lookup_type
                0x0000000000004ad8       0x44 disk/built-in.o
 .text.part_get_info_by_name_option
                0x0000000000004b1c       0xb4 disk/built-in.o
 .text.part_init
                0x0000000000004bd0       0x2c disk/built-in.o
                0x0000000000004bd0                part_init
 .text.part_get_info
                0x0000000000004bfc       0x36 disk/built-in.o
                0x0000000000004bfc                part_get_info
 .text.part_get_info_by_name
                0x0000000000004c32        0x6 disk/built-in.o
                0x0000000000004c32                part_get_info_by_name
 .text.part_set_generic_name
                0x0000000000004c38       0x34 disk/built-in.o
                0x0000000000004c38                part_set_generic_name
 .text.test_block_type
                0x0000000000004c6c       0x50 disk/built-in.o
 .text.part_test_dos
                0x0000000000004cbc       0x4e disk/built-in.o
 *fill*         0x0000000000004d0a        0x2 
 .text.part_get_info_extended
                0x0000000000004d0c      0x1d8 disk/built-in.o
 .text.part_get_info_dos
                0x0000000000004ee4       0x16 disk/built-in.o
                0x0000000000004ee4                part_get_info_dos
 *fill*         0x0000000000004efa        0x2 
 .text.print_efiname
                0x0000000000004efc       0x38 disk/built-in.o
 .text.part_test_efi
                0x0000000000004f34       0x42 disk/built-in.o
 *fill*         0x0000000000004f76        0x2 
 .text.validate_gpt_entries
                0x0000000000004f78       0x80 disk/built-in.o
 .text.validate_gpt_header
                0x0000000000004ff8      0x1ec disk/built-in.o
 .text.is_gpt_valid
                0x00000000000051e4      0x1c0 disk/built-in.o
 .text.is_pte_valid
                0x00000000000053a4       0x38 disk/built-in.o
 .text.part_get_info_efi
                0x00000000000053dc      0x1c8 disk/built-in.o
                0x00000000000053dc                part_get_info_efi
 .text.clk_request
                0x00000000000055a4       0x12 drivers/built-in.o
                0x00000000000055a4                clk_request
 *fill*         0x00000000000055b6        0x2 
 .text.clk_get_by_indexed_prop
                0x00000000000055b8       0x5c drivers/built-in.o
 .text.clk_get_by_index
                0x0000000000005614       0x10 drivers/built-in.o
                0x0000000000005614                clk_get_by_index
 .text.clk_get_by_name
                0x0000000000005624       0x28 drivers/built-in.o
                0x0000000000005624                clk_get_by_name
 .text.clk_get_rate
                0x000000000000564c       0x12 drivers/built-in.o
                0x000000000000564c                clk_get_rate
 .text.clk_set_rate
                0x000000000000565e       0x12 drivers/built-in.o
                0x000000000000565e                clk_set_rate
 .text.clk_set_phase
                0x0000000000005670       0x12 drivers/built-in.o
                0x0000000000005670                clk_set_phase
 .text.clk_set_parent
                0x0000000000005682       0x12 drivers/built-in.o
                0x0000000000005682                clk_set_parent
 .text.clk_set_defaults
                0x0000000000005694       0xcc drivers/built-in.o
                0x0000000000005694                clk_set_defaults
 .text.clk_enable
                0x0000000000005760       0x12 drivers/built-in.o
                0x0000000000005760                clk_enable
 .text.clk_disable
                0x0000000000005772       0x12 drivers/built-in.o
                0x0000000000005772                clk_disable
 .text.clk_fixed_rate_ofdata_to_platdata
                0x0000000000005784       0x20 drivers/built-in.o
 .text.clk_fixed_rate_get_rate
                0x00000000000057a4       0x16 drivers/built-in.o
 *fill*         0x00000000000057ba        0x2 
 .text.rk3036_pll_get_rate.isra.0
                0x00000000000057bc       0xf8 drivers/built-in.o
 .text.gcd      0x00000000000058b4       0x16 drivers/built-in.o
                0x00000000000058b4                gcd
 *fill*         0x00000000000058ca        0x2 
 .text.rockchip_get_pll_settings
                0x00000000000058cc      0x138 drivers/built-in.o
 .text.rk3036_pll_set_rate
                0x0000000000005a04      0x134 drivers/built-in.o
 .text.rockchip_pll_get_rate
                0x0000000000005b38       0xc8 drivers/built-in.o
                0x0000000000005b38                rockchip_pll_get_rate
 .text.rockchip_pll_set_rate
                0x0000000000005c00      0x208 drivers/built-in.o
                0x0000000000005c00                rockchip_pll_set_rate
 .text.rockchip_get_cpu_settings
                0x0000000000005e08       0x14 drivers/built-in.o
                0x0000000000005e08                rockchip_get_cpu_settings
 .text.rv1126_i2c_get_pmuclk
                0x0000000000005e1c       0x2e drivers/built-in.o
 *fill*         0x0000000000005e4a        0x2 
 .text.rv1126_pwm_get_pmuclk
                0x0000000000005e4c       0x48 drivers/built-in.o
 .text.rv1126_pdbus_get_clk
                0x0000000000005e94       0x66 drivers/built-in.o
 .text.rv1126_pdphp_get_clk
                0x0000000000005efa       0x36 drivers/built-in.o
 .text.rv1126_i2c_get_clk
                0x0000000000005f30       0x48 drivers/built-in.o
 .text.rv1126_pwm_get_clk
                0x0000000000005f78       0x28 drivers/built-in.o
 .text.rv1126_crypto_get_clk
                0x0000000000005fa0       0x50 drivers/built-in.o
 .text.rv1126_mmc_get_clk
                0x0000000000005ff0       0x6c drivers/built-in.o
 .text.rv1126_mmc_set_clk
                0x000000000000605c       0x8c drivers/built-in.o
 .text.rv1126_sfc_get_clk
                0x00000000000060e8       0x24 drivers/built-in.o
 .text.rv1126_sfc_set_clk
                0x000000000000610c       0x30 drivers/built-in.o
 .text.rv1126_nand_get_clk
                0x000000000000613c       0x24 drivers/built-in.o
 .text.rv1126_nand_set_clk
                0x0000000000006160       0x30 drivers/built-in.o
 .text.rv1126_aclk_vop_get_clk
                0x0000000000006190       0x26 drivers/built-in.o
 .text.rv1126_dclk_vop_get_clk
                0x00000000000061b6       0x24 drivers/built-in.o
 .text.rv1126_scr1_get_clk
                0x00000000000061da       0x26 drivers/built-in.o
 .text.rv1126_gmac_src_get_clk
                0x0000000000006200       0x26 drivers/built-in.o
 .text.rv1126_gmac_out_get_clk
                0x0000000000006226       0x26 drivers/built-in.o
 .text.rv1126_dclk_decom_get_clk
                0x000000000000624c       0x26 drivers/built-in.o
 *fill*         0x0000000000006272        0x2 
 .text.rv1126_pdbus_set_clk
                0x0000000000006274       0xb4 drivers/built-in.o
 .text.rv1126_pdphp_set_clk
                0x0000000000006328       0x58 drivers/built-in.o
 .text.rv1126_gpll_set_rate
                0x0000000000006380       0x7c drivers/built-in.o
 .text.rv1126_pmuclk_ofdata_to_platdata
                0x00000000000063fc       0x16 drivers/built-in.o
 .text.rv1126_clk_ofdata_to_platdata
                0x0000000000006412       0x16 drivers/built-in.o
 .text.rv1126_pmuclk_bind
                0x0000000000006428       0x38 drivers/built-in.o
 .text.rv1126_clk_bind
                0x0000000000006460       0x64 drivers/built-in.o
 .text.rv1126_clk_get_rate
                0x00000000000064c4      0x20c drivers/built-in.o
 .text.rv1126_pmuclk_set_parent
                0x00000000000066d0       0x3c drivers/built-in.o
 .text.rv1126_clk_set_parent
                0x000000000000670c       0xa8 drivers/built-in.o
 .text.rv1126_pmuclk_get_rate
                0x00000000000067b4       0xb0 drivers/built-in.o
 .text.rv1126_armclk_set_clk.isra.10
                0x0000000000006864       0x98 drivers/built-in.o
 .text.rv1126_pmuclk_probe
                0x00000000000068fc       0x1c drivers/built-in.o
 .text.rv1126_pdaudio_set_clk
                0x0000000000006918       0x3a drivers/built-in.o
 .text.rv1126_pdpmu_set_pmuclk
                0x0000000000006952       0x3a drivers/built-in.o
 .text.rv1126_rtc32k_set_pmuclk
                0x000000000000698c       0x98 drivers/built-in.o
 .text.rv1126_pmuclk_set_rate
                0x0000000000006a24      0x1b4 drivers/built-in.o
 .text.rv1126_pdcore_set_clk
                0x0000000000006bd8       0x3c drivers/built-in.o
 .text.rv1126_clk_set_rate
                0x0000000000006c14      0x4e4 drivers/built-in.o
 .text.rv1126_clk_probe
                0x00000000000070f8      0x15c drivers/built-in.o
 .text.rv1126_mmc_get_phase
                0x0000000000007254       0x80 drivers/built-in.o
                0x0000000000007254                rv1126_mmc_get_phase
 .text.rv1126_clk_get_phase
                0x00000000000072d4       0x1e drivers/built-in.o
 *fill*         0x00000000000072f2        0x2 
 .text.rv1126_mmc_set_phase
                0x00000000000072f4       0xa0 drivers/built-in.o
                0x00000000000072f4                rv1126_mmc_set_phase
 .text.rv1126_clk_set_phase
                0x0000000000007394       0x1e drivers/built-in.o
 *fill*         0x00000000000073b2        0x2 
 .text.device_bind_common.isra.0
                0x00000000000073b4      0x284 drivers/built-in.o
 .text.alloc_priv
                0x0000000000007638       0x38 drivers/built-in.o
 .text.device_bind_with_driver_data
                0x0000000000007670       0x16 drivers/built-in.o
                0x0000000000007670                device_bind_with_driver_data
 .text.device_bind_by_name
                0x0000000000007686       0x4c drivers/built-in.o
                0x0000000000007686                device_bind_by_name
 *fill*         0x00000000000076d2        0x2 
 .text.device_probe
                0x00000000000076d4      0x15c drivers/built-in.o
                0x00000000000076d4                device_probe
 .text.dev_get_platdata
                0x0000000000007830        0x6 drivers/built-in.o
                0x0000000000007830                dev_get_platdata
 .text.dev_get_parent_platdata
                0x0000000000007836        0x6 drivers/built-in.o
                0x0000000000007836                dev_get_parent_platdata
 .text.dev_get_uclass_platdata
                0x000000000000783c        0x6 drivers/built-in.o
                0x000000000000783c                dev_get_uclass_platdata
 .text.dev_get_priv
                0x0000000000007842        0x6 drivers/built-in.o
                0x0000000000007842                dev_get_priv
 .text.dev_get_uclass_priv
                0x0000000000007848        0x6 drivers/built-in.o
                0x0000000000007848                dev_get_uclass_priv
 .text.dev_get_parent_priv
                0x000000000000784e        0x6 drivers/built-in.o
                0x000000000000784e                dev_get_parent_priv
 .text.device_find_first_child
                0x0000000000007854       0x14 drivers/built-in.o
                0x0000000000007854                device_find_first_child
 .text.device_find_next_child
                0x0000000000007868       0x16 drivers/built-in.o
                0x0000000000007868                device_find_next_child
 .text.dev_get_parent
                0x000000000000787e        0x4 drivers/built-in.o
                0x000000000000787e                dev_get_parent
 .text.dev_get_driver_data
                0x0000000000007882        0x4 drivers/built-in.o
                0x0000000000007882                dev_get_driver_data
 .text.device_get_uclass_id
                0x0000000000007886        0x8 drivers/built-in.o
                0x0000000000007886                device_get_uclass_id
 .text.device_set_name_alloced
                0x000000000000788e        0xa drivers/built-in.o
                0x000000000000788e                device_set_name_alloced
 .text.device_is_compatible
                0x0000000000007898       0x42 drivers/built-in.o
                0x0000000000007898                device_is_compatible
 *fill*         0x00000000000078da        0x2 
 .text.devfdt_get_addr_index
                0x00000000000078dc       0x48 drivers/built-in.o
                0x00000000000078dc                devfdt_get_addr_index
 .text.devfdt_get_addr_size_index
                0x0000000000007924       0x2c drivers/built-in.o
                0x0000000000007924                devfdt_get_addr_size_index
 .text.lists_driver_lookup_name
                0x0000000000007950       0x2c drivers/built-in.o
                0x0000000000007950                lists_driver_lookup_name
 .text.lists_uclass_lookup
                0x000000000000797c       0x20 drivers/built-in.o
                0x000000000000797c                lists_uclass_lookup
 .text.lists_bind_drivers
                0x000000000000799c       0x48 drivers/built-in.o
                0x000000000000799c                lists_bind_drivers
 .text.device_bind_driver_to_node
                0x00000000000079e4       0x2c drivers/built-in.o
                0x00000000000079e4                device_bind_driver_to_node
 .text.device_bind_driver
                0x0000000000007a10       0x18 drivers/built-in.o
                0x0000000000007a10                device_bind_driver
 .text.lists_bind_fdt
                0x0000000000007a28       0xb4 drivers/built-in.o
                0x0000000000007a28                lists_bind_fdt
 .text.dm_scan_fdt_node
                0x0000000000007adc       0x66 drivers/built-in.o
 .text.dm_root  0x0000000000007b42        0xc drivers/built-in.o
                0x0000000000007b42                dm_root
 .text.dm_get_translation_offset
                0x0000000000007b4e        0xe drivers/built-in.o
                0x0000000000007b4e                dm_get_translation_offset
 .text.dm_init  0x0000000000007b5c       0x40 drivers/built-in.o
                0x0000000000007b5c                dm_init
 .text.dm_scan_platdata
                0x0000000000007b9c       0x16 drivers/built-in.o
                0x0000000000007b9c                dm_scan_platdata
 .text.dm_scan_fdt_dev
                0x0000000000007bb2       0x2e drivers/built-in.o
                0x0000000000007bb2                dm_scan_fdt_dev
 .text.dm_scan_fdt
                0x0000000000007be0       0x14 drivers/built-in.o
                0x0000000000007be0                dm_scan_fdt
 .text.dm_extended_scan_fdt
                0x0000000000007bf4       0x34 drivers/built-in.o
                0x0000000000007bf4                dm_extended_scan_fdt
 .text.dm_scan_other
                0x0000000000007c28        0x4 drivers/built-in.o
                0x0000000000007c28                dm_scan_other
 .text.dm_init_and_scan
                0x0000000000007c2c       0x2c drivers/built-in.o
                0x0000000000007c2c                dm_init_and_scan
 .text.uclass_find
                0x0000000000007c58       0x34 drivers/built-in.o
                0x0000000000007c58                uclass_find
 .text.uclass_get
                0x0000000000007c8c       0x92 drivers/built-in.o
                0x0000000000007c8c                uclass_get
 .text.uclass_find_device
                0x0000000000007d1e       0x42 drivers/built-in.o
                0x0000000000007d1e                uclass_find_device
 .text.uclass_find_first_device
                0x0000000000007d60       0x22 drivers/built-in.o
                0x0000000000007d60                uclass_find_first_device
 .text.uclass_find_next_device
                0x0000000000007d82       0x18 drivers/built-in.o
                0x0000000000007d82                uclass_find_next_device
 .text.uclass_find_device_by_seq
                0x0000000000007d9a       0x54 drivers/built-in.o
                0x0000000000007d9a                uclass_find_device_by_seq
 .text.uclass_find_device_by_of_offset
                0x0000000000007dee       0x42 drivers/built-in.o
                0x0000000000007dee                uclass_find_device_by_of_offset
 .text.uclass_find_device_by_ofnode
                0x0000000000007e30       0x50 drivers/built-in.o
                0x0000000000007e30                uclass_find_device_by_ofnode
 .text.uclass_get_device_by_driver
                0x0000000000007e80       0x40 drivers/built-in.o
                0x0000000000007e80                uclass_get_device_by_driver
 .text.uclass_get_device_tail
                0x0000000000007ec0       0x16 drivers/built-in.o
                0x0000000000007ec0                uclass_get_device_tail
 .text.uclass_get_device
                0x0000000000007ed6       0x1c drivers/built-in.o
                0x0000000000007ed6                uclass_get_device
 .text.uclass_get_device_by_seq
                0x0000000000007ef2       0x32 drivers/built-in.o
                0x0000000000007ef2                uclass_get_device_by_seq
 .text.uclass_get_device_by_of_offset
                0x0000000000007f24       0x1c drivers/built-in.o
                0x0000000000007f24                uclass_get_device_by_of_offset
 .text.uclass_get_device_by_ofnode
                0x0000000000007f40       0x1c drivers/built-in.o
                0x0000000000007f40                uclass_get_device_by_ofnode
 .text.uclass_get_device_by_phandle_id
                0x0000000000007f5c       0x4e drivers/built-in.o
                0x0000000000007f5c                uclass_get_device_by_phandle_id
 .text.uclass_get_device_by_phandle
                0x0000000000007faa       0x60 drivers/built-in.o
                0x0000000000007faa                uclass_get_device_by_phandle
 .text.uclass_first_device
                0x000000000000800a       0x1e drivers/built-in.o
                0x000000000000800a                uclass_first_device
 .text.uclass_first_device_err
                0x0000000000008028       0x16 drivers/built-in.o
                0x0000000000008028                uclass_first_device_err
 .text.uclass_next_device
                0x000000000000803e       0x24 drivers/built-in.o
                0x000000000000803e                uclass_next_device
 .text.uclass_bind_device
                0x0000000000008062       0x3a drivers/built-in.o
                0x0000000000008062                uclass_bind_device
 .text.uclass_resolve_seq
                0x000000000000809c       0x52 drivers/built-in.o
                0x000000000000809c                uclass_resolve_seq
 .text.uclass_pre_probe_device
                0x00000000000080ee       0x2e drivers/built-in.o
                0x00000000000080ee                uclass_pre_probe_device
 .text.uclass_post_probe_device
                0x000000000000811c        0xe drivers/built-in.o
                0x000000000000811c                uclass_post_probe_device
 *fill*         0x000000000000812a        0x2 
 .text.dm_fdt_pre_reloc
                0x000000000000812c       0x30 drivers/built-in.o
                0x000000000000812c                dm_fdt_pre_reloc
 .text.simple_bus_post_bind
                0x000000000000815c       0x30 drivers/built-in.o
 .text.simple_bus_translate
                0x000000000000818c       0x20 drivers/built-in.o
                0x000000000000818c                simple_bus_translate
 .text.regmap_init_mem
                0x00000000000081ac       0xcc drivers/built-in.o
                0x00000000000081ac                regmap_init_mem
 .text.regmap_get_range
                0x0000000000008278       0x10 drivers/built-in.o
                0x0000000000008278                regmap_get_range
 .text.regmap_read
                0x0000000000008288        0xe drivers/built-in.o
                0x0000000000008288                regmap_read
 .text.regmap_write
                0x0000000000008296        0xc drivers/built-in.o
                0x0000000000008296                regmap_write
 .text.syscon_pre_probe
                0x00000000000082a2       0x14 drivers/built-in.o
 .text.syscon_get_regmap
                0x00000000000082b6       0x1c drivers/built-in.o
                0x00000000000082b6                syscon_get_regmap
 .text.syscon_get_by_driver_data
                0x00000000000082d2       0x42 drivers/built-in.o
                0x00000000000082d2                syscon_get_by_driver_data
 .text.syscon_get_regmap_by_driver_data
                0x0000000000008314       0x18 drivers/built-in.o
                0x0000000000008314                syscon_get_regmap_by_driver_data
 .text.syscon_get_first_range
                0x000000000000832c       0x18 drivers/built-in.o
                0x000000000000832c                syscon_get_first_range
 .text.of_find_property
                0x0000000000008344       0x34 drivers/built-in.o
                0x0000000000008344                of_find_property
 .text.of_find_property_value_of_size
                0x0000000000008378       0x2a drivers/built-in.o
 .text.of_find_all_nodes
                0x00000000000083a2       0x1c drivers/built-in.o
                0x00000000000083a2                of_find_all_nodes
 .text.of_get_property
                0x00000000000083be        0xc drivers/built-in.o
                0x00000000000083be                of_get_property
 *fill*         0x00000000000083ca        0x2 
 .text.of_n_addr_cells
                0x00000000000083cc       0x30 drivers/built-in.o
                0x00000000000083cc                of_n_addr_cells
 .text.of_n_size_cells
                0x00000000000083fc       0x30 drivers/built-in.o
                0x00000000000083fc                of_n_size_cells
 .text.of_simple_addr_cells
                0x000000000000842c       0x1c drivers/built-in.o
                0x000000000000842c                of_simple_addr_cells
 .text.of_simple_size_cells
                0x0000000000008448       0x1c drivers/built-in.o
                0x0000000000008448                of_simple_size_cells
 .text.of_device_is_compatible
                0x0000000000008464       0xa4 drivers/built-in.o
                0x0000000000008464                of_device_is_compatible
 .text.of_get_parent
                0x0000000000008508        0x6 drivers/built-in.o
                0x0000000000008508                of_get_parent
 *fill*         0x000000000000850e        0x2 
 .text.of_find_node_opts_by_path
                0x0000000000008510       0xf8 drivers/built-in.o
                0x0000000000008510                of_find_node_opts_by_path
 .text.of_find_node_by_phandle
                0x0000000000008608       0x20 drivers/built-in.o
                0x0000000000008608                of_find_node_by_phandle
 .text.of_read_u32
                0x0000000000008628       0x22 drivers/built-in.o
                0x0000000000008628                of_read_u32
 *fill*         0x000000000000864a        0x2 
 .text.__of_parse_phandle_with_args.constprop.1
                0x000000000000864c       0xdc drivers/built-in.o
 .text.of_read_u32_array
                0x0000000000008728       0x2a drivers/built-in.o
                0x0000000000008728                of_read_u32_array
 .text.of_property_match_string
                0x0000000000008752       0x54 drivers/built-in.o
                0x0000000000008752                of_property_match_string
 .text.of_property_read_string_helper
                0x00000000000087a6       0x6c drivers/built-in.o
                0x00000000000087a6                of_property_read_string_helper
 .text.of_parse_phandle_with_args
                0x0000000000008812       0x14 drivers/built-in.o
                0x0000000000008812                of_parse_phandle_with_args
 .text.of_count_phandle_with_args
                0x0000000000008826       0x14 drivers/built-in.o
                0x0000000000008826                of_count_phandle_with_args
 *fill*         0x000000000000883a        0x2 
 .text.of_alias_get_id
                0x000000000000883c       0x34 drivers/built-in.o
                0x000000000000883c                of_alias_get_id
 .text.of_bus_default_map
                0x0000000000008870       0xa6 drivers/built-in.o
 .text.of_bus_default_get_flags
                0x0000000000008916        0x6 drivers/built-in.o
 .text.of_bus_default_count_cells
                0x000000000000891c       0x1c drivers/built-in.o
 .text.of_match_bus
                0x0000000000008938       0x38 drivers/built-in.o
 .text.of_bus_default_translate
                0x0000000000008970       0x78 drivers/built-in.o
 .text.of_get_address
                0x00000000000089e8       0xd8 drivers/built-in.o
                0x00000000000089e8                of_get_address
 .text.of_translate_address
                0x0000000000008ac0      0x15c drivers/built-in.o
                0x0000000000008ac0                of_translate_address
 .text.of_address_to_resource
                0x0000000000008c1c       0x84 drivers/built-in.o
                0x0000000000008c1c                of_address_to_resource
 .text.dev_read_u32_default
                0x0000000000008ca0        0xa drivers/built-in.o
                0x0000000000008ca0                dev_read_u32_default
 .text.dev_read_bool
                0x0000000000008caa        0xa drivers/built-in.o
                0x0000000000008caa                dev_read_bool
 .text.dev_read_first_subnode
                0x0000000000008cb4        0xa drivers/built-in.o
                0x0000000000008cb4                dev_read_first_subnode
 .text.dev_read_size
                0x0000000000008cbe        0xa drivers/built-in.o
                0x0000000000008cbe                dev_read_size
 .text.dev_read_addr_index
                0x0000000000008cc8       0x2c drivers/built-in.o
                0x0000000000008cc8                dev_read_addr_index
 .text.dev_read_addr
                0x0000000000008cf4        0x6 drivers/built-in.o
                0x0000000000008cf4                dev_read_addr
 .text.dev_read_addr_ptr
                0x0000000000008cfa       0x10 drivers/built-in.o
                0x0000000000008cfa                dev_read_addr_ptr
 .text.dev_read_addr_size
                0x0000000000008d0a        0xa drivers/built-in.o
                0x0000000000008d0a                dev_read_addr_size
 .text.dev_read_stringlist_search
                0x0000000000008d14        0xa drivers/built-in.o
                0x0000000000008d14                dev_read_stringlist_search
 .text.dev_read_phandle_with_args
                0x0000000000008d1e       0x14 drivers/built-in.o
                0x0000000000008d1e                dev_read_phandle_with_args
 .text.dev_count_phandle_with_args
                0x0000000000008d32        0xa drivers/built-in.o
                0x0000000000008d32                dev_count_phandle_with_args
 .text.dev_read_simple_addr_cells
                0x0000000000008d3c        0xa drivers/built-in.o
                0x0000000000008d3c                dev_read_simple_addr_cells
 .text.dev_read_simple_size_cells
                0x0000000000008d46        0xa drivers/built-in.o
                0x0000000000008d46                dev_read_simple_size_cells
 .text.dev_read_phandle
                0x0000000000008d50       0x26 drivers/built-in.o
                0x0000000000008d50                dev_read_phandle
 .text.dev_read_prop
                0x0000000000008d76        0xa drivers/built-in.o
                0x0000000000008d76                dev_read_prop
 .text.dev_read_alias_seq
                0x0000000000008d80       0x42 drivers/built-in.o
                0x0000000000008d80                dev_read_alias_seq
 .text.dev_read_u32_array
                0x0000000000008dc2       0x24 drivers/built-in.o
                0x0000000000008dc2                dev_read_u32_array
 .text.ofnode_read_u32
                0x0000000000008de6       0x52 drivers/built-in.o
                0x0000000000008de6                ofnode_read_u32
 .text.ofnode_read_u32_default
                0x0000000000008e38       0x1a drivers/built-in.o
                0x0000000000008e38                ofnode_read_u32_default
 .text.ofnode_read_string
                0x0000000000008e52       0x62 drivers/built-in.o
                0x0000000000008e52                ofnode_read_string
 .text.ofnode_read_u32_array
                0x0000000000008eb4       0x3e drivers/built-in.o
                0x0000000000008eb4                ofnode_read_u32_array
 .text.ofnode_first_subnode
                0x0000000000008ef2       0x38 drivers/built-in.o
                0x0000000000008ef2                ofnode_first_subnode
 .text.ofnode_next_subnode
                0x0000000000008f2a       0x38 drivers/built-in.o
                0x0000000000008f2a                ofnode_next_subnode
 .text.ofnode_get_name
                0x0000000000008f62       0x4a drivers/built-in.o
                0x0000000000008f62                ofnode_get_name
 .text.ofnode_get_by_phandle
                0x0000000000008fac       0x1a drivers/built-in.o
                0x0000000000008fac                ofnode_get_by_phandle
 .text.ofnode_read_size
                0x0000000000008fc6       0x46 drivers/built-in.o
                0x0000000000008fc6                ofnode_read_size
 .text.ofnode_get_addr_index
                0x000000000000900c       0x60 drivers/built-in.o
                0x000000000000900c                ofnode_get_addr_index
 .text.ofnode_stringlist_search
                0x000000000000906c       0x46 drivers/built-in.o
                0x000000000000906c                ofnode_stringlist_search
 .text.ofnode_parse_phandle_with_args
                0x00000000000090b2       0x74 drivers/built-in.o
                0x00000000000090b2                ofnode_parse_phandle_with_args
 .text.ofnode_count_phandle_with_args
                0x0000000000009126       0x46 drivers/built-in.o
                0x0000000000009126                ofnode_count_phandle_with_args
 .text.ofnode_path
                0x000000000000916c       0x26 drivers/built-in.o
                0x000000000000916c                ofnode_path
 .text.ofnode_get_property
                0x0000000000009192       0x32 drivers/built-in.o
                0x0000000000009192                ofnode_get_property
 .text.ofnode_read_bool
                0x00000000000091c4       0x14 drivers/built-in.o
                0x00000000000091c4                ofnode_read_bool
 .text.ofnode_get_addr_size
                0x00000000000091d8       0x8e drivers/built-in.o
                0x00000000000091d8                ofnode_get_addr_size
 .text.ofnode_read_simple_addr_cells
                0x0000000000009266       0x28 drivers/built-in.o
                0x0000000000009266                ofnode_read_simple_addr_cells
 .text.ofnode_read_simple_size_cells
                0x000000000000928e       0x28 drivers/built-in.o
                0x000000000000928e                ofnode_read_simple_size_cells
 *fill*         0x00000000000092b6        0x2 
 .text.ofnode_pre_reloc
                0x00000000000092b8       0x24 drivers/built-in.o
                0x00000000000092b8                ofnode_pre_reloc
 .text.crypto_algo_nbits
                0x00000000000092dc       0x94 drivers/built-in.o
                0x00000000000092dc                crypto_algo_nbits
 .text.crypto_get_device
                0x0000000000009370       0x40 drivers/built-in.o
                0x0000000000009370                crypto_get_device
 .text.crypto_sha_init
                0x00000000000093b0       0x1c drivers/built-in.o
                0x00000000000093b0                crypto_sha_init
 .text.crypto_sha_update
                0x00000000000093cc       0x1e drivers/built-in.o
                0x00000000000093cc                crypto_sha_update
 *fill*         0x00000000000093ea        0x2 
 .text.crypto_sha_final
                0x00000000000093ec       0x80 drivers/built-in.o
                0x00000000000093ec                crypto_sha_final
 .text.crypto_sha_csum
                0x000000000000946c       0x32 drivers/built-in.o
                0x000000000000946c                crypto_sha_csum
 .text.mod_exp_sw
                0x000000000000949e        0xc drivers/built-in.o
                0x000000000000949e                mod_exp_sw
 *fill*         0x00000000000094aa        0x2 
 .text.crypto_v3_dynamic_cap
                0x00000000000094ac       0x40 drivers/built-in.o
 .text.hw_hash_clean_ctx
                0x00000000000094ec       0x2c drivers/built-in.o
 .text.rockchip_crypto_capability
                0x0000000000009518       0x14 drivers/built-in.o
 .text.rk_crypto_do_enable_clk
                0x000000000000952c       0x70 drivers/built-in.o
 .text.rk_crypto_disable_clk
                0x000000000000959c        0x6 drivers/built-in.o
 .text.rockchip_crypto_rsa_verify
                0x00000000000095a2       0xec drivers/built-in.o
 *fill*         0x000000000000968e        0x2 
 .text.rk_hash_direct_calc
                0x0000000000009690       0xec drivers/built-in.o
 .text.rockchip_crypto_ofdata_to_platdata
                0x000000000000977c       0xc0 drivers/built-in.o
 .text.rockchip_crypto_probe
                0x000000000000983c       0xe0 drivers/built-in.o
 .text.rockchip_crypto_sha_init
                0x000000000000991c      0x144 drivers/built-in.o
 .text.rk_hash_update
                0x0000000000009a60       0x30 drivers/built-in.o
                0x0000000000009a60                rk_hash_update
 .text.rockchip_crypto_sha_update
                0x0000000000009a90       0x60 drivers/built-in.o
 .text.rk_hash_final
                0x0000000000009af0       0xe8 drivers/built-in.o
                0x0000000000009af0                rk_hash_final
 .text.rockchip_crypto_sha_final
                0x0000000000009bd8       0x48 drivers/built-in.o
 .text.crypto_flush_cacheline
                0x0000000000009c20       0x1c drivers/built-in.o
                0x0000000000009c20                crypto_flush_cacheline
 .text.crypto_hash_cache_alloc
                0x0000000000009c3c       0x36 drivers/built-in.o
                0x0000000000009c3c                crypto_hash_cache_alloc
 .text.crypto_hash_cache_free
                0x0000000000009c72        0x2 drivers/built-in.o
                0x0000000000009c72                crypto_hash_cache_free
 .text.crypto_hash_update_with_cache
                0x0000000000009c74      0x12c drivers/built-in.o
                0x0000000000009c74                crypto_hash_update_with_cache
 .text.mpa_highest_bit_index
                0x0000000000009da0       0x40 drivers/built-in.o
 .text.rk_check_size
                0x0000000000009de0       0x16 drivers/built-in.o
 *fill*         0x0000000000009df6        0x2 
 .text.rk_pka_ram_ctrl_enable
                0x0000000000009df8       0x18 drivers/built-in.o
                0x0000000000009df8                rk_pka_ram_ctrl_enable
 .text.rk_pka_ram_ctrl_disable
                0x0000000000009e10       0x18 drivers/built-in.o
                0x0000000000009e10                rk_pka_ram_ctrl_disable
 .text.rk_pka_wait_on_ram_ready
                0x0000000000009e28       0x18 drivers/built-in.o
                0x0000000000009e28                rk_pka_wait_on_ram_ready
 .text.rk_pka_wait_on_pipe_ready
                0x0000000000009e40       0x18 drivers/built-in.o
                0x0000000000009e40                rk_pka_wait_on_pipe_ready
 .text.rk_pka_wait_on_done
                0x0000000000009e58       0x18 drivers/built-in.o
                0x0000000000009e58                rk_pka_wait_on_done
 .text.rk_pka_get_status_div_byzero
                0x0000000000009e70       0x20 drivers/built-in.o
                0x0000000000009e70                rk_pka_get_status_div_byzero
 .text.rk_pka_read_regsize
                0x0000000000009e90       0x20 drivers/built-in.o
                0x0000000000009e90                rk_pka_read_regsize
 .text.rk_pka_get_regaddr
                0x0000000000009eb0       0x18 drivers/built-in.o
                0x0000000000009eb0                rk_pka_get_regaddr
 .text.rk_pka_read_regaddr
                0x0000000000009ec8       0x20 drivers/built-in.o
                0x0000000000009ec8                rk_pka_read_regaddr
 .text.rk_pka_make_full_opcode
                0x0000000000009ee8       0x4e drivers/built-in.o
                0x0000000000009ee8                rk_pka_make_full_opcode
 *fill*         0x0000000000009f36        0x2 
 .text.rk_pka_hw_load_block2pka_mem
                0x0000000000009f38       0x28 drivers/built-in.o
                0x0000000000009f38                rk_pka_hw_load_block2pka_mem
 .text.rk_pka_hw_clear_pka_mem
                0x0000000000009f60       0x28 drivers/built-in.o
                0x0000000000009f60                rk_pka_hw_clear_pka_mem
 .text.rk_pka_hw_read_block_from_pka_mem
                0x0000000000009f88       0x2c drivers/built-in.o
                0x0000000000009f88                rk_pka_hw_read_block_from_pka_mem
 .text.rk_pka_exec_operation
                0x0000000000009fb4       0x70 drivers/built-in.o
                0x0000000000009fb4                rk_pka_exec_operation
 .text.rk_pka_set_sizes_tab
                0x000000000000a024       0x74 drivers/built-in.o
                0x000000000000a024                rk_pka_set_sizes_tab
 .text.rk_pka_set_map_tab
                0x000000000000a098       0xb4 drivers/built-in.o
                0x000000000000a098                rk_pka_set_map_tab
 .text.rk_pka_clear_block_of_regs
                0x000000000000a14c       0x90 drivers/built-in.o
                0x000000000000a14c                rk_pka_clear_block_of_regs
 .text.rk_pka_init
                0x000000000000a1dc       0x78 drivers/built-in.o
                0x000000000000a1dc                rk_pka_init
 .text.rk_pka_finish
                0x000000000000a254       0x1e drivers/built-in.o
                0x000000000000a254                rk_pka_finish
 .text.rk_pka_copy_data_into_reg
                0x000000000000a272       0x58 drivers/built-in.o
                0x000000000000a272                rk_pka_copy_data_into_reg
 *fill*         0x000000000000a2ca        0x2 
 .text.rk_pka_copy_data_from_reg
                0x000000000000a2cc       0x34 drivers/built-in.o
                0x000000000000a2cc                rk_pka_copy_data_from_reg
 .text.rk_pka_div_long_num
                0x000000000000a300       0xf2 drivers/built-in.o
                0x000000000000a300                rk_pka_div_long_num
 .text.rk_pka_calcNp_and_initmodop
                0x000000000000a3f2       0xb6 drivers/built-in.o
                0x000000000000a3f2                rk_pka_calcNp_and_initmodop
 .text.rk_calcNp_and_initmodop
                0x000000000000a4a8       0x4e drivers/built-in.o
                0x000000000000a4a8                rk_calcNp_and_initmodop
 .text.rk_mpa_alloc
                0x000000000000a4f6       0x72 drivers/built-in.o
                0x000000000000a4f6                rk_mpa_alloc
 .text.rk_mpa_free
                0x000000000000a568        0x2 drivers/built-in.o
                0x000000000000a568                rk_mpa_free
 .text.rk_mod   0x000000000000a56a       0xd4 drivers/built-in.o
                0x000000000000a56a                rk_mod
 *fill*         0x000000000000a63e        0x2 
 .text.rk_exptmod_np
                0x000000000000a640      0x1b8 drivers/built-in.o
                0x000000000000a640                rk_exptmod_np
 .text.util_word_memcpy
                0x000000000000a7f8       0x16 drivers/built-in.o
                0x000000000000a7f8                util_word_memcpy
 .text.util_word_memset
                0x000000000000a80e       0x10 drivers/built-in.o
                0x000000000000a80e                util_word_memset
 .text.misc_read
                0x000000000000a81e       0x18 drivers/built-in.o
                0x000000000000a81e                misc_read
 .text.misc_ioctl
                0x000000000000a836       0x10 drivers/built-in.o
                0x000000000000a836                misc_ioctl
 .text.misc_get_device_by_capability
                0x000000000000a846       0x4a drivers/built-in.o
                0x000000000000a846                misc_get_device_by_capability
 .text.misc_otp_get_device
                0x000000000000a890        0x4 drivers/built-in.o
                0x000000000000a890                misc_otp_get_device
 .text.misc_otp_read
                0x000000000000a894        0x4 drivers/built-in.o
                0x000000000000a894                misc_otp_read
 .text.misc_decompress_finish.isra.1
                0x000000000000a898       0x3c drivers/built-in.o
 .text.misc_decompress_async
                0x000000000000a8d4       0x24 drivers/built-in.o
                0x000000000000a8d4                misc_decompress_async
 .text.misc_decompress_sync
                0x000000000000a8f8       0x24 drivers/built-in.o
                0x000000000000a8f8                misc_decompress_sync
 .text.misc_decompress_cleanup
                0x000000000000a91c       0x7c drivers/built-in.o
                0x000000000000a91c                misc_decompress_cleanup
 .text.misc_decompress_process
                0x000000000000a998      0x200 drivers/built-in.o
                0x000000000000a998                misc_decompress_process
 .text.rockchip_otp_probe
                0x000000000000ab98       0x20 drivers/built-in.o
 .text.rockchip_otp_read
                0x000000000000abb8       0x2c drivers/built-in.o
 .text.rockchip_otp_ofdata_to_platdata
                0x000000000000abe4       0x16 drivers/built-in.o
 *fill*         0x000000000000abfa        0x2 
 .text.rockchip_rv1126_otp_read
                0x000000000000abfc       0x8c drivers/built-in.o
 .text.rockchip_rv1126_otp_init
                0x000000000000ac88       0x98 drivers/built-in.o
 .text.rockchip_rk3588_otp_read
                0x000000000000ad20      0x114 drivers/built-in.o
 .text.rk3308bs_otp_wait_status.isra.0
                0x000000000000ae34       0x48 drivers/built-in.o
 .text.rockchip_rk3308bs_otp_read
                0x000000000000ae7c      0x1a0 drivers/built-in.o
 .text.rockchip_otp_wait_status.isra.2
                0x000000000000b01c       0x48 drivers/built-in.o
 .text.rockchip_otp_ecc_enable
                0x000000000000b064       0x70 drivers/built-in.o
 .text.rockchip_rk3568_otp_read
                0x000000000000b0d4      0x10c drivers/built-in.o
 .text.rockchip_px30_otp_read
                0x000000000000b1e0       0xb0 drivers/built-in.o
 .text.rockchip_secure_otp_ioctl
                0x000000000000b290       0x14 drivers/built-in.o
 .text.rockchip_secure_otp_read
                0x000000000000b2a4       0xbc drivers/built-in.o
 .text.rockchip_secure_otp_ofdata_to_platdata
                0x000000000000b360       0x28 drivers/built-in.o
 .text.rockchip_secure_otp_write
                0x000000000000b388      0x128 drivers/built-in.o
 .text.rockchip_decom_ioctl
                0x000000000000b4b0      0x10c drivers/built-in.o
 .text.rockchip_decom_ofdata_to_platdata
                0x000000000000b5bc       0x30 drivers/built-in.o
 .text.rockchip_decom_probe
                0x000000000000b5ec       0x3c drivers/built-in.o
 .text.sysreset_request
                0x000000000000b628       0x10 drivers/built-in.o
                0x000000000000b628                sysreset_request
 .text.sysreset_walk
                0x000000000000b638       0x3e drivers/built-in.o
                0x000000000000b638                sysreset_walk
 .text.sysreset_walk_halt
                0x000000000000b676       0x1e drivers/built-in.o
                0x000000000000b676                sysreset_walk_halt
 .text.reboot   0x000000000000b694       0x32 drivers/built-in.o
                0x000000000000b694                reboot
 .text.do_reset
                0x000000000000b6c6        0xe drivers/built-in.o
                0x000000000000b6c6                do_reset
 .text.rockchip_sysreset_request
                0x000000000000b6d4       0x42 drivers/built-in.o
                0x000000000000b6d4                rockchip_sysreset_request
 *fill*         0x000000000000b716        0x2 
 .text.psci_probe
                0x000000000000b718       0x68 drivers/built-in.o
 .text.__invoke_psci_fn_smc
                0x000000000000b780       0x1e drivers/built-in.o
 .text.__invoke_psci_fn_hvc
                0x000000000000b79e       0x1e drivers/built-in.o
 .text.psci_bind
                0x000000000000b7bc       0x38 drivers/built-in.o
 .text.mmc_send_op_cond_iter
                0x000000000000b7f4       0x44 drivers/built-in.o
 .text.mmc_read_blocks
                0x000000000000b838       0x70 drivers/built-in.o
 .text.mmc_go_idle
                0x000000000000b8a8       0x32 drivers/built-in.o
 .text.mmc_set_capacity
                0x000000000000b8da       0x6e drivers/built-in.o
 .text.mmc_send_ext_csd
                0x000000000000b948       0x40 drivers/built-in.o
 .text.__mmc_switch.isra.3
                0x000000000000b988       0xc0 drivers/built-in.o
 .text.mmc_switch_to_hs400
                0x000000000000ba48       0x2a drivers/built-in.o
 *fill*         0x000000000000ba72        0x2 
 .text.mmc_select_bus_width
                0x000000000000ba74       0xe0 drivers/built-in.o
 .text.mmc_send_status
                0x000000000000bb54       0x84 drivers/built-in.o
                0x000000000000bb54                mmc_send_status
 .text.mmc_set_blocklen
                0x000000000000bbd8       0x30 drivers/built-in.o
                0x000000000000bbd8                mmc_set_blocklen
 .text.mmc_set_clock
                0x000000000000bc08       0x1c drivers/built-in.o
                0x000000000000bc08                mmc_set_clock
 .text.mmc_set_bus_speed
                0x000000000000bc24       0x3c drivers/built-in.o
 .text.mmc_startup
                0x000000000000bc60      0x9f8 drivers/built-in.o
 .text.mmc_send_tuning
                0x000000000000c658       0x78 drivers/built-in.o
                0x000000000000c658                mmc_send_tuning
 .text.mmc_switch_part
                0x000000000000c6d0       0x40 drivers/built-in.o
                0x000000000000c6d0                mmc_switch_part
 .text.mmc_start_init
                0x000000000000c710      0x170 drivers/built-in.o
                0x000000000000c710                mmc_start_init
 .text.mmc_init
                0x000000000000c880       0xc8 drivers/built-in.o
                0x000000000000c880                mmc_init
 .text.mmc_bread
                0x000000000000c948       0xc4 drivers/built-in.o
                0x000000000000c948                mmc_bread
 .text.mmc_initialize
                0x000000000000ca0c       0x18 drivers/built-in.o
                0x000000000000ca0c                mmc_initialize
 .text.mmc_blk_probe
                0x000000000000ca24       0x14 drivers/built-in.o
 .text.mmc_card_busy
                0x000000000000ca38       0x12 drivers/built-in.o
                0x000000000000ca38                mmc_card_busy
 .text.mmc_can_card_busy
                0x000000000000ca4a       0x12 drivers/built-in.o
                0x000000000000ca4a                mmc_can_card_busy
 .text.dm_mmc_set_ios
                0x000000000000ca5c       0x10 drivers/built-in.o
                0x000000000000ca5c                dm_mmc_set_ios
 .text.mmc_set_ios
                0x000000000000ca6c        0x8 drivers/built-in.o
                0x000000000000ca6c                mmc_set_ios
 .text.dm_mmc_get_cd
                0x000000000000ca74       0x10 drivers/built-in.o
                0x000000000000ca74                dm_mmc_get_cd
 .text.mmc_getcd
                0x000000000000ca84        0x8 drivers/built-in.o
                0x000000000000ca84                mmc_getcd
 .text.mmc_set_enhanced_strobe
                0x000000000000ca8c       0x18 drivers/built-in.o
                0x000000000000ca8c                mmc_set_enhanced_strobe
 .text.mmc_get_mmc_dev
                0x000000000000caa4       0x16 drivers/built-in.o
                0x000000000000caa4                mmc_get_mmc_dev
 *fill*         0x000000000000caba        0x2 
 .text.dm_mmc_send_cmd
                0x000000000000cabc       0x78 drivers/built-in.o
                0x000000000000cabc                dm_mmc_send_cmd
 .text.mmc_send_cmd
                0x000000000000cb34        0x8 drivers/built-in.o
                0x000000000000cb34                mmc_send_cmd
 .text.mmc_select_hwpart
                0x000000000000cb3c       0x3a drivers/built-in.o
 *fill*         0x000000000000cb76        0x2 
 .text.find_mmc_device
                0x000000000000cb78       0x30 drivers/built-in.o
                0x000000000000cb78                find_mmc_device
 .text.mmc_get_blk_desc
                0x000000000000cba8       0x1a drivers/built-in.o
                0x000000000000cba8                mmc_get_blk_desc
 .text.mmc_do_preinit
                0x000000000000cbc2       0x38 drivers/built-in.o
                0x000000000000cbc2                mmc_do_preinit
 *fill*         0x000000000000cbfa        0x2 
 .text.mmc_bind
                0x000000000000cbfc       0x74 drivers/built-in.o
                0x000000000000cbfc                mmc_bind
 .text.mmc_erase_t
                0x000000000000cc70       0x94 drivers/built-in.o
 .text.mmc_write_blocks
                0x000000000000cd04       0xbc drivers/built-in.o
 .text.mmc_berase
                0x000000000000cdc0       0xd8 drivers/built-in.o
                0x000000000000cdc0                mmc_berase
 .text.mmc_bwrite
                0x000000000000ce98       0x80 drivers/built-in.o
                0x000000000000ce98                mmc_bwrite
 .text.dwmci_execute_tuning
                0x000000000000cf18       0x1c drivers/built-in.o
 .text.dwmci_card_busy
                0x000000000000cf34       0x16 drivers/built-in.o
 *fill*         0x000000000000cf4a        0x2 
 .text.dwmci_get_cd
                0x000000000000cf4c       0x38 drivers/built-in.o
 .text.dwmci_wait_reset.isra.0
                0x000000000000cf84       0x24 drivers/built-in.o
 .text.dwmci_setup_bus.part.2
                0x000000000000cfa8       0x9c drivers/built-in.o
 .text.dwmci_set_ios
                0x000000000000d044       0x62 drivers/built-in.o
 .text.dwmci_memcpy_fromio
                0x000000000000d0a6       0x4a drivers/built-in.o
                0x000000000000d0a6                dwmci_memcpy_fromio
 .text.dwmci_memcpy_toio
                0x000000000000d0f0       0x4a drivers/built-in.o
                0x000000000000d0f0                dwmci_memcpy_toio
 *fill*         0x000000000000d13a        0x2 
 .text.dwmci_send_cmd
                0x000000000000d13c      0x48c drivers/built-in.o
 .text.dwmci_probe
                0x000000000000d5c8       0xf8 drivers/built-in.o
                0x000000000000d5c8                dwmci_probe
 .text.dwmci_setup_cfg
                0x000000000000d6c0       0x58 drivers/built-in.o
                0x000000000000d6c0                dwmci_setup_cfg
 .text.dwmci_bind
                0x000000000000d718        0x4 drivers/built-in.o
                0x000000000000d718                dwmci_bind
 .text.rockchip_dwmmc_ofdata_to_platdata
                0x000000000000d71c       0xa8 drivers/built-in.o
 .text.rockchip_dwmmc_get_mmc_clk
                0x000000000000d7c4       0x2c drivers/built-in.o
 .text.rockchip_dwmmc_execute_tuning
                0x000000000000d7f0       0xa0 drivers/built-in.o
 .text.rockchip_dwmmc_bind
                0x000000000000d890       0x18 drivers/built-in.o
 .text.mmc_gpio_init_direct
                0x000000000000d8a8        0x2 drivers/built-in.o
                0x000000000000d8a8                mmc_gpio_init_direct
 *fill*         0x000000000000d8aa        0x2 
 .text.rockchip_dwmmc_probe
                0x000000000000d8ac       0xc4 drivers/built-in.o
 .text.rockchip_nand_wait_dev_ready
                0x000000000000d970       0x1e drivers/built-in.o
 *fill*         0x000000000000d98e        0x2 
 .text.rockchip_nandc_bind
                0x000000000000d990       0x3c drivers/built-in.o
 .text.rockchip_nandc_probe
                0x000000000000d9cc      0x294 drivers/built-in.o
 .text.nandc_read_page
                0x000000000000dc60      0x190 drivers/built-in.o
 .text.spl_nand_read_page
                0x000000000000ddf0       0xb0 drivers/built-in.o
 .text.spl_nand_block_isbad
                0x000000000000dea0       0xe0 drivers/built-in.o
 .text.nand_spl_load_image
                0x000000000000df80        0x6 drivers/built-in.o
                0x000000000000df80                nand_spl_load_image
 .text.nand_init
                0x000000000000df86        0x2 drivers/built-in.o
                0x000000000000df86                nand_init
 .text.nand_deselect
                0x000000000000df88        0x2 drivers/built-in.o
                0x000000000000df88                nand_deselect
 *fill*         0x000000000000df8a        0x2 
 .text.pinconfig_post_bind
                0x000000000000df8c       0x88 drivers/built-in.o
 .text.pinctrl_post_bind
                0x000000000000e014       0x18 drivers/built-in.o
 .text.pinctrl_select_state
                0x000000000000e02c       0xcc drivers/built-in.o
                0x000000000000e02c                pinctrl_select_state
 .text.rockchip_get_recalced_mux
                0x000000000000e0f8       0x98 drivers/built-in.o
                0x000000000000e144                rockchip_get_recalced_mux
 .text.px30_calc_pull_reg_and_bit
                0x000000000000e190       0x48 drivers/built-in.o
 .text.px30_calc_drv_reg_and_bit
                0x000000000000e1d8       0x48 drivers/built-in.o
 .text.px30_calc_schmitt_reg_and_bit
                0x000000000000e220       0x4a drivers/built-in.o
 .text.rv1108_calc_pull_reg_and_bit
                0x000000000000e26a       0x4a drivers/built-in.o
 .text.rv1108_calc_drv_reg_and_bit
                0x000000000000e2b4       0x4a drivers/built-in.o
 .text.rv1108_calc_schmitt_reg_and_bit
                0x000000000000e2fe       0x4e drivers/built-in.o
 .text.rv1126_calc_pull_reg_and_bit
                0x000000000000e34c       0x74 drivers/built-in.o
 .text.rv1126_calc_drv_reg_and_bit
                0x000000000000e3c0       0x70 drivers/built-in.o
 .text.rv1126_calc_schmitt_reg_and_bit
                0x000000000000e430       0x74 drivers/built-in.o
 .text.rk1808_calc_pull_reg_and_bit
                0x000000000000e4a4       0x42 drivers/built-in.o
 .text.rk1808_calc_drv_reg_and_bit
                0x000000000000e4e6       0x42 drivers/built-in.o
 .text.rk1808_calc_schmitt_reg_and_bit
                0x000000000000e528       0x4a drivers/built-in.o
 .text.rk3128_calc_pull_reg_and_bit
                0x000000000000e572       0x3a drivers/built-in.o
 .text.rk2928_calc_pull_reg_and_bit
                0x000000000000e5ac        0x4 drivers/built-in.o
 .text.rk3188_calc_pull_reg_and_bit
                0x000000000000e5b0       0x68 drivers/built-in.o
 .text.rk3288_calc_pull_reg_and_bit
                0x000000000000e618       0x52 drivers/built-in.o
 .text.rk3288_calc_drv_reg_and_bit
                0x000000000000e66a       0x52 drivers/built-in.o
 .text.rk3228_calc_drv_reg_and_bit
                0x000000000000e6bc       0x3a drivers/built-in.o
 .text.rk3308_calc_pull_reg_and_bit
                0x000000000000e6f6       0x3a drivers/built-in.o
 .text.rk3308_calc_drv_reg_and_bit
                0x000000000000e730       0x3a drivers/built-in.o
 .text.rk3228_calc_pull_reg_and_bit
                0x000000000000e76a        0x4 drivers/built-in.o
 .text.rk3308_calc_schmitt_reg_and_bit
                0x000000000000e76e       0x3a drivers/built-in.o
 .text.rk3368_calc_pull_reg_and_bit
                0x000000000000e7a8       0x52 drivers/built-in.o
 .text.rk3368_calc_drv_reg_and_bit
                0x000000000000e7fa       0x52 drivers/built-in.o
 .text.rk3399_calc_pull_reg_and_bit
                0x000000000000e84c       0x4a drivers/built-in.o
 .text.rk3399_calc_drv_reg_and_bit
                0x000000000000e896       0x50 drivers/built-in.o
 .text.rk3328_calc_schmitt_reg_and_bit
                0x000000000000e8e6       0x3c drivers/built-in.o
 .text.px30_calc_slew_rate_reg_and_bit
                0x000000000000e922       0x4a drivers/built-in.o
 .text.rockchip_pinctrl_get_pins_count
                0x000000000000e96c       0x18 drivers/built-in.o
 .text.rockchip_pinctrl_get_gpio_mux
                0x000000000000e984      0x1b0 drivers/built-in.o
 .text.rockchip_set_pull
                0x000000000000eb34       0xe0 drivers/built-in.o
 .text.rockchip_pinctrl_probe
                0x000000000000ec14      0x3c0 drivers/built-in.o
                0x000000000000edf8                rockchip_pinctrl_probe
 .text.rockchip_pinctrl_set_state
                0x000000000000efd4      0x74c drivers/built-in.o
 .text.rockchip_get_mux_data
                0x000000000000f720       0x70 drivers/built-in.o
                0x000000000000f720                rockchip_get_mux_data
 .text.rockchip_translate_pull_value
                0x000000000000f790       0x20 drivers/built-in.o
                0x000000000000f790                rockchip_translate_pull_value
 .text.rv1126_set_schmitt