mmc.c:92:20:init_mmc_device	16	static
mmc.c:511:12:do_mmc_rescan	8	static
mmc.c:377:12:do_mmcrpmb	40	static
mmc.c:967:12:do_mmcops	32	static
mmc.c:541:12:do_mmc_dev	24	static
mmc.c:358:12:do_mmcrpmb_counter	16	static
mmc.c:332:12:do_mmcrpmb_write	40	static
mmc.c:304:12:do_mmcrpmb_read	48	static
mmc.c:286:12:do_mmcrpmb_key	16	static
mmc.c:168:12:do_mmc_testefuse	48	static
mmc.c:129:12:do_mmc_test_secure_storage	24	static
mmc.c:657:12:do_mmc_hwpartition	96	static
mmc.c:582:12:do_mmc_list	8	static
mmc.c:522:12:do_mmc_part	8	static
mmc.c:483:12:do_mmc_erase	24	static
mmc.c:453:12:do_mmc_write	24	static
mmc.c:427:12:do_mmc_read	24	static
mmc.c:107:12:do_mmcinfo	88	static
mmc.c:885:12:do_mmc_setdsr	16	static
mmc.c:187:5:init_rpmb	8	static
mmc.c:229:5:finish_rpmb	8	static
mmc.c:240:5:do_readcounter	8	static
mmc.c:247:5:do_programkey	8	static
mmc.c:254:5:do_authenticatedread	16	static
mmc.c:261:5:do_authenticatedwrite	8	static
mmc.c:268:13:do_returnmmc	0	static
