fg_rk817.c:262:12:interpolate	24	static
fg_rk817.c:308:12:rk817_bat_read.isra.0	0	static
fg_rk817.c:418:12:rk817_bat_get_avg_current	16	static
fg_rk817.c:911:12:rk817_bat_update_get_current	8	static
fg_rk817.c:403:12:rk817_bat_get_battery_voltage	16	static
fg_rk817.c:901:12:rk817_bat_update_get_voltage	8	static
fg_rk817.c:387:12:rk817_bat_get_sys_voltage	16	static
fg_rk817.c:371:12:rk817_bat_get_USB_voltage	16	static
fg_rk817.c:339:13:rk817_bat_init_voltage_kb	16	static
fg_rk817.c:356:12:rk817_bat_get_pwron_voltage	16	static
fg_rk817.c:606:12:rk817_bat_get_prev_dsoc	16	static
fg_rk817.c:617:12:rk817_bat_get_prev_cap	16	static
fg_rk817.c:966:12:rk817_bat_get_charger_type	16	static
fg_rk817.c:502:12:rk817_bat_get_capacity_uah	16	static
fg_rk817.c:555:12:rk817_bat_get_rsoc	8	static
fg_rk817.c:1102:13:rk817_bat_debug_info	0	static
fg_rk817.c:1199:12:rk817_is_bat_exist	8	static
fg_rk817.c:1209:12:rk817_bat_bat_is_exist	8	static
fg_rk817.c:1225:12:rk817_fg_ofdata_to_platdata	32	static
fg_rk817.c:313:13:rk817_bat_write.isra.5	0	static
fg_rk817.c:994:13:rk817_bat_set_input_current	16	static
fg_rk817.c:775:13:rk817_bat_set_initialized_flag	8	static
fg_rk817.c:468:13:rk817_bat_init_coulomb_cap	40	static
fg_rk817.c:533:13:rk817_bat_save_cap	16	static
fg_rk817.c:679:13:rk817_bat_save_fcc	16	static
fg_rk817.c:729:13:rk817_bat_inc_halt_cnt	8	static
fg_rk817.c:447:13:rk817_bat_calibration	16	static
fg_rk817.c:592:13:rk817_bat_save_dsoc.part.7	16	static
fg_rk817.c:1016:13:rk817_bat_charger_setting	16	static
fg_rk817.c:1173:12:rk817_bat_update_get_soc	40	static
fg_rk817.c:578:12:rk817_bat_vol_to_cap	8	static
fg_rk817.c:518:12:rk817_bat_get_capacity_mah	16	static
fg_rk817.c:1369:12:rk817_fg_probe	32	static
fg_rk817.c:933:13:rk817_bat_update_get_chrg_online	8	static
