log.h:320:19:log_init	0	static
board_f.c:243:12:setup_mon_len	0	static
board_f.c:343:12:reserve_round_4k	0	static
board_f.c:350:12:reserve_mmu	0	static
board_f.c:420:12:reserve_uboot	0	static
board_f.c:442:12:reserve_malloc	0	static
board_f.c:451:12:reserve_noncached	0	static
board_f.c:488:12:reserve_global_data	0	static
board_f.c:497:12:reserve_fdt	0	static
board_f.c:781:12:initf_console_record	0	static
board_f.c:816:12:arch_cpu_init_dm	0	static
board_f.c:209:12:dram_init_banksize	8	static
board_f.c:635:12:reloc_fdt	8	static
board_f.c:151:12:announce_serial	8	static
board_f.c:670:12:setup_reloc	8	static
board_f.c:168:12:announce_dram_init	8	static
board_f.c:468:12:reserve_board	8	static
board_f.c:377:12:reserve_video	16	static
board_f.c:120:12:init_baud_rate	8	static
board_f.c:790:12:initf_dm	0	static
board_f.c:756:12:initf_bootstage	8	static
board_f.c:811:12:reserve_arch	0	static
board_f.c:130:12:display_text_info	0	static
board_f.c:260:12:arch_cpu_init	0	static
board_f.c:265:12:mach_cpu_init	0	static
board_f.c:408:12:reserve_trace	0	static
board_f.c:480:12:setup_machine	0	static
board_f.c:529:12:reserve_bootstage	0	static
board_f.c:561:12:display_new_sp	0	static
board_f.c:652:12:reloc_bootstage	0	static
board_f.c:70:13:coloured_LED_init	0	static
board_f.c:71:13:red_led_on	0	static
board_f.c:72:13:red_led_off	0	static
board_f.c:73:13:green_led_on	0	static
board_f.c:74:13:green_led_off	0	static
board_f.c:75:13:yellow_led_on	0	static
board_f.c:76:13:yellow_led_off	0	static
board_f.c:77:13:blue_led_on	0	static
board_f.c:78:13:blue_led_off	0	static
board_f.c:115:13:board_add_ram_info	0	static
board_f.c:176:12:show_dram_config	16	static
board_f.c:271:14:board_get_usable_ram_top	0	static
board_f.c:288:12:setup_dest_addr	16	static
board_f.c:543:5:arch_reserve_stacks	0	static
board_f.c:548:12:reserve_stacks	0	static
board_f.c:970:6:board_init_f	8	static
