console.c:110:12:console_setfile	16	static
console.c:518:6:putc	0	static
console.c:595:6:puts	8	static
console.c:316:5:serial_printf	1056	static
console.c:334:5:fgetc	0	static
console.c:413:5:getc	0	static
console.c:366:5:ftstc	0	static
console.c:439:5:tstc	0	static
console.c:374:6:fputc	0	static
console.c:380:6:fputs	0	static
console.c:386:6:fclear	0	static
console.c:392:5:fprintf	1060	static
console.c:461:6:flushc	0	static
console.c:656:5:ctrlc	8	static
console.c:677:5:confirm_yesno	16	static
console.c:704:5:disable_ctrlc	0	static
console.c:712:5:had_ctrlc	0	static
console.c:717:6:clear_ctrlc	0	static
console.c:724:19:search_device	8	static
console.c:740:5:console_assign	8	static
console.c:30:12:on_console	24	static
console.c:780:5:console_announce_r	208	static
console.c:794:5:console_init_f	0	static
console.c:805:6:stdio_print_current_devices	8	static
console.c:926:5:console_init_r	16	static
