image.c:466:12:on_loadaddr	8	static
image.c:198:10:image_get_load	0	static
image.c:206:10:image_get_ep	0	static
image.c:216:5:image_check_hcrc	72	static
image.c:231:5:image_check_dcrc	8	static
image.c:253:7:image_multi_count	0	static
image.c:286:6:image_multi_getimg	24	static
image.c:482:7:env_get_bootm_low	8	static
image.c:499:13:env_get_bootm_size	16	static
image.c:526:13:env_get_bootm_mapsize	8	static
image.c:542:6:memmove_wd	0	static
image.c:572:6:genimg_print_size	8	static
image.c:600:22:get_table_entry	0	static
image.c:721:20:genimg_get_short_name	8	static
image.c:631:13:genimg_get_cat_name	16	static
image.c:655:13:genimg_get_cat_short_name	16	static
image.c:669:5:genimg_get_cat_count	0	static
image.c:674:13:genimg_get_cat_desc	0	static
image.c:693:7:get_table_entry_name	8	static
image.c:705:13:genimg_get_os_name	0	static
image.c:710:13:genimg_get_arch_name	0	static
image.c:716:13:genimg_get_type_name	0	static
image.c:733:13:genimg_get_type_short_name	0	static
image.c:738:13:genimg_get_comp_name	0	static
image.c:346:6:image_print_contents	40	static
image.c:744:13:genimg_get_comp_short_name	0	static
image.c:749:13:genimg_get_os_short_name	0	static
image.c:754:13:genimg_get_arch_short_name	0	static
image.c:773:5:get_table_entry_id	16	static
image.c:791:5:genimg_get_os_id	0	static
image.c:796:5:genimg_get_arch_id	0	static
image.c:801:5:genimg_get_type_id	0	static
image.c:806:5:genimg_get_comp_id	0	static
image.c:827:7:genimg_get_kernel_addr_fit	24	static
image.c:861:7:genimg_get_kernel_addr	16	static
image.c:884:5:genimg_get_format	8	static
image.c:916:5:genimg_has_config	0	static
image.c:947:5:boot_get_ramdisk	80	static
image.c:1156:5:boot_ramdisk_high	32	static
image.c:1233:5:boot_get_setup	0	static
image.c:1348:5:boot_get_loadable	88	static
image.c:1507:5:image_setup_linux	32	static
