image-android.c:62:14:android_image_get_kernel_addr	0	static
image-android.c:340:12:image_load	304	static
image-android.c:590:12:images_load_verify	32	static
image-android.c:743:14:android_image_get_comp_addr	16	static
image-android.c:40:5:android_image_major_version	0	static
image-android.c:46:5:android_bcb_msg_sector_offset	8	static
image-android.c:99:6:android_image_set_comp	0	static
image-android.c:104:5:android_image_get_comp	0	static
image-android.c:109:5:android_image_parse_kernel_comp	8	static
image-android.c:130:5:android_image_get_kernel	32	static
image-android.c:185:5:android_image_check_header	0	static
image-android.c:616:12:android_image_separate	64	static
image-android.c:700:12:android_image_separate_v34	32	static
image-android.c:970:1:extract_boot_image_v34_header.isra.2	144	static
image-android.c:190:7:android_image_get_end	20	static
image-android.c:219:5:android_image_get_ksize	0	static
image-android.c:224:6:android_image_set_kload	0	static
image-android.c:229:7:android_image_get_kload	0	static
image-android.c:234:5:android_image_get_ramdisk	16	static
image-android.c:287:5:android_image_get_fdt	8	static
image-android.c:803:6:android_image_set_decomp	16	static
image-android.c:829:5:android_image_memcpy_separate	16	static
image-android.c:1049:5:populate_boot_info	32	static
image-android.c:1162:22:populate_andr_img_hdr	280	static
image-android.c:867:6:android_image_load	32	static
image-android.c:1266:6:android_print_contents	32	static
