rockchip_vop2.c:1435:13:is_yuv_output	0	static
rockchip_vop2.c:1576:13:rk3588_vop2_load_lut	20	static
rockchip_vop2.c:1711:13:vop2_bcsh_reg_update	24	static
rockchip_vop2.c:1818:13:vop2_setup_dly_for_vp	20	static
rockchip_vop2.c:3918:13:vop2_axi_config	20	static
rockchip_vop2.c:4234:12:rockchip_vop2_prepare	0	static
rockchip_vop2.c:4258:12:rockchip_vop2_enable	20	static
rockchip_vop2.c:4279:12:rockchip_vop2_disable	20	static
rockchip_vop2.c:4383:12:rockchip_vop2_check	8	static
rockchip_vop2.c:4340:12:rockchip_vop2_fixup_dts	56	static
rockchip_vop2.c:1397:14:get_plane_name	8	static
rockchip_vop2.c:3178:14:vop2_clk_set_rate	0	static
rockchip_vop2.c:1535:30:vop2_find_win_by_phys_id.isra.1	16	static
rockchip_vop2.c:4422:12:rockchip_vop2_plane_check	32	static
rockchip_vop2.c:2270:13:vop3_ignore_plane.isra.5.part.6	0	static
rockchip_vop2.c:2526:22:vop2_calc_dclk	0	static
rockchip_vop2.c:2695:22:rk3588_vop2_if_cfg	72	static
rockchip_vop2.c:1245:17:vop3_scale_factor.part.8	32	static
rockchip_vop2.c:1199:17:vop2_scale_factor.part.9	32	static
rockchip_vop2.c:1456:12:vop2_convert_csc_mode	8	static
rockchip_vop2.c:4401:12:rockchip_vop2_mode_valid	48	static
rockchip_vop2.c:3417:13:is_extend_pll.part.14	112	static
rockchip_vop2.c:2479:12:rockchip_vop2_preinit	56	static
rockchip_vop2.c:3774:13:vop2_setup_scale	64	static
rockchip_vop2.c:3939:13:vop2_set_cluster_win	64	static
rockchip_vop2.c:4026:13:vop2_set_smart_win	88	static
rockchip_vop2.c:2129:12:vop2_power_domain_on.part.13	24	static
rockchip_vop2.c:3237:13:vop2_dsc_enable	288	static
rockchip_vop2.c:4170:12:rockchip_vop2_set_plane	144	static
rockchip_vop2.c:3457:12:rockchip_vop2_init	256	static
