le_byteshift.h:11:19:__get_unaligned_le32	0	static
rockchip_display.c:2217:5:rockchip_display_bind	8	static
rockchip_display.c:1503:34:rockchip_of_graph_get_port_parent	8	static
rockchip_display.c:1641:29:rockchip_of_find_phy	16	static
rockchip_display.c:1036:12:display_rect_calc_scale	8	static
rockchip_display.c:711:12:display_get_edid_mode	24	static
rockchip_display.c:1516:34:rockchip_of_graph_get_remote_node.constprop	24	static
rockchip_display.c:1618:12:rockchip_of_find_panel_or_bridge	40	static
rockchip_display.c:79:6:rockchip_display_make_crc32_table	8	static
rockchip_display.c:100:10:rockchip_display_crc32c_cal	12	static
rockchip_display.c:114:5:rockchip_get_baseparameter	1048776	dynamic,bounded
rockchip_display.c:149:25:rockchip_get_disp_info	24	static
rockchip_display.c:274:7:get_display_buffer	16	static
rockchip_display.c:312:15:get_cubic_lut_buffer	0	static
rockchip_display.c:323:6:can_direct_logo	0	static
rockchip_display.c:356:5:drm_mode_vrefresh	16	static
rockchip_display.c:382:5:rockchip_ofnode_get_display_mode	56	static
rockchip_display.c:1846:12:rockchip_display_probe	80	static
rockchip_display.c:505:6:drm_mode_max_resolution_filter	20	static
rockchip_display.c:532:6:drm_mode_set_crtcinfo	24	static
rockchip_display.c:1122:12:display_logo	144	static
rockchip_display.c:609:6:drm_mode_is_420_only	8	static
rockchip_display.c:628:6:drm_mode_is_420_also	8	static
rockchip_display.c:647:6:drm_mode_is_420	16	static
rockchip_display.c:946:5:display_send_mcu_cmd	4	static
rockchip_display.c:1056:5:display_rect_calc_hscale	16	static
rockchip_display.c:1070:5:display_rect_calc_vscale	16	static
rockchip_display.c:1257:29:find_or_alloc_logo_cache	16	static
rockchip_display.c:1318:12:load_bmp_logo	40	static
rockchip_display.c:1420:6:rockchip_show_fbbase	24	static
rockchip_display.c:1436:5:rockchip_show_bmp	24	static
rockchip_display.c:2250:12:do_rockchip_show_bmp	8	static
rockchip_display.c:1457:5:rockchip_show_logo	24	static
rockchip_display.c:2239:12:do_rockchip_logo_show	8	static
rockchip_display.c:2065:6:rockchip_display_fixup	40	static
