OpteeClientInterface.c:190:17:trusty_base_read_security_data	504	static
OpteeClientInterface.c:90:17:trusty_base_write_security_data	504	static
OpteeClientInterface.c:463:17:trusty_base_efuse_or_otp_operation	480	static
OpteeClientInterface.c:288:17:trusty_base_end_security_data	448	static
OpteeClientInterface.c:415:17:trusty_base_end_efuse_or_otp	448	static
OpteeClientInterface.c:62:13:crypto_flush_cacheline	0	static
OpteeClientInterface.c:46:17:b2hs.constprop	8	static
OpteeClientInterface.c:335:10:trusty_read_rollback_index	32	static
OpteeClientInterface.c:344:10:trusty_write_rollback_index	40	static
OpteeClientInterface.c:353:10:trusty_read_permanent_attributes	0	static
OpteeClientInterface.c:359:10:trusty_write_permanent_attributes	0	static
OpteeClientInterface.c:365:10:trusty_read_permanent_attributes_flag	0	static
OpteeClientInterface.c:371:10:trusty_write_permanent_attributes_flag	16	static
OpteeClientInterface.c:377:10:trusty_read_permanent_attributes_cer	0	static
OpteeClientInterface.c:384:10:trusty_write_permanent_attributes_cer	0	static
OpteeClientInterface.c:391:10:trusty_read_lock_state	0	static
OpteeClientInterface.c:397:10:trusty_write_lock_state	16	static
OpteeClientInterface.c:403:10:trusty_read_flash_lock_state	0	static
OpteeClientInterface.c:409:10:trusty_write_flash_lock_state	16	static
OpteeClientInterface.c:540:10:trusty_read_attribute_hash	0	static
OpteeClientInterface.c:546:10:trusty_write_attribute_hash	0	static
OpteeClientInterface.c:552:10:trusty_notify_optee_uboot_end	8	static
OpteeClientInterface.c:561:10:trusty_read_vbootkey_hash	0	static
OpteeClientInterface.c:567:10:trusty_write_vbootkey_hash	0	static
OpteeClientInterface.c:573:10:trusty_read_vbootkey_enable_flag	16	static
OpteeClientInterface.c:595:10:trusty_write_ta_encryption_key	0	static
OpteeClientInterface.c:601:10:trusty_check_security_level_flag	16	static
OpteeClientInterface.c:610:10:trusty_write_oem_huk	0	static
OpteeClientInterface.c:616:6:trusty_select_security_level	0	static
OpteeClientInterface.c:636:10:trusty_write_oem_ns_otp	480	static
OpteeClientInterface.c:701:10:trusty_read_oem_ns_otp	480	static
OpteeClientInterface.c:767:10:trusty_write_oem_otp_key	480	static
OpteeClientInterface.c:833:10:trusty_oem_otp_key_is_written	456	static
OpteeClientInterface.c:885:10:trusty_set_oem_hr_otp_read_lock	456	static
OpteeClientInterface.c:936:10:trusty_oem_otp_key_cipher	488	static
OpteeClientInterface.c:1040:10:trusty_attest_dh	480	static
OpteeClientInterface.c:1126:10:trusty_attest_uuid	480	static
OpteeClientInterface.c:1212:10:trusty_attest_get_ca	504	static
OpteeClientInterface.c:1318:10:trusty_attest_set_ca	480	static
