spl.c:42:13:show_boot_progress	0	static
spl.c:281:12:spl_common_init.constprop	16	static
spl.c:81:13:spl_perform_fixups	0	static
spl.c:86:13:spl_next_stage	0	static
spl.c:92:12:spl_board_prepare_for_jump	0	static
spl.c:98:13:spl_board_storages_fixup	0	static
spl.c:103:6:spl_fixup_fdt	0	static
spl.c:135:13:spl_board_prepare_for_linux	0	static
spl.c:140:13:spl_board_prepare_for_boot	0	static
spl.c:145:6:spl_set_header_raw_uboot	0	static
spl.c:154:5:spl_parse_image_header	0	static
spl.c:231:24:jump_to_image_no_args	8	static
spl.c:358:6:spl_set_bd	0	static
spl.c:364:5:spl_early_init	8	static
spl.c:378:5:spl_init	8	static
spl.c:398:13:board_boot_order	8	static
spl.c:647:6:preloader_console_init	8	static
spl.c:680:7:spl_relocate_stack_gd	0	static
spl.c:711:6:spl_cleanup_before_jump	16	static
spl.c:506:6:board_init_r	80	static
