uclass.c:23:16:uclass_find	8	static
uclass.c:111:5:uclass_destroy	8	static
uclass.c:145:5:uclass_get	16	static
uclass.c:158:13:uclass_get_name	16	static
uclass.c:167:16:uclass_get_by_name	16	static
uclass.c:181:5:uclass_find_device	24	static
uclass.c:204:5:uclass_find_first_device	16	static
uclass.c:221:5:uclass_find_next_device	0	static
uclass.c:234:5:uclass_find_device_by_name	32	static
uclass.c:258:5:uclass_find_device_by_seq	32	static
uclass.c:287:5:uclass_find_device_by_of_offset	24	static
uclass.c:311:5:uclass_find_device_by_ofnode	24	static
uclass.c:369:5:uclass_get_device_by_driver	24	static
uclass.c:389:5:uclass_get_device_tail	16	static
uclass.c:404:5:uclass_get_device	16	static
uclass.c:414:5:uclass_get_device_by_name	16	static
uclass.c:425:5:uclass_get_device_by_seq	24	static
uclass.c:442:5:uclass_get_device_by_of_offset	16	static
uclass.c:453:5:uclass_get_device_by_ofnode	16	static
uclass.c:466:5:uclass_get_device_by_phandle_id	32	static
uclass.c:494:5:uclass_get_device_by_phandle	32	static
uclass.c:506:5:uclass_first_device	16	static
uclass.c:518:5:uclass_first_device_err	8	static
uclass.c:531:5:uclass_next_device	16	static
uclass.c:543:5:uclass_first_device_check	8	static
uclass.c:557:5:uclass_next_device_check	8	static
uclass.c:570:5:uclass_bind_device	8	static
uclass.c:620:5:uclass_resolve_seq	24	static
uclass.c:651:5:uclass_pre_probe_device	8	static
uclass.c:672:5:uclass_post_probe_device	0	static
