# 2025-03-27 23:43:29
# run func: build_hook allsave

============================================
TARGET_KERNEL_ARCH=arm
TARGET_CHIP_FAMILY=rv1126_rv1109
TARGET_CHIP=rv1126_rv1109
TARGET_UBOOT_CONFIG=rv1126
TARGET_SPL_CONFIG=
TARGET_KERNEL_CONFIG=rv1126_defconfig
TARGET_KERNEL_DTS=rv1126-evb-ddr3-v12
TARGET_BUILDROOT_CONFIG=rockchip_rv1126_rv1109
TARGET_RECOVERY_CONFIG=rockchip_rv1126_rv1109_recovery
TARGET_PCBA_CONFIG=rockchip_rv1126_rv1109_pcba
TARGET_RAMBOOT=
============================================
============Start building uboot============
TARGET_UBOOT_CONFIG=rv1126
=========================================
## make rv1126_defconfig -j24
#
# configuration written to .config
#
scripts/kconfig/conf  --silentoldconfig Kconfig
  CHK     include/config.h
  CFG     u-boot.cfg
  GEN     include/autoconf.mk.dep
  CFG     spl/u-boot.cfg
  CFG     tpl/u-boot.cfg
  GEN     tpl/include/autoconf.mk
  GEN     spl/include/autoconf.mk
  GEN     include/autoconf.mk
  CHK     include/config/uboot.release
  CHK     include/generated/timestamp_autogenerated.h
  UPD     include/generated/timestamp_autogenerated.h
  CHK     include/generated/version_autogenerated.h
  CHK     include/generated/generic-asm-offsets.h
  CHK     include/generated/asm-offsets.h
  HOSTCC  tools/mkenvimage.o
  HOSTCC  tools/fit_image.o
  HOSTCC  tools/image-host.o
  HOSTCC  tools/mkimage.o
  HOSTCC  tools/rockchip/boot_merger.o
  HOSTCC  tools/dumpimage.o
  HOSTCC  tools/rockchip/loaderimage.o
  HOSTLD  tools/mkenvimage
  HOSTLD  tools/loaderimage
  CHK     include/config.h
  CFG     u-boot.cfg
  HOSTLD  tools/dumpimage
  HOSTLD  tools/mkimage
  HOSTLD  tools/boot_merger
  CC      common/main.o
  CC      drivers/usb/gadget/f_fastboot.o
  CC      cmd/version.o
  LD      common/built-in.o
  LD      cmd/built-in.o
  CC      lib/display_options.o
  LD      lib/built-in.o
  LD      drivers/usb/gadget/built-in.o
  LD      u-boot
  OBJCOPY u-boot.srec
  OBJCOPY u-boot-nodtb.bin
  SYM     u-boot.sym
make[2]: 'arch/arm/dts/rv1126-evb.dtb' is up to date.
  COPY    u-boot.dtb
  MKIMAGE u-boot-dtb.img
  CAT     u-boot-dtb.bin
  MKIMAGE u-boot.img
  COPY    u-boot.bin
  ALIGN   u-boot.bin
  COPY    spl/u-boot-spl.dtb
  CC      spl/common/spl/spl.o
  CC      tpl/arch/arm/mach-rockchip/tpl.o
  CC      spl/lib/display_options.o
  LD      spl/lib/built-in.o
  LD      tpl/arch/arm/mach-rockchip/built-in.o
  LD      spl/common/spl/built-in.o
  LD      tpl/u-boot-tpl
  OBJCOPY tpl/u-boot-tpl-nodtb.bin
  COPY    tpl/u-boot-tpl.bin
  LD      spl/u-boot-spl
  OBJCOPY spl/u-boot-spl-nodtb.bin
  CAT     spl/u-boot-spl-dtb.bin
  COPY    spl/u-boot-spl.bin
  CFGCHK  u-boot.cfg
pack u-boot.itb okay! Input: /github/OpenHD-RV1126-OS/rkbin/RKTRUST/RV1126TOS.ini

FIT description: FIT Image with ATF/OP-TEE/U-Boot/MCU
Created:         Thu Mar 27 23:43:34 2025
 Image 0 (uboot)
  Description:  U-Boot
  Created:      Thu Mar 27 23:43:34 2025
  Type:         Standalone Program
  Compression:  gzip compressed
  Data Size:    425463 Bytes = 415.49 KiB = 0.41 MiB
  Architecture: ARM
  Load Address: 0x00600000
  Entry Point:  unavailable
  Hash algo:    sha256
  Hash value:   b309180e5c896c2bcfe2cbdaace0114c7b1f21110f2ab7d2c34e5f41cbaeb6c8
 Image 1 (optee)
  Description:  OP-TEE
  Created:      Thu Mar 27 23:43:34 2025
  Type:         Firmware
  Compression:  gzip compressed
  Data Size:    211186 Bytes = 206.24 KiB = 0.20 MiB
  Architecture: ARM
  Load Address: 0x08400000
  Hash algo:    sha256
  Hash value:   b7b006d20566a282cc64e1de9a996fe1fa3557d783a0c6e90683c33bc05b3889
 Image 2 (fdt)
  Description:  U-Boot dtb
  Created:      Thu Mar 27 23:43:34 2025
  Type:         Flat Device Tree
  Compression:  uncompressed
  Data Size:    11240 Bytes = 10.98 KiB = 0.01 MiB
  Architecture: ARM
  Hash algo:    sha256
  Hash value:   b96ac080ba338f2d43ffbb9d5dcfc4d2037055d3264f0bfaef1ddec25dd0ffc3
 Default Configuration: 'conf'
 Configuration 0 (conf)
  Description:  rv1126-evb
  Kernel:       unavailable
  Firmware:     optee
  FDT:          fdt
  Loadables:    uboot
********boot_merger ver 1.35********
Info:Pack loader ok.
pack loader(SPL) okay! Input: /github/OpenHD-RV1126-OS/rkbin/RKBOOT/RV1126MINIALL.ini

/github/OpenHD-RV1126-OS/u-boot
pack loader with new: spl/u-boot-spl.bin

Image(no-signed, version=0): uboot.img (FIT with uboot, trust...) is ready
Image(no-signed): rv1126_spl_loader_v1.10.110.bin (with spl, ddr...) is ready
pack uboot.img okay! Input: /github/OpenHD-RV1126-OS/rkbin/RKTRUST/RV1126TOS.ini

Platform RV1126 is build OK, with new .config(make rv1126_defconfig -j24)
/github/OpenHD-RV1126-OS/prebuilts/gcc/linux-x86/arm/gcc-linaro-6.3.1-2017.05-x86_64_arm-linux-gnueabihf/bin/arm-rockchip631-linux-gnueabihf-
Thu Mar 27 23:43:34 CET 2025
[35mRunning build_uboot succeeded.[0m
Security not enabled
============Start building kernel============
TARGET_KERNEL_VERSION =4.19
TARGET_KERNEL_ARCH   =arm
TARGET_KERNEL_CONFIG =rv1126_defconfig
TARGET_KERNEL_CONFIG_FRAGMENTS =
TARGET_KERNEL_DTS    =rv1126-evb-ddr3-v12
==========================================
make: Entering directory '/github/OpenHD-RV1126-OS/kernel'
#
# configuration written to .config
#
make: Leaving directory '/github/OpenHD-RV1126-OS/kernel'
make: Entering directory '/github/OpenHD-RV1126-OS/kernel'
scripts/kconfig/conf  --syncconfig Kconfig
  CALL    scripts/checksyscalls.sh
  CHK     include/generated/compile.h
  Kernel: arch/arm/boot/Image is ready
  Kernel: arch/arm/boot/zImage is ready
  Image:  kernel.img (with zImage) is ready
  CALL    scripts/checksyscalls.sh
  Building modules, stage 2.
  MODPOST 1 modules
  Image:  resource.img (with rv1126-evb-ddr3-v12.dtb logo.bmp logo_kernel.bmp) is ready
  Image:  boot.img (with Image  resource.img) is ready
  Image:  zboot.img (with zImage  resource.img) is ready
make: Leaving directory '/github/OpenHD-RV1126-OS/kernel'
FIT description: U-Boot FIT source file for arm
Created:         Thu Mar 27 23:43:49 2025
 Image 0 (fdt)
  Description:  unavailable
  Created:      Thu Mar 27 23:43:49 2025
  Type:         Flat Device Tree
  Compression:  uncompressed
  Data Size:    101589 Bytes = 99.21 KiB = 0.10 MiB
  Architecture: ARM
  Load Address: 0xffffff00
  Hash algo:    sha256
  Hash value:   119097569de3464f40ea2851c102f1cab8fd100c5849db05a700d5e72d6b3152
 Image 1 (kernel)
  Description:  unavailable
  Created:      Thu Mar 27 23:43:49 2025
  Type:         Kernel Image
  Compression:  uncompressed
  Data Size:    7215256 Bytes = 7046.15 KiB = 6.88 MiB
  Architecture: ARM
  OS:           Linux
  Load Address: 0xffffff01
  Entry Point:  0xffffff01
  Hash algo:    sha256
  Hash value:   c97e4486a60635d5c8ae3655d54295c23b282a081736712f499af32f13f4e6f8
 Image 2 (resource)
  Description:  unavailable
  Created:      Thu Mar 27 23:43:49 2025
  Type:         Multi-File Image
  Compression:  uncompressed
  Data Size:    139776 Bytes = 136.50 KiB = 0.13 MiB
  Hash algo:    sha256
  Hash value:   292723ce3a1f9e1f90c03317f576344d0765352ac83d54635879ad81f824a2fd
 Default Configuration: 'conf'
 Configuration 0 (conf)
  Description:  unavailable
  Kernel:       kernel
  FDT:          fdt
[41;1;30m PLEASE CHECK BOARD GPIO POWER DOMAIN CONFIGURATION !!!!![0m
[41;1;30m <<< ESPECIALLY Wi-Fi/Flash/Ethernet IO power domain >>> !!!!![0m
[41;1;30m Check Node [pmu_io_domains] in the file: kernel/arch/arm/boot/dts/rv1126-evb-ddr3-v12.dts [0m

[41;1;30m 请再次确认板级的电源域配置！！！！！！[0m
[41;1;30m <<< 特别是Wi-Fi，FLASH，以太网这几路IO电源的配置 >>> ！！！！！[0m
[41;1;30m 检查内核文件 kernel/arch/arm/boot/dts/rv1126-evb-ddr3-v12.dts 的节点 [pmu_io_domains] [0m


[1;33mpmuio0-supply [0m
regulator-min-microvolt =  [1;31m1800mV[0m
regulator-max-microvolt =  [1;31m1800mV[0m


[1;33mpmuio1-supply [0m
regulator-min-microvolt =  [1;31m3300mV[0m
regulator-max-microvolt =  [1;31m3300mV[0m


[1;33mvccio2-supply [0m
regulator-min-microvolt =  [1;31m1800mV[0m
regulator-max-microvolt =  [1;31m3300mV[0m


[1;33mvccio3-supply [0m
regulator-min-microvolt =  [1;31m1800mV[0m
regulator-max-microvolt =  [1;31m1800mV[0m


[1;33mvccio4-supply [0m
regulator-min-microvolt =  [1;31m1800mV[0m
regulator-max-microvolt =  [1;31m1800mV[0m


[1;33mvccio6-supply [0m
regulator-min-microvolt =  [1;31m1800mV[0m
regulator-max-microvolt =  [1;31m1800mV[0m


[1;33mvccio7-supply [0m
regulator-min-microvolt =  [1;31m1800mV[0m
regulator-max-microvolt =  [1;31m1800mV[0m
[35mRunning build_kernel succeeded.[0m
==========Start building rootfs(buildroot)==========
==========Start building buildroot rootfs ==========
TARGET_BUILDROOT_CONFIG=rockchip_rv1126_rv1109
=========================================
Top of tree: /github/OpenHD-RV1126-OS
===========================================

#TARGET_BOARD=rv1126
#OUTPUT_DIR=output/rockchip_rv1126_rv1109
#CONFIG=rockchip_rv1126_rv1109_defconfig

===========================================
make: Entering directory '/github/OpenHD-RV1126-OS/buildroot'
  GEN     /github/OpenHD-RV1126-OS/buildroot/output/rockchip_rv1126_rv1109/Makefile
/github/OpenHD-RV1126-OS/buildroot/build/parse_defconfig.sh /github/OpenHD-RV1126-OS/buildroot/configs/rockchip_rv1126_rv1109_defconfig /github/OpenHD-RV1126-OS/buildroot/output/rockchip_rv1126_rv1109/.config.in
Parsing defconfig: /github/OpenHD-RV1126-OS/buildroot/configs/rockchip_rv1126_rv1109_defconfig
Using configs/rockchip/base/kernel.config as base
Merging configs/rockchip/fs/e2fs.config
Merging configs/rockchip/base/common.config
Merging configs/rockchip/base/base.config
Merging configs/rockchip/chips/rv1126_rv1109.config
Value of BR2_ROOTFS_OVERLAY is redefined by configs/rockchip/chips/rv1126_rv1109.config:
Previous value:	BR2_ROOTFS_OVERLAY="board/rockchip/common/base"
Modify value:	BR2_ROOTFS_OVERLAY+="board/rockchip/rv1126_rv1109/fs-overlay/"
New value:	BR2_ROOTFS_OVERLAY="board/rockchip/common/base board/rockchip/rv1126_rv1109/fs-overlay/"

Merging configs/rockchip/toolchain/arm_8_armhf.config
Merging configs/rockchip/chips/rv1126_rv1109_arm.config
Merging configs/rockchip/multimedia/audio.config
Merging configs/rockchip/multimedia/camera.config
Merging configs/rockchip/multimedia/mpp.config
Merging configs/rockchip/multimedia/gst/video.config
Merging configs/rockchip/multimedia/gst/camera.config
Merging configs/rockchip/multimedia/gst/rtsp.config
Value of BR2_PACKAGE_GST1_PLUGINS_BASE_PLUGIN_VIDEORATE is redefined by configs/rockchip/multimedia/gst/rtsp.config:
Previous value:	BR2_PACKAGE_GST1_PLUGINS_BASE_PLUGIN_VIDEORATE=y
BR2_PACKAGE_GST1_PLUGINS_BASE_PLUGIN_VIDEORATE=y
New value:	BR2_PACKAGE_GST1_PLUGINS_BASE_PLUGIN_VIDEORATE=y

Merging configs/rockchip/multimedia/gst/audio.config
Merging configs/rockchip/debug.config
Merging configs/rockchip/update_engine.config
Merging /github/OpenHD-RV1126-OS/buildroot/configs/rockchip_rv1126_rv1109_defconfig
Value of BR2_ROOTFS_OVERLAY is redefined by /github/OpenHD-RV1126-OS/buildroot/configs/rockchip_rv1126_rv1109_defconfig:
Previous value:	BR2_ROOTFS_OVERLAY="board/rockchip/common/base board/rockchip/rv1126_rv1109/fs-overlay/"
Modify value:	BR2_ROOTFS_OVERLAY+="board/rockchip/rv1126_rv1109/fs-overlay-sysv/"
New value:	BR2_ROOTFS_OVERLAY="board/rockchip/common/base board/rockchip/rv1126_rv1109/fs-overlay/ board/rockchip/rv1126_rv1109/fs-overlay-sysv/"

Value of BR2_TARGET_GENERIC_HOSTNAME is redefined by /github/OpenHD-RV1126-OS/buildroot/configs/rockchip_rv1126_rv1109_defconfig:
Previous value:	BR2_TARGET_GENERIC_HOSTNAME="openhd"
New value:	BR2_TARGET_GENERIC_HOSTNAME="OpenHD"

#
# merged configuration written to /github/OpenHD-RV1126-OS/buildroot/output/rockchip_rv1126_rv1109/.config.in (needs make)
#
BR2_DEFCONFIG='' KCONFIG_AUTOCONFIG=/github/OpenHD-RV1126-OS/buildroot/output/rockchip_rv1126_rv1109/build/buildroot-config/auto.conf KCONFIG_AUTOHEADER=/github/OpenHD-RV1126-OS/buildroot/output/rockchip_rv1126_rv1109/build/buildroot-config/autoconf.h KCONFIG_TRISTATE=/github/OpenHD-RV1126-OS/buildroot/output/rockchip_rv1126_rv1109/build/buildroot-config/tristate.config BR2_CONFIG=/github/OpenHD-RV1126-OS/buildroot/output/rockchip_rv1126_rv1109/.config HOST_GCC_VERSION="7" BASE_DIR=/github/OpenHD-RV1126-OS/buildroot/output/rockchip_rv1126_rv1109 SKIP_LEGACY= CUSTOM_KERNEL_VERSION="4.19" BR2_DEFCONFIG=/github/OpenHD-RV1126-OS/buildroot/configs/rockchip_rv1126_rv1109_defconfig /github/OpenHD-RV1126-OS/buildroot/output/rockchip_rv1126_rv1109/build/buildroot-config/conf --defconfig=/github/OpenHD-RV1126-OS/buildroot/output/rockchip_rv1126_rv1109/.config.in Config.in
#
# configuration written to /github/OpenHD-RV1126-OS/buildroot/output/rockchip_rv1126_rv1109/.config
#
make: Leaving directory '/github/OpenHD-RV1126-OS/buildroot'
2025-03-27T23:44:01 [7m>>> busybox 1.35.0 Building[27m
2025-03-27T23:44:05 [7m>>> busybox 1.35.0 Installing to target[27m
2025-03-27T23:44:10 [7m>>> ca-certificates 20211016 Extracting[27m
2025-03-27T23:44:10 [7m>>> ca-certificates 20211016 Patching[27m
2025-03-27T23:44:10 [7m>>> ca-certificates 20211016 Configuring[27m
2025-03-27T23:44:11 [7m>>> ca-certificates 20211016 Building[27m
2025-03-27T23:44:11 [7m>>> ca-certificates 20211016 Installing to target[27m
2025-03-27T23:44:13 [7m>>> expat 2.4.8 Extracting[27m
2025-03-27T23:44:13 [7m>>> expat 2.4.8 Patching[27m
2025-03-27T23:44:13 [7m>>> expat 2.4.8 Updating config.sub and config.guess[27m
2025-03-27T23:44:13 [7m>>> expat 2.4.8 Patching libtool[27m
2025-03-27T23:44:13 [7m>>> expat 2.4.8 Configuring[27m
2025-03-27T23:44:18 [7m>>> expat 2.4.8 Building[27m
2025-03-27T23:44:18 [7m>>> expat 2.4.8 Installing to staging directory[27m
2025-03-27T23:44:19 [7m>>> expat 2.4.8 Fixing libtool files[27m
2025-03-27T23:44:19 [7m>>> expat 2.4.8 Installing to target[27m
2025-03-27T23:44:20 [7m>>> dbus 1.12.22 Extracting[27m
2025-03-27T23:44:20 [7m>>> dbus 1.12.22 Patching[27m
2025-03-27T23:44:20 [7m>>> dbus 1.12.22 Updating config.sub and config.guess[27m
2025-03-27T23:44:20 [7m>>> dbus 1.12.22 Patching libtool[27m
2025-03-27T23:44:20 [7m>>> dbus 1.12.22 Configuring[27m
2025-03-27T23:44:33 [7m>>> dbus 1.12.22 Building[27m
2025-03-27T23:44:35 [7m>>> dbus 1.12.22 Installing to staging directory[27m
2025-03-27T23:44:36 [7m>>> dbus 1.12.22 Fixing libtool files[27m
2025-03-27T23:44:36 [7m>>> dbus 1.12.22 Installing to target[27m
2025-03-27T23:44:37 [7m>>> host-dbus 1.12.22 Extracting[27m
2025-03-27T23:44:37 [7m>>> host-dbus 1.12.22 Patching[27m
2025-03-27T23:44:37 [7m>>> host-dbus 1.12.22 Updating config.sub and config.guess[27m
2025-03-27T23:44:37 [7m>>> host-dbus 1.12.22 Patching libtool[27m
2025-03-27T23:44:38 [7m>>> host-dbus 1.12.22 Configuring[27m
2025-03-27T23:44:48 [7m>>> host-dbus 1.12.22 Building[27m
2025-03-27T23:44:51 [7m>>> host-dbus 1.12.22 Installing to host directory[27m
2025-03-27T23:44:52 [7m>>> host-dbus-cpp 0.9.0 Extracting[27m
2025-03-27T23:44:52 [7m>>> host-dbus-cpp 0.9.0 Patching[27m
2025-03-27T23:44:52 [7m>>> host-dbus-cpp 0.9.0 Updating config.sub and config.guess[27m
2025-03-27T23:44:53 [7m>>> host-dbus-cpp 0.9.0 Configuring[27m
2025-03-27T23:44:53 [7m>>> host-dbus-cpp 0.9.0 Autoreconfiguring[27m
2025-03-27T23:44:58 [7m>>> host-dbus-cpp 0.9.0 Patching libtool[27m
2025-03-27T23:45:02 [7m>>> host-dbus-cpp 0.9.0 Building[27m
2025-03-27T23:45:03 [7m>>> host-dbus-cpp 0.9.0 Installing to host directory[27m
2025-03-27T23:45:04 [7m>>> host-gettext-tiny 0.3.2 Extracting[27m
2025-03-27T23:45:05 [7m>>> host-gettext-tiny 0.3.2 Patching[27m
2025-03-27T23:45:05 [7m>>> host-gettext-tiny 0.3.2 Configuring[27m
2025-03-27T23:45:05 [7m>>> host-gettext-tiny 0.3.2 Building[27m
2025-03-27T23:45:06 [7m>>> host-gettext-tiny 0.3.2 Installing to host directory[27m
2025-03-27T23:45:07 [7m>>> host-gettext  Extracting[27m
2025-03-27T23:45:07 [7m>>> host-gettext  Patching[27m
2025-03-27T23:45:07 [7m>>> host-gettext  Configuring[27m
2025-03-27T23:45:07 [7m>>> host-gettext  Building[27m
2025-03-27T23:45:07 [7m>>> host-gettext  Installing to host directory[27m
2025-03-27T23:45:08 [7m>>> host-pcre 8.45 Extracting[27m
2025-03-27T23:45:09 [7m>>> host-pcre 8.45 Patching[27m
2025-03-27T23:45:09 [7m>>> host-pcre 8.45 Updating config.sub and config.guess[27m
2025-03-27T23:45:09 [7m>>> host-pcre 8.45 Patching libtool[27m
2025-03-27T23:45:09 [7m>>> host-pcre 8.45 Configuring[27m
2025-03-27T23:45:13 [7m>>> host-pcre 8.45 Building[27m
2025-03-27T23:45:13 [7m>>> host-pcre 8.45 Installing to host directory[27m
2025-03-27T23:45:15 [7m>>> host-util-linux 2.38 Extracting[27m
2025-03-27T23:45:15 [7m>>> host-util-linux 2.38 Patching[27m
2025-03-27T23:45:15 [7m>>> host-util-linux 2.38 Updating config.sub and config.guess[27m
2025-03-27T23:45:15 [7m>>> host-util-linux 2.38 Patching libtool[27m
2025-03-27T23:45:16 [7m>>> host-util-linux 2.38 Configuring[27m
2025-03-27T23:45:30 [7m>>> host-util-linux 2.38 Building[27m
2025-03-27T23:45:36 [7m>>> host-util-linux 2.38 Installing to host directory[27m
2025-03-27T23:45:38 [7m>>> host-libglib2 2.72.3 Extracting[27m
2025-03-27T23:45:39 [7m>>> host-libglib2 2.72.3 Patching[27m
2025-03-27T23:45:39 [7m>>> host-libglib2 2.72.3 Configuring[27m
2025-03-27T23:45:51 [7m>>> host-libglib2 2.72.3 Building[27m
2025-03-27T23:45:54 [7m>>> host-libglib2 2.72.3 Installing to host directory[27m
2025-03-27T23:45:56 [7m>>> libffi 3.4.2 Extracting[27m
2025-03-27T23:45:56 [7m>>> libffi 3.4.2 Patching[27m
2025-03-27T23:45:56 [7m>>> libffi 3.4.2 Updating config.sub and config.guess[27m
2025-03-27T23:45:56 [7m>>> libffi 3.4.2 Configuring[27m
2025-03-27T23:45:56 [7m>>> libffi 3.4.2 Autoreconfiguring[27m
2025-03-27T23:46:02 [7m>>> libffi 3.4.2 Patching libtool[27m
2025-03-27T23:46:08 [7m>>> libffi 3.4.2 Building[27m
2025-03-27T23:46:08 [7m>>> libffi 3.4.2 Installing to staging directory[27m
2025-03-27T23:46:08 [7m>>> libffi 3.4.2 Fixing libtool files[27m
2025-03-27T23:46:08 [7m>>> libffi 3.4.2 Installing to target[27m
2025-03-27T23:46:09 [7m>>> pcre 8.45 Extracting[27m
2025-03-27T23:46:10 [7m>>> pcre 8.45 Patching[27m
2025-03-27T23:46:10 [7m>>> pcre 8.45 Updating config.sub and config.guess[27m
2025-03-27T23:46:10 [7m>>> pcre 8.45 Patching libtool[27m
2025-03-27T23:46:10 [7m>>> pcre 8.45 Configuring[27m
2025-03-27T23:46:14 [7m>>> pcre 8.45 Building[27m
2025-03-27T23:46:15 [7m>>> pcre 8.45 Installing to staging directory[27m
2025-03-27T23:46:15 [7m>>> pcre 8.45 Fixing package configuration files[27m
2025-03-27T23:46:15 [7m>>> pcre 8.45 Fixing libtool files[27m
2025-03-27T23:46:16 [7m>>> pcre 8.45 Installing to target[27m
2025-03-27T23:46:17 [7m>>> libglib2 2.72.3 Extracting[27m
2025-03-27T23:46:17 [7m>>> libglib2 2.72.3 Patching[27m
2025-03-27T23:46:17 [7m>>> libglib2 2.72.3 Configuring[27m
2025-03-27T23:46:36 [7m>>> libglib2 2.72.3 Building[27m
2025-03-27T23:46:38 [7m>>> libglib2 2.72.3 Installing to staging directory[27m
2025-03-27T23:46:39 [7m>>> libglib2 2.72.3 Fixing libtool files[27m
2025-03-27T23:46:39 [7m>>> libglib2 2.72.3 Installing to target[27m
2025-03-27T23:46:41 [7m>>> dbus-cpp 0.9.0 Extracting[27m
2025-03-27T23:46:41 [7m>>> dbus-cpp 0.9.0 Patching[27m
2025-03-27T23:46:41 [7m>>> dbus-cpp 0.9.0 Updating config.sub and config.guess[27m
2025-03-27T23:46:41 [7m>>> dbus-cpp 0.9.0 Configuring[27m
2025-03-27T23:46:41 [7m>>> dbus-cpp 0.9.0 Autoreconfiguring[27m
2025-03-27T23:46:47 [7m>>> dbus-cpp 0.9.0 Patching libtool[27m
2025-03-27T23:46:51 [7m>>> dbus-cpp 0.9.0 Building[27m
2025-03-27T23:46:53 [7m>>> dbus-cpp 0.9.0 Installing to staging directory[27m
2025-03-27T23:46:53 [7m>>> dbus-cpp 0.9.0 Fixing libtool files[27m
2025-03-27T23:46:53 [7m>>> dbus-cpp 0.9.0 Installing to target[27m
2025-03-27T23:46:54 [7m>>> host-dbus-glib 0.112 Extracting[27m
2025-03-27T23:46:54 [7m>>> host-dbus-glib 0.112 Patching[27m
2025-03-27T23:46:55 [7m>>> host-dbus-glib 0.112 Updating config.sub and config.guess[27m
2025-03-27T23:46:55 [7m>>> host-dbus-glib 0.112 Patching libtool[27m
2025-03-27T23:46:55 [7m>>> host-dbus-glib 0.112 Configuring[27m
2025-03-27T23:46:58 [7m>>> host-dbus-glib 0.112 Building[27m
2025-03-27T23:47:00 [7m>>> host-dbus-glib 0.112 Installing to host directory[27m
2025-03-27T23:47:02 [7m>>> dbus-glib 0.112 Extracting[27m
2025-03-27T23:47:02 [7m>>> dbus-glib 0.112 Patching[27m
2025-03-27T23:47:02 [7m>>> dbus-glib 0.112 Updating config.sub and config.guess[27m
2025-03-27T23:47:02 [7m>>> dbus-glib 0.112 Patching libtool[27m
2025-03-27T23:47:02 [7m>>> dbus-glib 0.112 Configuring[27m
2025-03-27T23:47:05 [7m>>> dbus-glib 0.112 Building[27m
2025-03-27T23:47:08 [7m>>> dbus-glib 0.112 Installing to staging directory[27m
2025-03-27T23:47:08 [7m>>> dbus-glib 0.112 Fixing libtool files[27m
2025-03-27T23:47:09 [7m>>> dbus-glib 0.112 Installing to target[27m
2025-03-27T23:47:10 [7m>>> host-e2fsprogs 1.46.5 Extracting[27m
2025-03-27T23:47:10 [7m>>> host-e2fsprogs 1.46.5 Patching[27m
2025-03-27T23:47:10 [7m>>> host-e2fsprogs 1.46.5 Updating config.sub and config.guess[27m
2025-03-27T23:47:10 [7m>>> host-e2fsprogs 1.46.5 Patching libtool[27m
2025-03-27T23:47:10 [7m>>> host-e2fsprogs 1.46.5 Configuring[27m
2025-03-27T23:47:20 [7m>>> host-e2fsprogs 1.46.5 Building[27m
2025-03-27T23:47:24 [7m>>> host-e2fsprogs 1.46.5 Installing to host directory[27m
2025-03-27T23:47:27 [7m>>> faad2 2.10.0 Extracting[27m
2025-03-27T23:47:28 [7m>>> faad2 2.10.0 Patching[27m
2025-03-27T23:47:28 [7m>>> faad2 2.10.0 Updating config.sub and config.guess[27m
2025-03-27T23:47:28 [7m>>> faad2 2.10.0 Configuring[27m
2025-03-27T23:47:28 [7m>>> faad2 2.10.0 Autoreconfiguring[27m
2025-03-27T23:47:32 [7m>>> faad2 2.10.0 Patching libtool[27m
2025-03-27T23:47:36 [7m>>> faad2 2.10.0 Building[27m
2025-03-27T23:47:37 [7m>>> faad2 2.10.0 Installing to staging directory[27m
2025-03-27T23:47:37 [7m>>> faad2 2.10.0 Fixing libtool files[27m
2025-03-27T23:47:38 [7m>>> faad2 2.10.0 Installing to target[27m
2025-03-27T23:47:39 [7m>>> libfcgi 2.4.2 Extracting[27m
2025-03-27T23:47:39 [7m>>> libfcgi 2.4.2 Patching[27m
2025-03-27T23:47:39 [7m>>> libfcgi 2.4.2 Updating config.sub and config.guess[27m
2025-03-27T23:47:39 [7m>>> libfcgi 2.4.2 Configuring[27m
2025-03-27T23:47:39 [7m>>> libfcgi 2.4.2 Autoreconfiguring[27m
2025-03-27T23:47:44 [7m>>> libfcgi 2.4.2 Patching libtool[27m
2025-03-27T23:47:49 [7m>>> libfcgi 2.4.2 Building[27m
2025-03-27T23:47:50 [7m>>> libfcgi 2.4.2 Installing to staging directory[27m
2025-03-27T23:47:50 [7m>>> libfcgi 2.4.2 Fixing libtool files[27m
2025-03-27T23:47:50 [7m>>> libfcgi 2.4.2 Installing to target[27m
2025-03-27T23:47:51 [7m>>> fcgiwrap 99c942c90063c73734e56bacaa65f947772d9186 Extracting[27m
2025-03-27T23:47:51 [7m>>> fcgiwrap 99c942c90063c73734e56bacaa65f947772d9186 Patching[27m
2025-03-27T23:47:51 [7m>>> fcgiwrap 99c942c90063c73734e56bacaa65f947772d9186 Updating config.sub and config.guess[27m
2025-03-27T23:47:51 [7m>>> fcgiwrap 99c942c90063c73734e56bacaa65f947772d9186 Configuring[27m
2025-03-27T23:47:51 [7m>>> fcgiwrap 99c942c90063c73734e56bacaa65f947772d9186 Autoreconfiguring[27m
2025-03-27T23:47:53 [7m>>> fcgiwrap 99c942c90063c73734e56bacaa65f947772d9186 Patching libtool[27m
2025-03-27T23:47:55 [7m>>> fcgiwrap 99c942c90063c73734e56bacaa65f947772d9186 Building[27m
2025-03-27T23:47:56 [7m>>> fcgiwrap 99c942c90063c73734e56bacaa65f947772d9186 Installing to target[27m
2025-03-27T23:47:56 [7m>>> host-libjpeg 9e Extracting[27m
2025-03-27T23:47:57 [7m>>> host-libjpeg 9e Patching[27m
2025-03-27T23:47:57 [7m>>> host-libjpeg 9e Updating config.sub and config.guess[27m
2025-03-27T23:47:57 [7m>>> host-libjpeg 9e Patching libtool[27m
2025-03-27T23:47:57 [7m>>> host-libjpeg 9e Configuring[27m
2025-03-27T23:47:59 [7m>>> host-libjpeg 9e Building[27m
2025-03-27T23:48:00 [7m>>> host-libjpeg 9e Installing to host directory[27m
2025-03-27T23:48:02 [7m>>> host-libpng 1.6.37 Extracting[27m
2025-03-27T23:48:02 [7m>>> host-libpng 1.6.37 Patching[27m
2025-03-27T23:48:02 [7m>>> host-libpng 1.6.37 Updating config.sub and config.guess[27m
2025-03-27T23:48:02 [7m>>> host-libpng 1.6.37 Patching libtool[27m
2025-03-27T23:48:02 [7m>>> host-libpng 1.6.37 Configuring[27m
2025-03-27T23:48:05 [7m>>> host-libpng 1.6.37 Building[27m
2025-03-27T23:48:06 [7m>>> host-libpng 1.6.37 Installing to host directory[27m
2025-03-27T23:48:08 [7m>>> host-gdk-pixbuf 2.42.8 Extracting[27m
2025-03-27T23:48:09 [7m>>> host-gdk-pixbuf 2.42.8 Patching[27m
2025-03-27T23:48:09 [7m>>> host-gdk-pixbuf 2.42.8 Configuring[27m
2025-03-27T23:48:12 [7m>>> host-gdk-pixbuf 2.42.8 Building[27m
2025-03-27T23:48:14 [7m>>> host-gdk-pixbuf 2.42.8 Installing to host directory[27m
2025-03-27T23:48:17 [7m>>> jpeg-turbo 2.1.3 Extracting[27m
2025-03-27T23:48:17 [7m>>> jpeg-turbo 2.1.3 Patching[27m
2025-03-27T23:48:17 [7m>>> jpeg-turbo 2.1.3 Configuring[27m
2025-03-27T23:48:19 [7m>>> jpeg-turbo 2.1.3 Building[27m
2025-03-27T23:48:19 [7m>>> jpeg-turbo 2.1.3 Installing to staging directory[27m
2025-03-27T23:48:19 [7m>>> jpeg-turbo 2.1.3 Fixing libtool files[27m
2025-03-27T23:48:19 [7m>>> jpeg-turbo 2.1.3 Installing to target[27m
2025-03-27T23:48:20 [7m>>> jpeg  Extracting[27m
2025-03-27T23:48:20 [7m>>> jpeg  Patching[27m
2025-03-27T23:48:20 [7m>>> jpeg  Configuring[27m
2025-03-27T23:48:20 [7m>>> jpeg  Building[27m
2025-03-27T23:48:21 [7m>>> jpeg  Installing to target[27m
2025-03-27T23:48:21 [7m>>> libpng 1.6.37 Extracting[27m
2025-03-27T23:48:21 [7m>>> libpng 1.6.37 Patching[27m
2025-03-27T23:48:21 [7m>>> libpng 1.6.37 Updating config.sub and config.guess[27m
2025-03-27T23:48:21 [7m>>> libpng 1.6.37 Patching libtool[27m
2025-03-27T23:48:21 [7m>>> libpng 1.6.37 Configuring[27m
2025-03-27T23:48:25 [7m>>> libpng 1.6.37 Building[27m
2025-03-27T23:48:25 [7m>>> libpng 1.6.37 Installing to staging directory[27m
2025-03-27T23:48:25 [7m>>> libpng 1.6.37 Fixing package configuration files[27m
2025-03-27T23:48:25 [7m>>> libpng 1.6.37 Fixing libtool files[27m
2025-03-27T23:48:26 [7m>>> libpng 1.6.37 Installing to target[27m
2025-03-27T23:48:26 [7m>>> gdk-pixbuf 2.42.8 Extracting[27m
2025-03-27T23:48:27 [7m>>> gdk-pixbuf 2.42.8 Patching[27m
2025-03-27T23:48:27 [7m>>> gdk-pixbuf 2.42.8 Configuring[27m
2025-03-27T23:48:31 [7m>>> gdk-pixbuf 2.42.8 Building[27m
2025-03-27T23:48:32 [7m>>> gdk-pixbuf 2.42.8 Installing to staging directory[27m
2025-03-27T23:48:33 [7m>>> gdk-pixbuf 2.42.8 Fixing libtool files[27m
2025-03-27T23:48:33 [7m>>> gdk-pixbuf 2.42.8 Installing to target[27m
2025-03-27T23:48:34 [7m>>> libtasn1 4.18.0 Extracting[27m
2025-03-27T23:48:34 [7m>>> libtasn1 4.18.0 Patching[27m
2025-03-27T23:48:34 [7m>>> libtasn1 4.18.0 Updating config.sub and config.guess[27m
2025-03-27T23:48:34 [7m>>> libtasn1 4.18.0 Configuring[27m
2025-03-27T23:48:34 [7m>>> libtasn1 4.18.0 Autoreconfiguring[27m
2025-03-27T23:48:45 [7m>>> libtasn1 4.18.0 Patching libtool[27m
2025-03-27T23:48:55 [7m>>> libtasn1 4.18.0 Building[27m
2025-03-27T23:48:57 [7m>>> libtasn1 4.18.0 Installing to staging directory[27m
2025-03-27T23:48:57 [7m>>> libtasn1 4.18.0 Fixing libtool files[27m
2025-03-27T23:48:58 [7m>>> libtasn1 4.18.0 Installing to target[27m
2025-03-27T23:48:59 [7m>>> nettle 3.8 Extracting[27m
2025-03-27T23:48:59 [7m>>> nettle 3.8 Patching[27m
2025-03-27T23:48:59 [7m>>> nettle 3.8 Updating config.sub and config.guess[27m
2025-03-27T23:48:59 [7m>>> nettle 3.8 Patching libtool[27m
2025-03-27T23:48:59 [7m>>> nettle 3.8 Configuring[27m
2025-03-27T23:49:03 [7m>>> nettle 3.8 Building[27m
2025-03-27T23:49:10 [7m>>> nettle 3.8 Installing to staging directory[27m
2025-03-27T23:49:10 [7m>>> nettle 3.8 Fixing libtool files[27m
2025-03-27T23:49:11 [7m>>> nettle 3.8 Installing to target[27m
2025-03-27T23:49:12 [7m>>> p11-kit 0.24.1 Extracting[27m
2025-03-27T23:49:12 [7m>>> p11-kit 0.24.1 Patching[27m
2025-03-27T23:49:12 [7m>>> p11-kit 0.24.1 Updating config.sub and config.guess[27m
2025-03-27T23:49:12 [7m>>> p11-kit 0.24.1 Patching libtool[27m
2025-03-27T23:49:12 [7m>>> p11-kit 0.24.1 Configuring[27m
2025-03-27T23:49:19 [7m>>> p11-kit 0.24.1 Building[27m
2025-03-27T23:49:23 [7m>>> p11-kit 0.24.1 Installing to staging directory[27m
2025-03-27T23:49:23 [7m>>> p11-kit 0.24.1 Fixing libtool files[27m
2025-03-27T23:49:23 [7m>>> p11-kit 0.24.1 Installing to target[27m
2025-03-27T23:49:24 [7m>>> gnutls 3.7.7 Extracting[27m
2025-03-27T23:49:25 [7m>>> gnutls 3.7.7 Patching[27m
2025-03-27T23:49:25 [7m>>> gnutls 3.7.7 Updating config.sub and config.guess[27m
2025-03-27T23:49:25 [7m>>> gnutls 3.7.7 Patching libtool[27m
2025-03-27T23:49:25 [7m>>> gnutls 3.7.7 Configuring[27m
2025-03-27T23:49:51 [7m>>> gnutls 3.7.7 Building[27m
2025-03-27T23:49:58 [7m>>> gnutls 3.7.7 Installing to staging directory[27m
2025-03-27T23:49:59 [7m>>> gnutls 3.7.7 Fixing libtool files[27m
2025-03-27T23:49:59 [7m>>> gnutls 3.7.7 Installing to target[27m
2025-03-27T23:50:01 [7m>>> glib-networking 2.70.1 Extracting[27m
2025-03-27T23:50:01 [7m>>> glib-networking 2.70.1 Patching[27m
2025-03-27T23:50:01 [7m>>> glib-networking 2.70.1 Configuring[27m
2025-03-27T23:50:03 [7m>>> glib-networking 2.70.1 Building[27m
2025-03-27T23:50:03 [7m>>> glib-networking 2.70.1 Installing to staging directory[27m
2025-03-27T23:50:04 [7m>>> glib-networking 2.70.1 Fixing libtool files[27m
2025-03-27T23:50:04 [7m>>> glib-networking 2.70.1 Installing to target[27m
2025-03-27T23:50:05 [7m>>> popt 1.18 Extracting[27m
2025-03-27T23:50:05 [7m>>> popt 1.18 Patching[27m
2025-03-27T23:50:05 [7m>>> popt 1.18 Updating config.sub and config.guess[27m
2025-03-27T23:50:05 [7m>>> popt 1.18 Configuring[27m
2025-03-27T23:50:05 [7m>>> popt 1.18 Gettextizing[27m
2025-03-27T23:50:06 [7m>>> popt 1.18 Autoreconfiguring[27m
2025-03-27T23:50:12 [7m>>> popt 1.18 Patching libtool[27m
2025-03-27T23:50:16 [7m>>> popt 1.18 Building[27m
2025-03-27T23:50:16 [7m>>> popt 1.18 Installing to staging directory[27m
2025-03-27T23:50:16 [7m>>> popt 1.18 Fixing libtool files[27m
2025-03-27T23:50:17 [7m>>> popt 1.18 Installing to target[27m
2025-03-27T23:50:17 [7m>>> gptfdisk 1.0.9 Extracting[27m
2025-03-27T23:50:17 [7m>>> gptfdisk 1.0.9 Patching[27m
2025-03-27T23:50:18 [7m>>> gptfdisk 1.0.9 Configuring[27m
2025-03-27T23:50:18 [7m>>> gptfdisk 1.0.9 Building[27m
2025-03-27T23:50:18 [7m>>> gptfdisk 1.0.9 Installing to target[27m
2025-03-27T23:50:19 [7m>>> host-flex 2.6.4 Extracting[27m
2025-03-27T23:50:19 [7m>>> host-flex 2.6.4 Patching[27m
2025-03-27T23:50:19 [7m>>> host-flex 2.6.4 Updating config.sub and config.guess[27m
2025-03-27T23:50:19 [7m>>> host-flex 2.6.4 Configuring[27m
2025-03-27T23:50:19 [7m>>> host-flex 2.6.4 Gettextizing[27m
2025-03-27T23:50:20 [7m>>> host-flex 2.6.4 Autoreconfiguring[27m
2025-03-27T23:50:26 [7m>>> host-flex 2.6.4 Patching libtool[27m
2025-03-27T23:50:32 [7m>>> host-flex 2.6.4 Building[27m
2025-03-27T23:50:32 [7m>>> host-flex 2.6.4 Installing to host directory[27m
2025-03-27T23:50:34 [7m>>> gstreamer1 1.20.3 Extracting[27m
2025-03-27T23:50:35 [7m>>> gstreamer1 1.20.3 Patching[27m
2025-03-27T23:50:35 [7m>>> gstreamer1 1.20.3 Configuring[27m
2025-03-27T23:50:41 [7m>>> gstreamer1 1.20.3 Building[27m
2025-03-27T23:50:43 [7m>>> gstreamer1 1.20.3 Installing to staging directory[27m
2025-03-27T23:50:43 [7m>>> gstreamer1 1.20.3 Fixing libtool files[27m
2025-03-27T23:50:43 [7m>>> gstreamer1 1.20.3 Installing to target[27m
2025-03-27T23:50:45 [7m>>> libpthread-stubs 0.4 Extracting[27m
2025-03-27T23:50:45 [7m>>> libpthread-stubs 0.4 Patching[27m
2025-03-27T23:50:45 [7m>>> libpthread-stubs 0.4 Updating config.sub and config.guess[27m
2025-03-27T23:50:45 [7m>>> libpthread-stubs 0.4 Patching libtool[27m
2025-03-27T23:50:45 [7m>>> libpthread-stubs 0.4 Configuring[27m
2025-03-27T23:50:47 [7m>>> libpthread-stubs 0.4 Building[27m
2025-03-27T23:50:47 [7m>>> libpthread-stubs 0.4 Installing to staging directory[27m
2025-03-27T23:50:47 [7m>>> libpthread-stubs 0.4 Fixing libtool files[27m
2025-03-27T23:50:48 [7m>>> libpthread-stubs 0.4 Installing to target[27m
2025-03-27T23:50:48 [7m>>> libdrm 2.4.112 Extracting[27m
2025-03-27T23:50:48 [7m>>> libdrm 2.4.112 Patching[27m
2025-03-27T23:50:48 [7m>>> libdrm 2.4.112 Configuring[27m
2025-03-27T23:50:51 [7m>>> libdrm 2.4.112 Building[27m
2025-03-27T23:50:52 [7m>>> libdrm 2.4.112 Installing to staging directory[27m
2025-03-27T23:50:52 [7m>>> libdrm 2.4.112 Fixing libtool files[27m
2025-03-27T23:50:52 [7m>>> libdrm 2.4.112 Installing to target[27m
2025-03-27T23:50:53 [7m>>> libogg 1.3.5 Extracting[27m
2025-03-27T23:50:54 [7m>>> libogg 1.3.5 Patching[27m
2025-03-27T23:50:54 [7m>>> libogg 1.3.5 Updating config.sub and config.guess[27m
2025-03-27T23:50:54 [7m>>> libogg 1.3.5 Patching libtool[27m
2025-03-27T23:50:54 [7m>>> libogg 1.3.5 Configuring[27m
2025-03-27T23:51:00 [7m>>> libogg 1.3.5 Building[27m
2025-03-27T23:51:00 [7m>>> libogg 1.3.5 Installing to staging directory[27m
2025-03-27T23:51:00 [7m>>> libogg 1.3.5 Fixing libtool files[27m
2025-03-27T23:51:00 [7m>>> libogg 1.3.5 Installing to target[27m
2025-03-27T23:51:01 [7m>>> libvorbis 1.3.7 Extracting[27m
2025-03-27T23:51:01 [7m>>> libvorbis 1.3.7 Patching[27m
2025-03-27T23:51:01 [7m>>> libvorbis 1.3.7 Updating config.sub and config.guess[27m
2025-03-27T23:51:01 [7m>>> libvorbis 1.3.7 Patching libtool[27m
2025-03-27T23:51:02 [7m>>> libvorbis 1.3.7 Configuring[27m
2025-03-27T23:51:05 [7m>>> libvorbis 1.3.7 Building[27m
2025-03-27T23:51:06 [7m>>> libvorbis 1.3.7 Installing to staging directory[27m
2025-03-27T23:51:06 [7m>>> libvorbis 1.3.7 Fixing libtool files[27m
2025-03-27T23:51:06 [7m>>> libvorbis 1.3.7 Installing to target[27m
2025-03-27T23:51:07 [7m>>> libtheora 1.1.1 Extracting[27m
2025-03-27T23:51:07 [7m>>> libtheora 1.1.1 Patching[27m
2025-03-27T23:51:07 [7m>>> libtheora 1.1.1 Updating config.sub and config.guess[27m
2025-03-27T23:51:08 [7m>>> libtheora 1.1.1 Configuring[27m
2025-03-27T23:51:08 [7m>>> libtheora 1.1.1 Autoreconfiguring[27m
2025-03-27T23:51:13 [7m>>> libtheora 1.1.1 Patching libtool[27m
2025-03-27T23:51:16 [7m>>> libtheora 1.1.1 Building[27m
2025-03-27T23:51:17 [7m>>> libtheora 1.1.1 Installing to staging directory[27m
2025-03-27T23:51:17 [7m>>> libtheora 1.1.1 Fixing libtool files[27m
2025-03-27T23:51:18 [7m>>> libtheora 1.1.1 Installing to target[27m
2025-03-27T23:51:18 [7m>>> rockchip-rga master Syncing from source dir /github/OpenHD-RV1126-OS/buildroot/../external/linux-rga[27m
2025-03-27T23:51:19 [7m>>> rockchip-rga master Configuring[27m
2025-03-27T23:51:20 [7m>>> rockchip-rga master Building[27m
2025-03-27T23:51:20 [7m>>> rockchip-rga master Installing to staging directory[27m
2025-03-27T23:51:21 [7m>>> rockchip-rga master Fixing libtool files[27m
2025-03-27T23:51:21 [7m>>> rockchip-rga master Installing to target[27m
2025-03-27T23:51:23 [7m>>> gst1-plugins-base 1.20.3 Extracting[27m
2025-03-27T23:51:23 [7m>>> gst1-plugins-base 1.20.3 Patching[27m
2025-03-27T23:51:23 [7m>>> gst1-plugins-base 1.20.3 Configuring[27m
2025-03-27T23:51:29 [7m>>> gst1-plugins-base 1.20.3 Building[27m
2025-03-27T23:51:31 [7m>>> gst1-plugins-base 1.20.3 Installing to staging directory[27m
2025-03-27T23:51:32 [7m>>> gst1-plugins-base 1.20.3 Fixing libtool files[27m
2025-03-27T23:51:32 [7m>>> gst1-plugins-base 1.20.3 Installing to target[27m
2025-03-27T23:51:34 [7m>>> libmpeg2 0.5.1 Extracting[27m
2025-03-27T23:51:34 [7m>>> libmpeg2 0.5.1 Patching[27m
2025-03-27T23:51:34 [7m>>> libmpeg2 0.5.1 Updating config.sub and config.guess[27m
2025-03-27T23:51:34 [7m>>> libmpeg2 0.5.1 Configuring[27m
2025-03-27T23:51:34 [7m>>> libmpeg2 0.5.1 Autoreconfiguring[27m
2025-03-27T23:51:39 [7m>>> libmpeg2 0.5.1 Patching libtool[27m
2025-03-27T23:51:42 [7m>>> libmpeg2 0.5.1 Building[27m
2025-03-27T23:51:43 [7m>>> libmpeg2 0.5.1 Installing to staging directory[27m
2025-03-27T23:51:44 [7m>>> libmpeg2 0.5.1 Fixing libtool files[27m
2025-03-27T23:51:44 [7m>>> libmpeg2 0.5.1 Installing to target[27m
2025-03-27T23:51:45 [7m>>> mjpegtools 2.2.1 Extracting[27m
2025-03-27T23:51:45 [7m>>> mjpegtools 2.2.1 Patching[27m
2025-03-27T23:51:45 [7m>>> mjpegtools 2.2.1 Updating config.sub and config.guess[27m
2025-03-27T23:51:45 [7m>>> mjpegtools 2.2.1 Patching libtool[27m
2025-03-27T23:51:45 [7m>>> mjpegtools 2.2.1 Configuring[27m
2025-03-27T23:51:51 [7m>>> mjpegtools 2.2.1 Building[27m
2025-03-27T23:51:55 [7m>>> mjpegtools 2.2.1 Installing to staging directory[27m
2025-03-27T23:51:57 [7m>>> mjpegtools 2.2.1 Fixing libtool files[27m
2025-03-27T23:51:57 [7m>>> mjpegtools 2.2.1 Installing to target[27m
2025-03-27T23:51:59 [7m>>> rtmpdump c5f04a58fc2aeea6296ca7c44ee4734c18401aa3 Extracting[27m
2025-03-27T23:51:59 [7m>>> rtmpdump c5f04a58fc2aeea6296ca7c44ee4734c18401aa3 Patching[27m
2025-03-27T23:51:59 [7m>>> rtmpdump c5f04a58fc2aeea6296ca7c44ee4734c18401aa3 Configuring[27m
2025-03-27T23:52:00 [7m>>> rtmpdump c5f04a58fc2aeea6296ca7c44ee4734c18401aa3 Building[27m
2025-03-27T23:52:00 [7m>>> rtmpdump c5f04a58fc2aeea6296ca7c44ee4734c18401aa3 Installing to staging directory[27m
2025-03-27T23:52:00 [7m>>> rtmpdump c5f04a58fc2aeea6296ca7c44ee4734c18401aa3 Fixing libtool files[27m
2025-03-27T23:52:00 [7m>>> rtmpdump c5f04a58fc2aeea6296ca7c44ee4734c18401aa3 Installing to target[27m
2025-03-27T23:52:01 [7m>>> gst1-plugins-bad 1.20.3 Extracting[27m
2025-03-27T23:52:01 [7m>>> gst1-plugins-bad 1.20.3 Patching[27m
2025-03-27T23:52:02 [7m>>> gst1-plugins-bad 1.20.3 Configuring[27m
2025-03-27T23:52:10 [7m>>> gst1-plugins-bad 1.20.3 Building[27m
2025-03-27T23:52:12 [7m>>> gst1-plugins-bad 1.20.3 Installing to staging directory[27m
2025-03-27T23:52:12 [7m>>> gst1-plugins-bad 1.20.3 Fixing libtool files[27m
2025-03-27T23:52:12 [7m>>> gst1-plugins-bad 1.20.3 Installing to target[27m
2025-03-27T23:52:14 [7m>>> libgudev 237 Extracting[27m
2025-03-27T23:52:14 [7m>>> libgudev 237 Patching[27m
2025-03-27T23:52:14 [7m>>> libgudev 237 Configuring[27m
2025-03-27T23:52:16 [7m>>> libgudev 237 Building[27m
2025-03-27T23:52:16 [7m>>> libgudev 237 Installing to staging directory[27m
2025-03-27T23:52:17 [7m>>> libgudev 237 Fixing libtool files[27m
2025-03-27T23:52:17 [7m>>> libgudev 237 Installing to target[27m
2025-03-27T23:52:18 [7m>>> host-libxml-parser-perl 2.46 Extracting[27m
2025-03-27T23:52:18 [7m>>> host-libxml-parser-perl 2.46 Patching[27m
2025-03-27T23:52:18 [7m>>> host-libxml-parser-perl 2.46 Configuring[27m
2025-03-27T23:52:19 [7m>>> host-libxml-parser-perl 2.46 Building[27m
2025-03-27T23:52:19 [7m>>> host-libxml-parser-perl 2.46 Installing to host directory[27m
2025-03-27T23:52:22 [7m>>> host-intltool 0.51.0 Extracting[27m
2025-03-27T23:52:22 [7m>>> host-intltool 0.51.0 Patching[27m
2025-03-27T23:52:22 [7m>>> host-intltool 0.51.0 Updating config.sub and config.guess[27m
2025-03-27T23:52:22 [7m>>> host-intltool 0.51.0 Patching libtool[27m
2025-03-27T23:52:22 [7m>>> host-intltool 0.51.0 Configuring[27m
2025-03-27T23:52:24 [7m>>> host-intltool 0.51.0 Building[27m
2025-03-27T23:52:24 [7m>>> host-intltool 0.51.0 Installing to host directory[27m
2025-03-27T23:52:26 [7m>>> libpsl 0.21.1 Extracting[27m
2025-03-27T23:52:26 [7m>>> libpsl 0.21.1 Patching[27m
2025-03-27T23:52:26 [7m>>> libpsl 0.21.1 Configuring[27m
2025-03-27T23:52:28 [7m>>> libpsl 0.21.1 Building[27m
2025-03-27T23:52:31 [7m>>> libpsl 0.21.1 Installing to staging directory[27m
2025-03-27T23:52:32 [7m>>> libpsl 0.21.1 Fixing libtool files[27m
2025-03-27T23:52:32 [7m>>> libpsl 0.21.1 Installing to target[27m
2025-03-27T23:52:33 [7m>>> libxml2 2.9.14 Extracting[27m
2025-03-27T23:52:34 [7m>>> libxml2 2.9.14 Patching[27m
2025-03-27T23:52:34 [7m>>> libxml2 2.9.14 Updating config.sub and config.guess[27m
2025-03-27T23:52:34 [7m>>> libxml2 2.9.14 Patching libtool[27m
2025-03-27T23:52:34 [7m>>> libxml2 2.9.14 Configuring[27m
2025-03-27T23:52:40 [7m>>> libxml2 2.9.14 Building[27m
2025-03-27T23:52:41 [7m>>> libxml2 2.9.14 Installing to staging directory[27m
2025-03-27T23:52:41 [7m>>> libxml2 2.9.14 Fixing package configuration files[27m
2025-03-27T23:52:41 [7m>>> libxml2 2.9.14 Fixing libtool files[27m
2025-03-27T23:52:42 [7m>>> libxml2 2.9.14 Installing to target[27m
2025-03-27T23:52:43 [7m>>> sqlite 3.39.2 Extracting[27m
2025-03-27T23:52:43 [7m>>> sqlite 3.39.2 Patching[27m
2025-03-27T23:52:43 [7m>>> sqlite 3.39.2 Updating config.sub and config.guess[27m
2025-03-27T23:52:43 [7m>>> sqlite 3.39.2 Patching libtool[27m
2025-03-27T23:52:43 [7m>>> sqlite 3.39.2 Configuring[27m
2025-03-27T23:52:47 [7m>>> sqlite 3.39.2 Building[27m
2025-03-27T23:52:48 [7m>>> sqlite 3.39.2 Installing to staging directory[27m
2025-03-27T23:52:48 [7m>>> sqlite 3.39.2 Fixing libtool files[27m
2025-03-27T23:52:48 [7m>>> sqlite 3.39.2 Installing to target[27m
2025-03-27T23:52:49 [7m>>> libsoup 2.74.2 Extracting[27m
2025-03-27T23:52:49 [7m>>> libsoup 2.74.2 Patching[27m
2025-03-27T23:52:49 [7m>>> libsoup 2.74.2 Configuring[27m
2025-03-27T23:52:51 [7m>>> libsoup 2.74.2 Building[27m
2025-03-27T23:52:53 [7m>>> libsoup 2.74.2 Installing to staging directory[27m
2025-03-27T23:52:53 [7m>>> libsoup 2.74.2 Fixing libtool files[27m
2025-03-27T23:52:53 [7m>>> libsoup 2.74.2 Installing to target[27m
2025-03-27T23:52:55 [7m>>> libv4l 1.22.1 Extracting[27m
2025-03-27T23:52:55 [7m>>> libv4l 1.22.1 Patching[27m
2025-03-27T23:52:55 [7m>>> libv4l 1.22.1 Updating config.sub and config.guess[27m
2025-03-27T23:52:55 [7m>>> libv4l 1.22.1 Configuring[27m
2025-03-27T23:52:55 [7m>>> libv4l 1.22.1 Autoreconfiguring[27m
2025-03-27T23:53:04 [7m>>> libv4l 1.22.1 Patching libtool[27m
2025-03-27T23:53:10 [7m>>> libv4l 1.22.1 Building[27m
2025-03-27T23:53:17 [7m>>> libv4l 1.22.1 Installing to staging directory[27m
2025-03-27T23:53:19 [7m>>> libv4l 1.22.1 Fixing libtool files[27m
2025-03-27T23:53:19 [7m>>> libv4l 1.22.1 Installing to target[27m
2025-03-27T23:53:22 [7m>>> mpg123 1.25.15 Extracting[27m
2025-03-27T23:53:22 [7m>>> mpg123 1.25.15 Patching[27m
2025-03-27T23:53:23 [7m>>> mpg123 1.25.15 Updating config.sub and config.guess[27m
2025-03-27T23:53:23 [7m>>> mpg123 1.25.15 Patching libtool[27m
2025-03-27T23:53:23 [7m>>> mpg123 1.25.15 Configuring[27m
2025-03-27T23:53:31 [7m>>> mpg123 1.25.15 Building[27m
2025-03-27T23:53:32 [7m>>> mpg123 1.25.15 Installing to staging directory[27m
2025-03-27T23:53:32 [7m>>> mpg123 1.25.15 Fixing libtool files[27m
2025-03-27T23:53:32 [7m>>> mpg123 1.25.15 Installing to target[27m
2025-03-27T23:53:33 [7m>>> gst1-plugins-good 1.20.3 Extracting[27m
2025-03-27T23:53:34 [7m>>> gst1-plugins-good 1.20.3 Patching[27m
2025-03-27T23:53:34 [7m>>> gst1-plugins-good 1.20.3 Configuring[27m
2025-03-27T23:53:40 [7m>>> gst1-plugins-good 1.20.3 Building[27m
2025-03-27T23:53:41 [7m>>> gst1-plugins-good 1.20.3 Installing to target[27m
2025-03-27T23:53:42 [7m>>> gst1-plugins-ugly 1.20.3 Extracting[27m
2025-03-27T23:53:42 [7m>>> gst1-plugins-ugly 1.20.3 Patching[27m
2025-03-27T23:53:42 [7m>>> gst1-plugins-ugly 1.20.3 Configuring[27m
2025-03-27T23:53:47 [7m>>> gst1-plugins-ugly 1.20.3 Building[27m
2025-03-27T23:53:47 [7m>>> gst1-plugins-ugly 1.20.3 Installing to target[27m
2025-03-27T23:53:48 [7m>>> htop 3.2.1 Extracting[27m
2025-03-27T23:53:48 [7m>>> htop 3.2.1 Patching[27m
2025-03-27T23:53:48 [7m>>> htop 3.2.1 Updating config.sub and config.guess[27m
2025-03-27T23:53:48 [7m>>> htop 3.2.1 Patching libtool[27m
2025-03-27T23:53:48 [7m>>> htop 3.2.1 Configuring[27m
2025-03-27T23:53:52 [7m>>> htop 3.2.1 Building[27m
2025-03-27T23:53:52 [7m>>> htop 3.2.1 Installing to target[27m
2025-03-27T23:53:53 [7m>>> ifupdown-scripts  Extracting[27m
2025-03-27T23:53:53 [7m>>> ifupdown-scripts  Patching[27m
2025-03-27T23:53:53 [7m>>> ifupdown-scripts  Configuring[27m
2025-03-27T23:53:53 [7m>>> ifupdown-scripts  Building[27m
2025-03-27T23:53:53 [7m>>> ifupdown-scripts  Installing to target[27m
2025-03-27T23:53:54 [7m>>> initscripts  Extracting[27m
2025-03-27T23:53:54 [7m>>> initscripts  Patching[27m
2025-03-27T23:53:54 [7m>>> initscripts  Configuring[27m
2025-03-27T23:53:55 [7m>>> initscripts  Building[27m
2025-03-27T23:53:55 [7m>>> initscripts  Installing to target[27m
2025-03-27T23:53:55 [7m>>> input-event-daemon 0.1.3 Extracting[27m
2025-03-27T23:53:55 [7m>>> input-event-daemon 0.1.3 Patching[27m
2025-03-27T23:53:56 [7m>>> input-event-daemon 0.1.3 Configuring[27m
2025-03-27T23:53:56 [7m>>> input-event-daemon 0.1.3 Building[27m
2025-03-27T23:53:56 [7m>>> input-event-daemon 0.1.3 Installing to target[27m
2025-03-27T23:53:57 [7m>>> libnl 3.6.0 Extracting[27m
2025-03-27T23:53:57 [7m>>> libnl 3.6.0 Patching[27m
2025-03-27T23:53:57 [7m>>> libnl 3.6.0 Updating config.sub and config.guess[27m
2025-03-27T23:53:57 [7m>>> libnl 3.6.0 Patching libtool[27m
2025-03-27T23:53:57 [7m>>> libnl 3.6.0 Configuring[27m
2025-03-27T23:54:00 [7m>>> libnl 3.6.0 Building[27m
2025-03-27T23:54:03 [7m>>> libnl 3.6.0 Installing to staging directory[27m
2025-03-27T23:54:03 [7m>>> libnl 3.6.0 Fixing libtool files[27m
2025-03-27T23:54:03 [7m>>> libnl 3.6.0 Installing to target[27m
2025-03-27T23:54:04 [7m>>> iw 5.16 Extracting[27m
2025-03-27T23:54:05 [7m>>> iw 5.16 Patching[27m
2025-03-27T23:54:05 [7m>>> iw 5.16 Configuring[27m
2025-03-27T23:54:05 [7m>>> iw 5.16 Building[27m
2025-03-27T23:54:05 [7m>>> iw 5.16 Installing to target[27m
2025-03-27T23:54:06 [7m>>> json-c 0.16 Extracting[27m
2025-03-27T23:54:06 [7m>>> json-c 0.16 Patching[27m
2025-03-27T23:54:06 [7m>>> json-c 0.16 Configuring[27m
2025-03-27T23:54:10 [7m>>> json-c 0.16 Building[27m
2025-03-27T23:54:11 [7m>>> json-c 0.16 Installing to staging directory[27m
2025-03-27T23:54:11 [7m>>> json-c 0.16 Fixing libtool files[27m
2025-03-27T23:54:11 [7m>>> json-c 0.16 Installing to target[27m
2025-03-27T23:54:12 [7m>>> libcurl 7.84.0 Extracting[27m
2025-03-27T23:54:12 [7m>>> libcurl 7.84.0 Patching[27m
2025-03-27T23:54:12 [7m>>> libcurl 7.84.0 Updating config.sub and config.guess[27m
2025-03-27T23:54:13 [7m>>> libcurl 7.84.0 Configuring[27m
2025-03-27T23:54:13 [7m>>> libcurl 7.84.0 Autoreconfiguring[27m
2025-03-27T23:54:27 [7m>>> libcurl 7.84.0 Patching libtool[27m
2025-03-27T23:54:46 [7m>>> libcurl 7.84.0 Building[27m
2025-03-27T23:54:48 [7m>>> libcurl 7.84.0 Installing to staging directory[27m
2025-03-27T23:54:49 [7m>>> libcurl 7.84.0 Fixing package configuration files[27m
2025-03-27T23:54:49 [7m>>> libcurl 7.84.0 Fixing libtool files[27m
2025-03-27T23:54:49 [7m>>> libcurl 7.84.0 Installing to target[27m
2025-03-27T23:54:51 [7m>>> liblockfile 1.17 Extracting[27m
2025-03-27T23:54:51 [7m>>> liblockfile 1.17 Patching[27m
2025-03-27T23:54:51 [7m>>> liblockfile 1.17 Updating config.sub and config.guess[27m
2025-03-27T23:54:51 [7m>>> liblockfile 1.17 Configuring[27m
2025-03-27T23:54:51 [7m>>> liblockfile 1.17 Autoreconfiguring[27m
2025-03-27T23:54:53 [7m>>> liblockfile 1.17 Patching libtool[27m
2025-03-27T23:54:54 [7m>>> liblockfile 1.17 Building[27m
2025-03-27T23:54:54 [7m>>> liblockfile 1.17 Installing to staging directory[27m
2025-03-27T23:54:54 [7m>>> liblockfile 1.17 Fixing libtool files[27m
2025-03-27T23:54:55 [7m>>> liblockfile 1.17 Installing to target[27m
2025-03-27T23:54:55 [7m>>> libmad 0.15.1b Extracting[27m
2025-03-27T23:54:56 [7m>>> libmad 0.15.1b Patching[27m
2025-03-27T23:54:56 [7m>>> libmad 0.15.1b Updating config.sub and config.guess[27m
2025-03-27T23:54:56 [7m>>> libmad 0.15.1b Configuring[27m
2025-03-27T23:54:56 [7m>>> libmad 0.15.1b Autoreconfiguring[27m
2025-03-27T23:55:00 [7m>>> libmad 0.15.1b Patching libtool[27m
2025-03-27T23:55:04 [7m>>> libmad 0.15.1b Building[27m
2025-03-27T23:55:04 [7m>>> libmad 0.15.1b Installing to staging directory[27m
2025-03-27T23:55:04 [7m>>> libmad 0.15.1b Fixing libtool files[27m
2025-03-27T23:55:05 [7m>>> libmad 0.15.1b Installing to target[27m
2025-03-27T23:55:05 [7m>>> libndp 1.8 Extracting[27m
2025-03-27T23:55:06 [7m>>> libndp 1.8 Patching[27m
2025-03-27T23:55:06 [7m>>> libndp 1.8 Updating config.sub and config.guess[27m
2025-03-27T23:55:06 [7m>>> libndp 1.8 Configuring[27m
2025-03-27T23:55:06 [7m>>> libndp 1.8 Autoreconfiguring[27m
2025-03-27T23:55:11 [7m>>> libndp 1.8 Patching libtool[27m
2025-03-27T23:55:13 [7m>>> libndp 1.8 Building[27m
2025-03-27T23:55:14 [7m>>> libndp 1.8 Installing to staging directory[27m
2025-03-27T23:55:14 [7m>>> libndp 1.8 Fixing libtool files[27m
2025-03-27T23:55:15 [7m>>> libndp 1.8 Installing to target[27m
2025-03-27T23:55:15 [7m>>> libpcap 1.10.1 Extracting[27m
2025-03-27T23:55:15 [7m>>> libpcap 1.10.1 Patching[27m
2025-03-27T23:55:16 [7m>>> libpcap 1.10.1 Updating config.sub and config.guess[27m
2025-03-27T23:55:16 [7m>>> libpcap 1.10.1 Patching libtool[27m
2025-03-27T23:55:16 [7m>>> libpcap 1.10.1 Configuring[27m
2025-03-27T23:55:21 [7m>>> libpcap 1.10.1 Building[27m
2025-03-27T23:55:21 [7m>>> libpcap 1.10.1 Installing to staging directory[27m
2025-03-27T23:55:22 [7m>>> libpcap 1.10.1 Fixing package configuration files[27m
2025-03-27T23:55:22 [7m>>> libpcap 1.10.1 Fixing libtool files[27m
2025-03-27T23:55:22 [7m>>> libpcap 1.10.1 Installing to target[27m
2025-03-27T23:55:23 [7m>>> libsodium 1.0.18 Extracting[27m
2025-03-27T23:55:23 [7m>>> libsodium 1.0.18 Patching[27m
2025-03-27T23:55:23 [7m>>> libsodium 1.0.18 Updating config.sub and config.guess[27m
2025-03-27T23:55:23 [7m>>> libsodium 1.0.18 Patching libtool[27m
2025-03-27T23:55:23 [7m>>> libsodium 1.0.18 Configuring[27m
2025-03-27T23:55:32 [7m>>> libsodium 1.0.18 Building[27m
2025-03-27T23:55:38 [7m>>> libsodium 1.0.18 Installing to staging directory[27m
2025-03-27T23:55:38 [7m>>> libsodium 1.0.18 Fixing libtool files[27m
2025-03-27T23:55:39 [7m>>> libsodium 1.0.18 Installing to target[27m
2025-03-27T23:55:40 [7m>>> linux-tools  Extracting[27m
2025-03-27T23:55:40 [7m>>> linux custom Syncing from source dir /github/OpenHD-RV1126-OS/buildroot/../kernel[27m
2025-03-27T23:55:56 [7m>>> linux-tools  Patching[27m
2025-03-27T23:55:56 [7m>>> linux-tools  Configuring[27m
2025-03-27T23:55:56 [7m>>> linux-tools  Building[27m
2025-03-27T23:56:02 [7m>>> linux-tools  Installing to staging directory[27m
2025-03-27T23:56:02 [7m>>> linux-tools  Fixing libtool files[27m
2025-03-27T23:56:03 [7m>>> linux-tools  Installing to target[27m
2025-03-27T23:56:09 [7m>>> lockfile-progs 0.1.19 Extracting[27m
2025-03-27T23:56:10 [7m>>> lockfile-progs 0.1.19 Patching[27m
2025-03-27T23:56:10 [7m>>> lockfile-progs 0.1.19 Configuring[27m
2025-03-27T23:56:10 [7m>>> lockfile-progs 0.1.19 Building[27m
2025-03-27T23:56:10 [7m>>> lockfile-progs 0.1.19 Installing to target[27m
2025-03-27T23:56:11 [7m>>> nano 6.3 Extracting[27m
2025-03-27T23:56:11 [7m>>> nano 6.3 Patching[27m
2025-03-27T23:56:11 [7m>>> nano 6.3 Updating config.sub and config.guess[27m
2025-03-27T23:56:11 [7m>>> nano 6.3 Patching libtool[27m
2025-03-27T23:56:11 [7m>>> nano 6.3 Configuring[27m
2025-03-27T23:56:24 [7m>>> nano 6.3 Building[27m
2025-03-27T23:56:24 [7m>>> nano 6.3 Installing to target[27m
2025-03-27T23:56:25 [7m>>> network-manager 1.36.4 Extracting[27m
2025-03-27T23:56:25 [7m>>> network-manager 1.36.4 Patching[27m
2025-03-27T23:56:26 [7m>>> network-manager 1.36.4 Updating config.sub and config.guess[27m
2025-03-27T23:56:26 [7m>>> network-manager 1.36.4 Patching libtool[27m
2025-03-27T23:56:26 [7m>>> network-manager 1.36.4 Configuring[27m
2025-03-27T23:56:34 [7m>>> network-manager 1.36.4 Building[27m
2025-03-27T23:56:44 [7m>>> network-manager 1.36.4 Installing to staging directory[27m
2025-03-27T23:56:45 [7m>>> network-manager 1.36.4 Fixing libtool files[27m
2025-03-27T23:56:46 [7m>>> network-manager 1.36.4 Installing to target[27m
2025-03-27T23:56:48 [7m>>> host-ntfs-3g 2022.5.17 Extracting[27m
2025-03-27T23:56:48 [7m>>> host-ntfs-3g 2022.5.17 Patching[27m
2025-03-27T23:56:48 [7m>>> host-ntfs-3g 2022.5.17 Updating config.sub and config.guess[27m
2025-03-27T23:56:48 [7m>>> host-ntfs-3g 2022.5.17 Patching libtool[27m
2025-03-27T23:56:48 [7m>>> host-ntfs-3g 2022.5.17 Configuring[27m
2025-03-27T23:56:57 [7m>>> host-ntfs-3g 2022.5.17 Building[27m
2025-03-27T23:56:58 [7m>>> host-ntfs-3g 2022.5.17 Installing to host directory[27m
2025-03-27T23:57:00 [7m>>> oem  Extracting[27m
2025-03-27T23:57:00 [7m>>> oem  Patching[27m
2025-03-27T23:57:01 [7m>>> oem  Configuring[27m
2025-03-27T23:57:01 [7m>>> oem  Building[27m
2025-03-27T23:57:01 [7m>>> oem  Installing to target[27m
2025-03-27T23:57:02 [7m>>> poco 1.11.2 Extracting[27m
2025-03-27T23:57:02 [7m>>> poco 1.11.2 Patching[27m
2025-03-27T23:57:02 [7m>>> poco 1.11.2 Configuring[27m
2025-03-27T23:57:02 [7m>>> poco 1.11.2 Building[27m
2025-03-27T23:57:29 [7m>>> poco 1.11.2 Installing to staging directory[27m
2025-03-27T23:57:29 [7m>>> poco 1.11.2 Fixing libtool files[27m
2025-03-27T23:57:30 [7m>>> poco 1.11.2 Installing to target[27m
2025-03-27T23:57:33 [7m>>> openhd 2.6-evo Extracting[27m
2025-03-27T23:57:34 [7m>>> openhd 2.6-evo Patching[27m
2025-03-27T23:57:34 [7m>>> openhd 2.6-evo Configuring[27m
2025-03-27T23:57:36 [7m>>> openhd 2.6-evo Building[27m
2025-03-27T23:57:55 [7m>>> openhd 2.6-evo Installing to staging directory[27m
2025-03-27T23:57:55 [7m>>> openhd 2.6-evo Fixing libtool files[27m
2025-03-27T23:57:55 [7m>>> openhd 2.6-evo Installing to target[27m
2025-03-27T23:57:56 [7m>>> host-patchelf 0.13 Extracting[27m
2025-03-27T23:57:56 [7m>>> host-patchelf 0.13 Patching[27m
2025-03-27T23:57:56 [7m>>> host-patchelf 0.13 Updating config.sub and config.guess[27m
2025-03-27T23:57:56 [7m>>> host-patchelf 0.13 Patching libtool[27m
2025-03-27T23:57:56 [7m>>> host-patchelf 0.13 Configuring[27m
2025-03-27T23:57:58 [7m>>> host-patchelf 0.13 Building[27m
2025-03-27T23:57:58 [7m>>> host-patchelf 0.13 Installing to host directory[27m
2025-03-27T23:58:00 [7m>>> pixman 0.40.0 Extracting[27m
2025-03-27T23:58:00 [7m>>> pixman 0.40.0 Patching[27m
2025-03-27T23:58:00 [7m>>> pixman 0.40.0 Updating config.sub and config.guess[27m
2025-03-27T23:58:01 [7m>>> pixman 0.40.0 Configuring[27m
2025-03-27T23:58:01 [7m>>> pixman 0.40.0 Autoreconfiguring[27m
2025-03-27T23:58:05 [7m>>> pixman 0.40.0 Patching libtool[27m
2025-03-27T23:58:10 [7m>>> pixman 0.40.0 Building[27m
2025-03-27T23:58:11 [7m>>> pixman 0.40.0 Installing to staging directory[27m
2025-03-27T23:58:11 [7m>>> pixman 0.40.0 Fixing libtool files[27m
2025-03-27T23:58:12 [7m>>> pixman 0.40.0 Installing to target[27m
2025-03-27T23:58:13 [7m>>> pm-utils 1.4.1 Extracting[27m
2025-03-27T23:58:13 [7m>>> pm-utils 1.4.1 Patching[27m
2025-03-27T23:58:13 [7m>>> pm-utils 1.4.1 Updating config.sub and config.guess[27m
2025-03-27T23:58:13 [7m>>> pm-utils 1.4.1 Patching libtool[27m
2025-03-27T23:58:13 [7m>>> pm-utils 1.4.1 Configuring[27m
2025-03-27T23:58:15 [7m>>> pm-utils 1.4.1 Building[27m
2025-03-27T23:58:15 [7m>>> pm-utils 1.4.1 Installing to target[27m
2025-03-27T23:58:16 [7m>>> camera-engine-rkaiq 1.0 Syncing from source dir /github/OpenHD-RV1126-OS/buildroot/../external/camera_engine_rkaiq[27m
2025-03-27T23:58:18 [7m>>> camera-engine-rkaiq 1.0 Configuring[27m
2025-03-27T23:58:19 [7m>>> camera-engine-rkaiq 1.0 Building[27m
2025-03-27T23:58:20 [7m>>> camera-engine-rkaiq 1.0 Installing to staging directory[27m
2025-03-27T23:58:20 [7m>>> camera-engine-rkaiq 1.0 Fixing libtool files[27m
2025-03-27T23:58:20 [7m>>> camera-engine-rkaiq 1.0 Installing to target[27m
2025-03-27T23:58:22 [7m>>> mpp release Syncing from source dir /github/OpenHD-RV1126-OS/buildroot/../external/mpp[27m
2025-03-27T23:58:22 [7m>>> mpp release Configuring[27m
2025-03-27T23:58:23 [7m>>> mpp release Building[27m
2025-03-27T23:58:24 [7m>>> mpp release Installing to staging directory[27m
2025-03-27T23:58:24 [7m>>> mpp release Fixing libtool files[27m
2025-03-27T23:58:25 [7m>>> mpp release Installing to target[27m
2025-03-27T23:58:26 [7m>>> gstreamer1-rockchip master Syncing from source dir /github/OpenHD-RV1126-OS/buildroot/../external/gstreamer-rockchip[27m
2025-03-27T23:58:26 [7m>>> gstreamer1-rockchip master Configuring[27m
2025-03-27T23:58:29 [7m>>> gstreamer1-rockchip master Building[27m
2025-03-27T23:58:29 [7m>>> gstreamer1-rockchip master Installing to target[27m
2025-03-27T23:58:30 [7m>>> recovery develop Syncing from source dir /github/OpenHD-RV1126-OS/buildroot/../external/recovery[27m
2025-03-27T23:58:30 [7m>>> recovery develop Configuring[27m
2025-03-27T23:58:30 [7m>>> recovery develop Building[27m
2025-03-27T23:58:30 [7m>>> recovery develop Installing to target[27m
2025-03-27T23:58:31 [7m>>> rkfsmk  Syncing from source dir /github/OpenHD-RV1126-OS/buildroot/../external/rkfsmk[27m
2025-03-27T23:58:31 [7m>>> rkfsmk  Configuring[27m
2025-03-27T23:58:32 [7m>>> rkfsmk  Building[27m
2025-03-27T23:58:32 [7m>>> rkfsmk  Installing to staging directory[27m
2025-03-27T23:58:32 [7m>>> rkfsmk  Fixing libtool files[27m
2025-03-27T23:58:32 [7m>>> rkfsmk  Installing to target[27m
2025-03-27T23:58:33 [7m>>> rkscript  Syncing from source dir /github/OpenHD-RV1126-OS/buildroot/../external/rkscript[27m
2025-03-27T23:58:33 [7m>>> rkscript  Configuring[27m
2025-03-27T23:58:33 [7m>>> rkscript  Building[27m
2025-03-27T23:58:33 [7m>>> rkscript  Installing to target[27m
2025-03-27T23:58:34 [7m>>> rktoolkit master Syncing from source dir /github/OpenHD-RV1126-OS/buildroot/../external/rktoolkit[27m
2025-03-27T23:58:34 [7m>>> rktoolkit master Configuring[27m
2025-03-27T23:58:34 [7m>>> rktoolkit master Building[27m
2025-03-27T23:58:35 [7m>>> rktoolkit master Installing to target[27m
2025-03-27T23:58:36 [7m>>> rockchip-alsa-config 1.0 Syncing from source dir /github/OpenHD-RV1126-OS/buildroot/../external/alsa-config[27m
2025-03-27T23:58:36 [7m>>> rockchip-alsa-config 1.0 Configuring[27m
2025-03-27T23:58:37 [7m>>> rockchip-alsa-config 1.0 Building[27m
2025-03-27T23:58:37 [7m>>> rockchip-alsa-config 1.0 Installing to target[27m
2025-03-27T23:58:38 [7m>>> rsync 3.2.3 Extracting[27m
2025-03-27T23:58:38 [7m>>> rsync 3.2.3 Patching[27m
2025-03-27T23:58:38 [7m>>> rsync 3.2.3 Updating config.sub and config.guess[27m
2025-03-27T23:58:38 [7m>>> rsync 3.2.3 Patching libtool[27m
2025-03-27T23:58:38 [7m>>> rsync 3.2.3 Configuring[27m
2025-03-27T23:58:55 [7m>>> rsync 3.2.3 Building[27m
2025-03-27T23:58:55 [7m>>> rsync 3.2.3 Installing to target[27m
2025-03-27T23:58:56 [7m>>> sysstat 12.4.2 Extracting[27m
2025-03-27T23:58:56 [7m>>> sysstat 12.4.2 Patching[27m
2025-03-27T23:58:56 [7m>>> sysstat 12.4.2 Updating config.sub and config.guess[27m
2025-03-27T23:58:56 [7m>>> sysstat 12.4.2 Patching libtool[27m
2025-03-27T23:58:56 [7m>>> sysstat 12.4.2 Configuring[27m
2025-03-27T23:59:00 [7m>>> sysstat 12.4.2 Building[27m
2025-03-27T23:59:00 [7m>>> sysstat 12.4.2 Installing to target[27m
2025-03-27T23:59:01 [7m>>> urandom-scripts  Extracting[27m
2025-03-27T23:59:01 [7m>>> urandom-scripts  Patching[27m
2025-03-27T23:59:01 [7m>>> urandom-scripts  Configuring[27m
2025-03-27T23:59:01 [7m>>> urandom-scripts  Building[27m
2025-03-27T23:59:01 [7m>>> urandom-scripts  Installing to target[27m
2025-03-27T23:59:02 [7m>>> usbmount 0.0.22 Extracting[27m
2025-03-27T23:59:02 [7m>>> usbmount 0.0.22 Patching[27m
2025-03-27T23:59:02 [7m>>> usbmount 0.0.22 Configuring[27m
2025-03-27T23:59:02 [7m>>> usbmount 0.0.22 Building[27m
2025-03-27T23:59:02 [7m>>> usbmount 0.0.22 Installing to target[27m
2025-03-27T23:59:03 [7m>>> wireless_tools 30.pre9 Extracting[27m
2025-03-27T23:59:03 [7m>>> wireless_tools 30.pre9 Patching[27m
2025-03-27T23:59:03 [7m>>> wireless_tools 30.pre9 Configuring[27m
2025-03-27T23:59:04 [7m>>> wireless_tools 30.pre9 Building[27m
2025-03-27T23:59:04 [7m>>> wireless_tools 30.pre9 Installing to staging directory[27m
2025-03-27T23:59:04 [7m>>> wireless_tools 30.pre9 Fixing libtool files[27m
2025-03-27T23:59:04 [7m>>> wireless_tools 30.pre9 Installing to target[27m
2025-03-27T23:59:05 [7m>>> host-lz4 1.9.3 Extracting[27m
2025-03-27T23:59:05 [7m>>> host-lz4 1.9.3 Patching[27m
2025-03-27T23:59:05 [7m>>> host-lz4 1.9.3 Configuring[27m
2025-03-27T23:59:05 [7m>>> host-lz4 1.9.3 Building[27m
2025-03-27T23:59:18 [7m>>> host-lz4 1.9.3 Installing to host directory[27m
2025-03-27T23:59:20 [7m>>> host-lzo 2.10 Extracting[27m
2025-03-27T23:59:20 [7m>>> host-lzo 2.10 Patching[27m
2025-03-27T23:59:20 [7m>>> host-lzo 2.10 Configuring[27m
2025-03-27T23:59:28 [7m>>> host-lzo 2.10 Building[27m
2025-03-27T23:59:29 [7m>>> host-lzo 2.10 Installing to host directory[27m
2025-03-27T23:59:31 [7m>>> host-xz 5.2.5 Extracting[27m
2025-03-27T23:59:31 [7m>>> host-xz 5.2.5 Patching[27m
2025-03-27T23:59:31 [7m>>> host-xz 5.2.5 Updating config.sub and config.guess[27m
2025-03-27T23:59:31 [7m>>> host-xz 5.2.5 Patching libtool[27m
2025-03-27T23:59:32 [7m>>> host-xz 5.2.5 Configuring[27m
2025-03-27T23:59:39 [7m>>> host-xz 5.2.5 Building[27m
2025-03-27T23:59:42 [7m>>> host-xz 5.2.5 Installing to host directory[27m
2025-03-27T23:59:44 [7m>>> host-zstd 1.5.2 Extracting[27m
2025-03-27T23:59:45 [7m>>> host-zstd 1.5.2 Patching[27m
2025-03-27T23:59:45 [7m>>> host-zstd 1.5.2 Configuring[27m
2025-03-27T23:59:45 [7m>>> host-zstd 1.5.2 Building[27m
2025-03-27T23:59:46 [7m>>> host-zstd 1.5.2 Installing to host directory[27m
2025-03-27T23:59:48 [7m>>> host-squashfs 4.5 Extracting[27m
2025-03-27T23:59:48 [7m>>> host-squashfs 4.5 Patching[27m
2025-03-27T23:59:49 [7m>>> host-squashfs 4.5 Configuring[27m
2025-03-27T23:59:49 [7m>>> host-squashfs 4.5 Building[27m
2025-03-27T23:59:49 [7m>>> host-squashfs 4.5 Installing to host directory[27m
2025-03-27T23:59:51 [7m>>>   Finalizing host directory[27m
2025-03-27T23:59:51 [7m>>>   Finalizing target directory[27m
2025-03-27T23:59:51 [7m>>>   Finalizing OEM directory[27m
2025-03-27T23:59:53 [7m>>>   Sanitizing RPATH in target tree[27m
2025-03-28T00:00:08 [7m>>>   Sanity check in overlay board/rockchip/common/base[27m
2025-03-28T00:00:08 [7m>>>   Sanity check in overlay board/rockchip/rv1126_rv1109/fs-overlay/[27m
2025-03-28T00:00:08 [7m>>>   Sanity check in overlay board/rockchip/rv1126_rv1109/fs-overlay-sysv/[27m
2025-03-28T00:00:08 [7m>>>   Copying overlay board/rockchip/common/base[27m
2025-03-28T00:00:08 [7m>>>   Copying overlay board/rockchip/rv1126_rv1109/fs-overlay/[27m
2025-03-28T00:00:08 [7m>>>   Copying overlay board/rockchip/rv1126_rv1109/fs-overlay-sysv/[27m
2025-03-28T00:00:08 [7m>>>   Executing post-build script ../device/rockchip/common/post-build.sh[27m
2025-03-28T00:00:09 [7m>>>   Generating root filesystems common tables[27m
2025-03-28T00:00:09 [7m>>>   Generating filesystem image rootfs.cpio[27m
2025-03-28T00:00:21 [7m>>>   Generating filesystem image rootfs.ext2[27m
2025-03-28T00:00:24 [7m>>>   Generating filesystem image rootfs.squashfs[27m
2025-03-28T00:00:26 [7m>>>   Generating filesystem image rootfs.tar[27m
Done in 16min 36s
Log saved on /github/OpenHD-RV1126-OS/output/log/2025-03-27_23-43-28/br-rockchip_rv1126_rv1109_2025-03-27_23-43-52.log
Generated images:
/github/OpenHD-RV1126-OS/output/rootfs/rootfs.cpio
/github/OpenHD-RV1126-OS/output/rootfs/rootfs.cpio.gz
/github/OpenHD-RV1126-OS/output/rootfs/rootfs.ext2
/github/OpenHD-RV1126-OS/output/rootfs/rootfs.ext4
/github/OpenHD-RV1126-OS/output/rootfs/rootfs.squashfs
/github/OpenHD-RV1126-OS/output/rootfs/rootfs.tar
you take 16:37.64 to build buildroot
# 2025-03-28 00:00:08
# run hook: /github/OpenHD-RV1126-OS/buildroot/output/rockchip_rv1126_rv1109/target /github/OpenHD-RV1126-OS/buildroot/configs/rockchip_rv1126_rv1109_defconfig

Building Wifi/BT module and firmwares...
Adding information to /etc/os-release...
Adding info dir...
Fixing up /etc/fstab...
Fixing up rootfs type: ext4
Fixing up basic partition: proc /proc
Deleting partition: proc /proc
Fixing up partition: proc /proc proc defaults 0
Fixing up basic partition: devtmpfs /dev
Deleting partition: devtmpfs /dev
Fixing up partition: devtmpfs /dev devtmpfs defaults 0
Fixing up basic partition: devpts /dev/pts mode=0620,ptmxmode=0666,gid=5
Deleting partition: devpts /dev/pts
Fixing up partition: devpts /dev/pts devpts mode=0620,ptmxmode=0666,gid=5 0
Fixing up basic partition: tmpfs /dev/shm nosuid,nodev,noexec
Deleting partition: tmpfs /dev/shm
Fixing up partition: tmpfs /dev/shm tmpfs nosuid,nodev,noexec 0
Fixing up basic partition: sysfs /sys
Deleting partition: sysfs /sys
Fixing up partition: sysfs /sys sysfs defaults 0
Fixing up basic partition: configfs /sys/kernel/config
Deleting partition: configfs /sys/kernel/config
Fixing up partition: configfs /sys/kernel/config configfs defaults 0
Fixing up basic partition: debugfs /sys/kernel/debug
Deleting partition: debugfs /sys/kernel/debug
Fixing up partition: debugfs /sys/kernel/debug debugfs defaults 0
Fixing up basic partition: pstore /sys/fs/pstore
Deleting partition: pstore /sys/fs/pstore
Fixing up partition: pstore /sys/fs/pstore pstore defaults 0
Fixing up device partition: oem /oem ext4 defaults
Deleting partition: PARTLABEL=oem /oem
Fixing up partition: PARTLABEL=oem /oem ext4 defaults 2
Fixing up device partition: userdata /userdata ext4 defaults
Deleting partition: PARTLABEL=userdata /userdata
Fixing up partition: PARTLABEL=userdata /userdata ext4 defaults 2
Setting LANG to en_US.utf8...
Adding dirs and links...
Preparing partitions...
Preparing partiton oem
Merging /github/OpenHD-RV1126-OS/device/rockchip/common/images/oem/oem_ipc into /github/OpenHD-RV1126-OS/output/oem
Merging /github/OpenHD-RV1126-OS/buildroot/output/rockchip_rv1126_rv1109/target//oem into /github/OpenHD-RV1126-OS/output/oem
Preparing partiton userdata
Merging /github/OpenHD-RV1126-OS/device/rockchip/common/images/userdata/userdata_normal into /github/OpenHD-RV1126-OS/output/userdata
Merging /github/OpenHD-RV1126-OS/buildroot/output/rockchip_rv1126_rv1109/target//userdata into /github/OpenHD-RV1126-OS/output/userdata
[35mRunning build_buildroot /github/OpenHD-RV1126-OS/output/rootfs succeeded.[0m
[35mRunning build_rootfs succeeded.[0m
==========Start building recovery(buildroot)==========
TARGET_RECOVERY_CONFIG=rockchip_rv1126_rv1109_recovery
========================================
Top of tree: /github/OpenHD-RV1126-OS
===========================================

#TARGET_BOARD=rv1126
#OUTPUT_DIR=output/rockchip_rv1126_rv1109_recovery
#CONFIG=rockchip_rv1126_rv1109_recovery_defconfig

===========================================
make: Entering directory '/github/OpenHD-RV1126-OS/buildroot'
mkdir -p /github/OpenHD-RV1126-OS/buildroot/output/rockchip_rv1126_rv1109_recovery/build/buildroot-config/lxdialog
PKG_CONFIG_PATH="" make CC="/usr/bin/gcc" HOSTCC="/usr/bin/gcc" \
    obj=/github/OpenHD-RV1126-OS/buildroot/output/rockchip_rv1126_rv1109_recovery/build/buildroot-config -C support/kconfig -f Makefile.br conf
/usr/bin/gcc -D_GNU_SOURCE -D_DEFAULT_SOURCE -DCURSES_LOC="<ncurses.h>" -DLOCALE  -I/github/OpenHD-RV1126-OS/buildroot/output/rockchip_rv1126_rv1109_recovery/build/buildroot-config -DCONFIG_=\"\"  -MM *.c > /github/OpenHD-RV1126-OS/buildroot/output/rockchip_rv1126_rv1109_recovery/build/buildroot-config/.depend 2>/dev/null || :
/usr/bin/gcc -D_GNU_SOURCE -D_DEFAULT_SOURCE -DCURSES_LOC="<ncurses.h>" -DLOCALE  -I/github/OpenHD-RV1126-OS/buildroot/output/rockchip_rv1126_rv1109_recovery/build/buildroot-config -DCONFIG_=\"\"   -c conf.c -o /github/OpenHD-RV1126-OS/buildroot/output/rockchip_rv1126_rv1109_recovery/build/buildroot-config/conf.o
/usr/bin/gcc -D_GNU_SOURCE -D_DEFAULT_SOURCE -DCURSES_LOC="<ncurses.h>" -DLOCALE  -I/github/OpenHD-RV1126-OS/buildroot/output/rockchip_rv1126_rv1109_recovery/build/buildroot-config -DCONFIG_=\"\"  -I. -c /github/OpenHD-RV1126-OS/buildroot/output/rockchip_rv1126_rv1109_recovery/build/buildroot-config/zconf.tab.c -o /github/OpenHD-RV1126-OS/buildroot/output/rockchip_rv1126_rv1109_recovery/build/buildroot-config/zconf.tab.o
/usr/bin/gcc -D_GNU_SOURCE -D_DEFAULT_SOURCE -DCURSES_LOC="<ncurses.h>" -DLOCALE  -I/github/OpenHD-RV1126-OS/buildroot/output/rockchip_rv1126_rv1109_recovery/build/buildroot-config -DCONFIG_=\"\"   /github/OpenHD-RV1126-OS/buildroot/output/rockchip_rv1126_rv1109_recovery/build/buildroot-config/conf.o /github/OpenHD-RV1126-OS/buildroot/output/rockchip_rv1126_rv1109_recovery/build/buildroot-config/zconf.tab.o  -o /github/OpenHD-RV1126-OS/buildroot/output/rockchip_rv1126_rv1109_recovery/build/buildroot-config/conf
rm /github/OpenHD-RV1126-OS/buildroot/output/rockchip_rv1126_rv1109_recovery/build/buildroot-config/zconf.tab.c
  GEN     /github/OpenHD-RV1126-OS/buildroot/output/rockchip_rv1126_rv1109_recovery/Makefile
/github/OpenHD-RV1126-OS/buildroot/build/parse_defconfig.sh /github/OpenHD-RV1126-OS/buildroot/configs/rockchip_rv1126_rv1109_recovery_defconfig /github/OpenHD-RV1126-OS/buildroot/output/rockchip_rv1126_rv1109_recovery/.config.in
Parsing defconfig: /github/OpenHD-RV1126-OS/buildroot/configs/rockchip_rv1126_rv1109_recovery_defconfig
Using configs/rockchip/base/kernel.config as base
Merging configs/rockchip/fs/e2fs.config
Merging configs/rockchip/base/common.config
Merging configs/rockchip/base/base.config
Merging configs/rockchip/base/kernel.config
Merging configs/rockchip/fs/e2fs.config
Merging configs/rockchip/base/common.config
Merging configs/rockchip/fs/vfat.config
Merging configs/rockchip/base/recovery.config
Value of BR2_ROOTFS_OVERLAY is redefined by configs/rockchip/base/recovery.config:
Previous value:	BR2_ROOTFS_OVERLAY="board/rockchip/common/base"
Modify value:	BR2_ROOTFS_OVERLAY+="board/rockchip/common/recovery"
New value:	BR2_ROOTFS_OVERLAY="board/rockchip/common/base board/rockchip/common/recovery"

Merging configs/rockchip/chips/rv1126_rv1109.config
Value of BR2_ROOTFS_OVERLAY is redefined by configs/rockchip/chips/rv1126_rv1109.config:
Previous value:	BR2_ROOTFS_OVERLAY="board/rockchip/common/base board/rockchip/common/recovery"
Modify value:	BR2_ROOTFS_OVERLAY+="board/rockchip/rv1126_rv1109/fs-overlay/"
New value:	BR2_ROOTFS_OVERLAY="board/rockchip/common/base board/rockchip/common/recovery board/rockchip/rv1126_rv1109/fs-overlay/"

Merging configs/rockchip/toolchain/arm_8_armhf.config
Merging configs/rockchip/chips/rv1126_rv1109_arm.config
Merging configs/rockchip/update_engine.config
Value of BR2_PACKAGE_RKUPDATE is redefined by configs/rockchip/update_engine.config:
Previous value:	BR2_PACKAGE_RKUPDATE=y
New value:	# BR2_PACKAGE_RKUPDATE is not set

Merging /github/OpenHD-RV1126-OS/buildroot/configs/rockchip_rv1126_rv1109_recovery_defconfig
Value of BR2_PACKAGE_RECOVERY_BOOTCONTROL is redefined by /github/OpenHD-RV1126-OS/buildroot/configs/rockchip_rv1126_rv1109_recovery_defconfig:
Previous value:	BR2_PACKAGE_RECOVERY_BOOTCONTROL=y
Modify value:	# BR2_PACKAGE_RECOVERY_BOOTCONTROL is reset to default
New value:	

#
# merged configuration written to /github/OpenHD-RV1126-OS/buildroot/output/rockchip_rv1126_rv1109_recovery/.config.in (needs make)
#
BR2_DEFCONFIG='' KCONFIG_AUTOCONFIG=/github/OpenHD-RV1126-OS/buildroot/output/rockchip_rv1126_rv1109_recovery/build/buildroot-config/auto.conf KCONFIG_AUTOHEADER=/github/OpenHD-RV1126-OS/buildroot/output/rockchip_rv1126_rv1109_recovery/build/buildroot-config/autoconf.h KCONFIG_TRISTATE=/github/OpenHD-RV1126-OS/buildroot/output/rockchip_rv1126_rv1109_recovery/build/buildroot-config/tristate.config BR2_CONFIG=/github/OpenHD-RV1126-OS/buildroot/output/rockchip_rv1126_rv1109_recovery/.config HOST_GCC_VERSION="7" BASE_DIR=/github/OpenHD-RV1126-OS/buildroot/output/rockchip_rv1126_rv1109_recovery SKIP_LEGACY= CUSTOM_KERNEL_VERSION="4.19" BR2_DEFCONFIG=/github/OpenHD-RV1126-OS/buildroot/configs/rockchip_rv1126_rv1109_recovery_defconfig /github/OpenHD-RV1126-OS/buildroot/output/rockchip_rv1126_rv1109_recovery/build/buildroot-config/conf --defconfig=/github/OpenHD-RV1126-OS/buildroot/output/rockchip_rv1126_rv1109_recovery/.config.in Config.in
#
# configuration written to /github/OpenHD-RV1126-OS/buildroot/output/rockchip_rv1126_rv1109_recovery/.config
#
make: Leaving directory '/github/OpenHD-RV1126-OS/buildroot'
2025-03-28T00:00:39 [7m>>> host-skeleton  Extracting[27m
2025-03-28T00:00:39 [7m>>> host-skeleton  Patching[27m
2025-03-28T00:00:39 [7m>>> host-skeleton  Configuring[27m
2025-03-28T00:00:39 [7m>>> host-skeleton  Building[27m
2025-03-28T00:00:39 [7m>>> host-skeleton  Installing to host directory[27m
2025-03-28T00:00:39 [7m>>> host-ccache 3.7.12 Extracting[27m
2025-03-28T00:00:39 [7m>>> host-ccache 3.7.12 Patching[27m
2025-03-28T00:00:40 [7m>>> host-ccache 3.7.12 Updating config.sub and config.guess[27m
2025-03-28T00:00:40 [7m>>> host-ccache 3.7.12 Patching libtool[27m
2025-03-28T00:00:40 [7m>>> host-ccache 3.7.12 Configuring[27m
2025-03-28T00:00:44 [7m>>> host-ccache 3.7.12 Building[27m
2025-03-28T00:00:44 [7m>>> host-ccache 3.7.12 Installing to host directory[27m
2025-03-28T00:00:45 [7m>>> host-attr 2.5.1 Extracting[27m
2025-03-28T00:00:45 [7m>>> host-attr 2.5.1 Patching[27m
2025-03-28T00:00:45 [7m>>> host-attr 2.5.1 Updating config.sub and config.guess[27m
2025-03-28T00:00:45 [7m>>> host-attr 2.5.1 Patching libtool[27m
2025-03-28T00:00:45 [7m>>> host-attr 2.5.1 Configuring[27m
2025-03-28T00:00:48 [7m>>> host-attr 2.5.1 Building[27m
2025-03-28T00:00:49 [7m>>> host-attr 2.5.1 Installing to host directory[27m
2025-03-28T00:00:49 [7m>>> host-acl 2.3.1 Extracting[27m
2025-03-28T00:00:49 [7m>>> host-acl 2.3.1 Patching[27m
2025-03-28T00:00:49 [7m>>> host-acl 2.3.1 Updating config.sub and config.guess[27m
2025-03-28T00:00:49 [7m>>> host-acl 2.3.1 Patching libtool[27m
2025-03-28T00:00:49 [7m>>> host-acl 2.3.1 Configuring[27m
2025-03-28T00:00:52 [7m>>> host-acl 2.3.1 Building[27m
2025-03-28T00:00:54 [7m>>> host-acl 2.3.1 Installing to host directory[27m
2025-03-28T00:00:54 [7m>>> host-fakeroot 1.26 Extracting[27m
2025-03-28T00:00:54 [7m>>> host-fakeroot 1.26 Patching[27m
2025-03-28T00:00:54 [7m>>> host-fakeroot 1.26 Updating config.sub and config.guess[27m
2025-03-28T00:00:54 [7m>>> host-fakeroot 1.26 Patching libtool[27m
2025-03-28T00:00:55 [7m>>> host-fakeroot 1.26 Configuring[27m
2025-03-28T00:01:01 [7m>>> host-fakeroot 1.26 Building[27m
2025-03-28T00:01:01 [7m>>> host-fakeroot 1.26 Installing to host directory[27m
2025-03-28T00:01:02 [7m>>> host-makedevs  Extracting[27m
2025-03-28T00:01:02 [7m>>> host-makedevs  Patching[27m
2025-03-28T00:01:02 [7m>>> host-makedevs  Configuring[27m
2025-03-28T00:01:03 [7m>>> host-makedevs  Building[27m
2025-03-28T00:01:03 [7m>>> host-makedevs  Installing to host directory[27m
2025-03-28T00:01:03 [7m>>> host-mkpasswd  Extracting[27m
2025-03-28T00:01:03 [7m>>> host-mkpasswd  Patching[27m
2025-03-28T00:01:03 [7m>>> host-mkpasswd  Configuring[27m
2025-03-28T00:01:04 [7m>>> host-mkpasswd  Building[27m
2025-03-28T00:01:04 [7m>>> host-mkpasswd  Installing to host directory[27m
2025-03-28T00:01:04 [7m>>> skeleton-init-common  Extracting[27m
2025-03-28T00:01:04 [7m>>> skeleton-init-common  Patching[27m
2025-03-28T00:01:04 [7m>>> skeleton-init-common  Configuring[27m
2025-03-28T00:01:04 [7m>>> skeleton-init-common  Building[27m
2025-03-28T00:01:05 [7m>>> skeleton-init-common  Installing to staging directory[27m
2025-03-28T00:01:05 [7m>>> skeleton-init-common  Fixing libtool files[27m
2025-03-28T00:01:05 [7m>>> skeleton-init-common  Installing to target[27m
2025-03-28T00:01:05 [7m>>> skeleton-init-sysv  Extracting[27m
2025-03-28T00:01:05 [7m>>> skeleton-init-sysv  Patching[27m
2025-03-28T00:01:05 [7m>>> skeleton-init-sysv  Configuring[27m
2025-03-28T00:01:06 [7m>>> skeleton-init-sysv  Building[27m
2025-03-28T00:01:06 [7m>>> skeleton-init-sysv  Installing to target[27m
2025-03-28T00:01:06 [7m>>> skeleton  Extracting[27m
2025-03-28T00:01:06 [7m>>> skeleton  Patching[27m
2025-03-28T00:01:06 [7m>>> skeleton  Configuring[27m
2025-03-28T00:01:06 [7m>>> skeleton  Building[27m
2025-03-28T00:01:07 [7m>>> skeleton  Installing to target[27m
2025-03-28T00:01:07 [7m>>> toolchain-external-custom  Extracting[27m
2025-03-28T00:01:07 [7m>>> toolchain-external-custom  Patching[27m
2025-03-28T00:01:07 [7m>>> toolchain-external-custom  Configuring[27m
2025-03-28T00:01:08 [7m>>> toolchain-external-custom  Building[27m
2025-03-28T00:01:08 [7m>>> toolchain-external-custom  Installing to staging directory[27m
2025-03-28T00:01:08 [7m>>> toolchain-external-custom  Copying external toolchain sysroot to staging...[27m
2025-03-28T00:01:09 [7m>>> toolchain-external-custom  Installing gdbinit[27m
2025-03-28T00:01:09 [7m>>> toolchain-external-custom  Fixing libtool files[27m
2025-03-28T00:01:09 [7m>>> toolchain-external-custom  Installing to target[27m
2025-03-28T00:01:09 [7m>>> toolchain-external-custom  Copying external toolchain libraries to target...[27m
2025-03-28T00:01:10 [7m>>> host-pkgconf 1.6.3 Extracting[27m
2025-03-28T00:01:10 [7m>>> host-pkgconf 1.6.3 Patching[27m
2025-03-28T00:01:10 [7m>>> host-pkgconf 1.6.3 Updating config.sub and config.guess[27m
2025-03-28T00:01:10 [7m>>> host-pkgconf 1.6.3 Patching libtool[27m
2025-03-28T00:01:11 [7m>>> host-pkgconf 1.6.3 Configuring[27m
2025-03-28T00:01:14 [7m>>> host-pkgconf 1.6.3 Building[27m
2025-03-28T00:01:15 [7m>>> host-pkgconf 1.6.3 Installing to host directory[27m
2025-03-28T00:01:16 [7m>>> toolchain-external  Extracting[27m
2025-03-28T00:01:16 [7m>>> toolchain-external  Patching[27m
2025-03-28T00:01:16 [7m>>> toolchain-external  Configuring[27m
2025-03-28T00:01:16 [7m>>> toolchain-external  Building[27m
2025-03-28T00:01:16 [7m>>> toolchain-external  Installing to target[27m
2025-03-28T00:01:16 [7m>>> toolchain  Extracting[27m
2025-03-28T00:01:16 [7m>>> toolchain  Patching[27m
2025-03-28T00:01:17 [7m>>> toolchain  Configuring[27m
2025-03-28T00:01:17 [7m>>> toolchain  Building[27m
2025-03-28T00:01:17 [7m>>> toolchain  Installing to staging directory[27m
2025-03-28T00:01:17 [7m>>> toolchain  Fixing libtool files[27m
2025-03-28T00:01:17 [7m>>> toolchain  Installing to target[27m
2025-03-28T00:01:17 [7m>>> libzlib 1.2.12 Extracting[27m
2025-03-28T00:01:18 [7m>>> libzlib 1.2.12 Patching[27m
2025-03-28T00:01:18 [7m>>> libzlib 1.2.12 Configuring[27m
2025-03-28T00:01:19 [7m>>> libzlib 1.2.12 Building[27m
2025-03-28T00:01:19 [7m>>> libzlib 1.2.12 Installing to staging directory[27m
2025-03-28T00:01:19 [7m>>> libzlib 1.2.12 Fixing libtool files[27m
2025-03-28T00:01:19 [7m>>> libzlib 1.2.12 Installing to target[27m
2025-03-28T00:01:20 [7m>>> zlib  Extracting[27m
2025-03-28T00:01:20 [7m>>> zlib  Patching[27m
2025-03-28T00:01:20 [7m>>> zlib  Configuring[27m
2025-03-28T00:01:20 [7m>>> zlib  Building[27m
2025-03-28T00:01:20 [7m>>> zlib  Installing to target[27m
2025-03-28T00:01:21 [7m>>> libopenssl 1.1.1q Extracting[27m
2025-03-28T00:01:21 [7m>>> libopenssl 1.1.1q Patching[27m
2025-03-28T00:01:21 [7m>>> libopenssl 1.1.1q Configuring[27m
2025-03-28T00:01:22 [7m>>> libopenssl 1.1.1q Building[27m
2025-03-28T00:01:28 [7m>>> libopenssl 1.1.1q Installing to staging directory[27m
2025-03-28T00:01:29 [7m>>> libopenssl 1.1.1q Fixing libtool files[27m
2025-03-28T00:01:29 [7m>>> libopenssl 1.1.1q Installing to target[27m
2025-03-28T00:01:31 [7m>>> openssl  Extracting[27m
2025-03-28T00:01:31 [7m>>> openssl  Patching[27m
2025-03-28T00:01:31 [7m>>> openssl  Configuring[27m
2025-03-28T00:01:31 [7m>>> openssl  Building[27m
2025-03-28T00:01:31 [7m>>> openssl  Installing to target[27m
2025-03-28T00:01:32 [7m>>> android-tools 4.2.2+git20130218 Extracting[27m
2025-03-28T00:01:32 [7m>>> android-tools 4.2.2+git20130218 Patching[27m
2025-03-28T00:01:32 [7m>>> android-tools 4.2.2+git20130218 Configuring[27m
2025-03-28T00:01:32 [7m>>> android-tools 4.2.2+git20130218 Building[27m
2025-03-28T00:01:32 [7m>>> android-tools 4.2.2+git20130218 Installing to target[27m
2025-03-28T00:01:33 [7m>>> host-m4 1.4.19 Extracting[27m
2025-03-28T00:01:33 [7m>>> host-m4 1.4.19 Patching[27m
2025-03-28T00:01:33 [7m>>> host-m4 1.4.19 Updating config.sub and config.guess[27m
2025-03-28T00:01:33 [7m>>> host-m4 1.4.19 Patching libtool[27m
2025-03-28T00:01:33 [7m>>> host-m4 1.4.19 Configuring[27m
2025-03-28T00:01:59 [7m>>> host-m4 1.4.19 Building[27m
2025-03-28T00:01:59 [7m>>> host-m4 1.4.19 Installing to host directory[27m
2025-03-28T00:02:00 [7m>>> host-bison 3.8.2 Extracting[27m
2025-03-28T00:02:01 [7m>>> host-bison 3.8.2 Patching[27m
2025-03-28T00:02:01 [7m>>> host-bison 3.8.2 Updating config.sub and config.guess[27m
2025-03-28T00:02:01 [7m>>> host-bison 3.8.2 Patching libtool[27m
2025-03-28T00:02:01 [7m>>> host-bison 3.8.2 Configuring[27m
2025-03-28T00:02:22 [7m>>> host-bison 3.8.2 Building[27m
2025-03-28T00:02:25 [7m>>> host-bison 3.8.2 Installing to host directory[27m
2025-03-28T00:02:27 [7m>>> host-ncurses 6.1 Extracting[27m
2025-03-28T00:02:27 [7m>>> host-ncurses 6.1 Patching[27m
2025-03-28T00:02:29 [7m>>> host-ncurses 6.1 Updating config.sub and config.guess[27m
2025-03-28T00:02:29 [7m>>> host-ncurses 6.1 Patching libtool[27m
2025-03-28T00:02:29 [7m>>> host-ncurses 6.1 Configuring[27m
2025-03-28T00:02:40 [7m>>> host-ncurses 6.1 Building[27m
2025-03-28T00:02:42 [7m>>> host-ncurses 6.1 Installing to host directory[27m
2025-03-28T00:02:44 [7m>>> ncurses 6.1 Extracting[27m
2025-03-28T00:02:45 [7m>>> ncurses 6.1 Patching[27m
2025-03-28T00:02:47 [7m>>> ncurses 6.1 Updating config.sub and config.guess[27m
2025-03-28T00:02:47 [7m>>> ncurses 6.1 Patching libtool[27m
2025-03-28T00:02:47 [7m>>> ncurses 6.1 Configuring[27m
2025-03-28T00:02:57 [7m>>> ncurses 6.1 Building[27m
2025-03-28T00:02:58 [7m>>> ncurses 6.1 Installing to staging directory[27m
2025-03-28T00:02:59 [7m>>> ncurses 6.1 Fixing package configuration files[27m
2025-03-28T00:02:59 [7m>>> ncurses 6.1 Fixing libtool files[27m
2025-03-28T00:02:59 [7m>>> ncurses 6.1 Installing to target[27m
2025-03-28T00:03:01 [7m>>> host-libtool 2.4.6 Extracting[27m
2025-03-28T00:03:01 [7m>>> host-libtool 2.4.6 Patching[27m
2025-03-28T00:03:01 [7m>>> host-libtool 2.4.6 Updating config.sub and config.guess[27m
2025-03-28T00:03:01 [7m>>> host-libtool 2.4.6 Configuring[27m
2025-03-28T00:03:07 [7m>>> host-libtool 2.4.6 Building[27m
2025-03-28T00:03:09 [7m>>> host-libtool 2.4.6 Installing to host directory[27m
2025-03-28T00:03:10 [7m>>> host-autoconf 2.71 Extracting[27m
2025-03-28T00:03:10 [7m>>> host-autoconf 2.71 Patching[27m
2025-03-28T00:03:10 [7m>>> host-autoconf 2.71 Updating config.sub and config.guess[27m
2025-03-28T00:03:10 [7m>>> host-autoconf 2.71 Patching libtool[27m
2025-03-28T00:03:10 [7m>>> host-autoconf 2.71 Configuring[27m
2025-03-28T00:03:12 [7m>>> host-autoconf 2.71 Building[27m
2025-03-28T00:03:12 [7m>>> host-autoconf 2.71 Installing to host directory[27m
2025-03-28T00:03:13 [7m>>> readline 8.1.2 Extracting[27m
2025-03-28T00:03:13 [7m>>> readline 8.1.2 Patching[27m
2025-03-28T00:03:13 [7m>>> readline 8.1.2 Updating config.sub and config.guess[27m
2025-03-28T00:03:13 [7m>>> readline 8.1.2 Patching libtool[27m
2025-03-28T00:03:14 [7m>>> readline 8.1.2 Configuring[27m
2025-03-28T00:03:20 [7m>>> readline 8.1.2 Building[27m
2025-03-28T00:03:20 [7m>>> readline 8.1.2 Installing to staging directory[27m
2025-03-28T00:03:20 [7m>>> readline 8.1.2 Fixing libtool files[27m
2025-03-28T00:03:20 [7m>>> readline 8.1.2 Installing to target[27m
2025-03-28T00:03:21 [7m>>> bash 5.1.16 Extracting[27m
2025-03-28T00:03:21 [7m>>> bash 5.1.16 Patching[27m
2025-03-28T00:03:21 [7m>>> bash 5.1.16 Updating config.sub and config.guess[27m
2025-03-28T00:03:21 [7m>>> bash 5.1.16 Patching libtool[27m
2025-03-28T00:03:21 [7m>>> bash 5.1.16 Configuring[27m
2025-03-28T00:03:43 [7m>>> bash 5.1.16 Building[27m
2025-03-28T00:03:47 [7m>>> bash 5.1.16 Installing to target[27m
2025-03-28T00:03:48 [7m>>> host-gperf 3.1 Extracting[27m
2025-03-28T00:03:48 [7m>>> host-gperf 3.1 Patching[27m
2025-03-28T00:03:48 [7m>>> host-gperf 3.1 Updating config.sub and config.guess[27m
2025-03-28T00:03:48 [7m>>> host-gperf 3.1 Patching libtool[27m
2025-03-28T00:03:48 [7m>>> host-gperf 3.1 Configuring[27m
2025-03-28T00:03:51 [7m>>> host-gperf 3.1 Building[27m
2025-03-28T00:03:51 [7m>>> host-gperf 3.1 Installing to host directory[27m
2025-03-28T00:03:52 [7m>>> kmod 29 Extracting[27m
2025-03-28T00:03:52 [7m>>> kmod 29 Patching[27m
2025-03-28T00:03:52 [7m>>> kmod 29 Updating config.sub and config.guess[27m
2025-03-28T00:03:52 [7m>>> kmod 29 Patching libtool[27m
2025-03-28T00:03:53 [7m>>> kmod 29 Configuring[27m
2025-03-28T00:03:59 [7m>>> kmod 29 Building[27m
2025-03-28T00:04:00 [7m>>> kmod 29 Installing to staging directory[27m
2025-03-28T00:04:00 [7m>>> kmod 29 Fixing libtool files[27m
2025-03-28T00:04:00 [7m>>> kmod 29 Installing to target[27m
2025-03-28T00:04:01 [7m>>> util-linux-libs 2.38 Extracting[27m
2025-03-28T00:04:01 [7m>>> util-linux-libs 2.38 Patching[27m
2025-03-28T00:04:01 [7m>>> util-linux-libs 2.38 Updating config.sub and config.guess[27m
2025-03-28T00:04:01 [7m>>> util-linux-libs 2.38 Patching libtool[27m
2025-03-28T00:04:01 [7m>>> util-linux-libs 2.38 Configuring[27m
2025-03-28T00:04:17 [7m>>> util-linux-libs 2.38 Building[27m
2025-03-28T00:04:21 [7m>>> util-linux-libs 2.38 Installing to staging directory[27m
2025-03-28T00:04:21 [7m>>> util-linux-libs 2.38 Fixing libtool files[27m
2025-03-28T00:04:22 [7m>>> util-linux-libs 2.38 Installing to target[27m
2025-03-28T00:04:22 [7m>>> eudev 3.2.11 Extracting[27m
2025-03-28T00:04:23 [7m>>> eudev 3.2.11 Patching[27m
2025-03-28T00:04:23 [7m>>> eudev 3.2.11 Updating config.sub and config.guess[27m
2025-03-28T00:04:23 [7m>>> eudev 3.2.11 Patching libtool[27m
2025-03-28T00:04:23 [7m>>> eudev 3.2.11 Configuring[27m
2025-03-28T00:04:31 [7m>>> eudev 3.2.11 Building[27m
2025-03-28T00:04:34 [7m>>> eudev 3.2.11 Installing to staging directory[27m
2025-03-28T00:04:35 [7m>>> eudev 3.2.11 Fixing libtool files[27m
2025-03-28T00:04:35 [7m>>> eudev 3.2.11 Installing to target[27m
2025-03-28T00:04:36 [7m>>> udev  Extracting[27m
2025-03-28T00:04:36 [7m>>> udev  Patching[27m
2025-03-28T00:04:36 [7m>>> udev  Configuring[27m
2025-03-28T00:04:37 [7m>>> udev  Building[27m
2025-03-28T00:04:37 [7m>>> udev  Installing to target[27m
2025-03-28T00:04:37 [7m>>> dosfstools 4.2 Extracting[27m
2025-03-28T00:04:37 [7m>>> dosfstools 4.2 Patching[27m
2025-03-28T00:04:37 [7m>>> dosfstools 4.2 Updating config.sub and config.guess[27m
2025-03-28T00:04:37 [7m>>> dosfstools 4.2 Patching libtool[27m
2025-03-28T00:04:37 [7m>>> dosfstools 4.2 Configuring[27m
2025-03-28T00:04:40 [7m>>> dosfstools 4.2 Building[27m
2025-03-28T00:04:40 [7m>>> dosfstools 4.2 Installing to target[27m
2025-03-28T00:04:41 [7m>>> util-linux 2.38 Extracting[27m
2025-03-28T00:04:41 [7m>>> util-linux 2.38 Patching[27m
2025-03-28T00:04:42 [7m>>> util-linux 2.38 Updating config.sub and config.guess[27m
2025-03-28T00:04:42 [7m>>> util-linux 2.38 Patching libtool[27m
2025-03-28T00:04:42 [7m>>> util-linux 2.38 Configuring[27m
2025-03-28T00:04:58 [7m>>> util-linux 2.38 Building[27m
2025-03-28T00:05:03 [7m>>> util-linux 2.38 Installing to staging directory[27m
2025-03-28T00:05:03 [7m>>> util-linux 2.38 Fixing libtool files[27m
2025-03-28T00:05:03 [7m>>> util-linux 2.38 Installing to target[27m
2025-03-28T00:05:04 [7m>>> e2fsprogs 1.46.5 Extracting[27m
2025-03-28T00:05:04 [7m>>> e2fsprogs 1.46.5 Patching[27m
2025-03-28T00:05:04 [7m>>> e2fsprogs 1.46.5 Updating config.sub and config.guess[27m
2025-03-28T00:05:04 [7m>>> e2fsprogs 1.46.5 Patching libtool[27m
2025-03-28T00:05:05 [7m>>> e2fsprogs 1.46.5 Configuring[27m
2025-03-28T00:05:17 [7m>>> e2fsprogs 1.46.5 Building[27m
2025-03-28T00:05:21 [7m>>> e2fsprogs 1.46.5 Installing to staging directory[27m
2025-03-28T00:05:22 [7m>>> e2fsprogs 1.46.5 Fixing libtool files[27m
2025-03-28T00:05:22 [7m>>> e2fsprogs 1.46.5 Installing to target[27m
2025-03-28T00:05:23 [7m>>> busybox 1.35.0 Extracting[27m
2025-03-28T00:05:24 [7m>>> busybox 1.35.0 Patching[27m
2025-03-28T00:05:36 [7m>>> busybox 1.35.0 Configuring[27m
2025-03-28T00:05:36 [7m>>> busybox 1.35.0 Building[27m
2025-03-28T00:05:44 [7m>>> busybox 1.35.0 Installing to target[27m
2025-03-28T00:05:49 [7m>>> host-libzlib 1.2.12 Extracting[27m
2025-03-28T00:05:49 [7m>>> host-libzlib 1.2.12 Patching[27m
2025-03-28T00:05:50 [7m>>> host-libzlib 1.2.12 Configuring[27m
2025-03-28T00:05:50 [7m>>> host-libzlib 1.2.12 Building[27m
2025-03-28T00:05:51 [7m>>> host-libzlib 1.2.12 Installing to host directory[27m
2025-03-28T00:05:51 [7m>>> host-zlib  Extracting[27m
2025-03-28T00:05:52 [7m>>> host-zlib  Patching[27m
2025-03-28T00:05:52 [7m>>> host-zlib  Configuring[27m
2025-03-28T00:05:52 [7m>>> host-zlib  Building[27m
2025-03-28T00:05:52 [7m>>> host-zlib  Installing to host directory[27m
2025-03-28T00:05:53 [7m>>> host-util-linux 2.38 Extracting[27m
2025-03-28T00:05:53 [7m>>> host-util-linux 2.38 Patching[27m
2025-03-28T00:05:53 [7m>>> host-util-linux 2.38 Updating config.sub and config.guess[27m
2025-03-28T00:05:53 [7m>>> host-util-linux 2.38 Patching libtool[27m
2025-03-28T00:05:53 [7m>>> host-util-linux 2.38 Configuring[27m
2025-03-28T00:06:08 [7m>>> host-util-linux 2.38 Building[27m
2025-03-28T00:06:14 [7m>>> host-util-linux 2.38 Installing to host directory[27m
2025-03-28T00:06:16 [7m>>> host-e2fsprogs 1.46.5 Extracting[27m
2025-03-28T00:06:16 [7m>>> host-e2fsprogs 1.46.5 Patching[27m
2025-03-28T00:06:16 [7m>>> host-e2fsprogs 1.46.5 Updating config.sub and config.guess[27m
2025-03-28T00:06:16 [7m>>> host-e2fsprogs 1.46.5 Patching libtool[27m
2025-03-28T00:06:17 [7m>>> host-e2fsprogs 1.46.5 Configuring[27m
2025-03-28T00:06:26 [7m>>> host-e2fsprogs 1.46.5 Building[27m
2025-03-28T00:06:31 [7m>>> host-e2fsprogs 1.46.5 Installing to host directory[27m
2025-03-28T00:06:33 [7m>>> host-eudev 3.2.11 Extracting[27m
2025-03-28T00:06:33 [7m>>> host-eudev 3.2.11 Patching[27m
2025-03-28T00:06:33 [7m>>> host-eudev 3.2.11 Updating config.sub and config.guess[27m
2025-03-28T00:06:34 [7m>>> host-eudev 3.2.11 Patching libtool[27m
2025-03-28T00:06:34 [7m>>> host-eudev 3.2.11 Configuring[27m
2025-03-28T00:06:40 [7m>>> host-eudev 3.2.11 Building[27m
2025-03-28T00:06:43 [7m>>> host-eudev 3.2.11 Installing to host directory[27m
2025-03-28T00:06:44 [7m>>> host-automake 1.16.5 Extracting[27m
2025-03-28T00:06:44 [7m>>> host-automake 1.16.5 Patching[27m
2025-03-28T00:06:44 [7m>>> host-automake 1.16.5 Updating config.sub and config.guess[27m
2025-03-28T00:06:44 [7m>>> host-automake 1.16.5 Patching libtool[27m
2025-03-28T00:06:45 [7m>>> host-automake 1.16.5 Configuring[27m
2025-03-28T00:06:46 [7m>>> host-automake 1.16.5 Building[27m
2025-03-28T00:06:46 [7m>>> host-automake 1.16.5 Installing to host directory[27m
2025-03-28T00:06:48 [7m>>> parted 3.4 Extracting[27m
2025-03-28T00:06:48 [7m>>> parted 3.4 Patching[27m
2025-03-28T00:06:48 [7m>>> parted 3.4 Updating config.sub and config.guess[27m
2025-03-28T00:06:48 [7m>>> parted 3.4 Patching libtool[27m
2025-03-28T00:06:49 [7m>>> parted 3.4 Configuring[27m
2025-03-28T00:07:04 [7m>>> parted 3.4 Building[27m
2025-03-28T00:07:06 [7m>>> parted 3.4 Installing to staging directory[27m
2025-03-28T00:07:07 [7m>>> parted 3.4 Fixing libtool files[27m
2025-03-28T00:07:07 [7m>>> parted 3.4 Installing to target[27m
2025-03-28T00:07:09 [7m>>> fatresize 321973ba156bbf2489e82c47c94b2bca74b16316 Extracting[27m
2025-03-28T00:07:09 [7m>>> fatresize 321973ba156bbf2489e82c47c94b2bca74b16316 Patching[27m
2025-03-28T00:07:09 [7m>>> fatresize 321973ba156bbf2489e82c47c94b2bca74b16316 Updating config.sub and config.guess[27m
2025-03-28T00:07:09 [7m>>> fatresize 321973ba156bbf2489e82c47c94b2bca74b16316 Configuring[27m
2025-03-28T00:07:09 [7m>>> fatresize 321973ba156bbf2489e82c47c94b2bca74b16316 Autoreconfiguring[27m
2025-03-28T00:07:12 [7m>>> fatresize 321973ba156bbf2489e82c47c94b2bca74b16316 Patching libtool[27m
2025-03-28T00:07:13 [7m>>> fatresize 321973ba156bbf2489e82c47c94b2bca74b16316 Building[27m
2025-03-28T00:07:13 [7m>>> fatresize 321973ba156bbf2489e82c47c94b2bca74b16316 Installing to target[27m
2025-03-28T00:07:14 [7m>>> host-gettext-tiny 0.3.2 Extracting[27m
2025-03-28T00:07:15 [7m>>> host-gettext-tiny 0.3.2 Patching[27m
2025-03-28T00:07:15 [7m>>> host-gettext-tiny 0.3.2 Configuring[27m
2025-03-28T00:07:15 [7m>>> host-gettext-tiny 0.3.2 Building[27m
2025-03-28T00:07:15 [7m>>> host-gettext-tiny 0.3.2 Installing to host directory[27m
2025-03-28T00:07:17 [7m>>> host-gettext  Extracting[27m
2025-03-28T00:07:17 [7m>>> host-gettext  Patching[27m
2025-03-28T00:07:17 [7m>>> host-gettext  Configuring[27m
2025-03-28T00:07:17 [7m>>> host-gettext  Building[27m
2025-03-28T00:07:17 [7m>>> host-gettext  Installing to host directory[27m
2025-03-28T00:07:19 [7m>>> popt 1.18 Extracting[27m
2025-03-28T00:07:19 [7m>>> popt 1.18 Patching[27m
2025-03-28T00:07:19 [7m>>> popt 1.18 Updating config.sub and config.guess[27m
2025-03-28T00:07:19 [7m>>> popt 1.18 Configuring[27m
2025-03-28T00:07:19 [7m>>> popt 1.18 Gettextizing[27m
2025-03-28T00:07:20 [7m>>> popt 1.18 Autoreconfiguring[27m
2025-03-28T00:07:26 [7m>>> popt 1.18 Patching libtool[27m
2025-03-28T00:07:29 [7m>>> popt 1.18 Building[27m
2025-03-28T00:07:30 [7m>>> popt 1.18 Installing to staging directory[27m
2025-03-28T00:07:30 [7m>>> popt 1.18 Fixing libtool files[27m
2025-03-28T00:07:30 [7m>>> popt 1.18 Installing to target[27m
2025-03-28T00:07:31 [7m>>> gptfdisk 1.0.9 Extracting[27m
2025-03-28T00:07:31 [7m>>> gptfdisk 1.0.9 Patching[27m
2025-03-28T00:07:31 [7m>>> gptfdisk 1.0.9 Configuring[27m
2025-03-28T00:07:31 [7m>>> gptfdisk 1.0.9 Building[27m
2025-03-28T00:07:32 [7m>>> gptfdisk 1.0.9 Installing to target[27m
2025-03-28T00:07:32 [7m>>> htop 3.2.1 Extracting[27m
2025-03-28T00:07:32 [7m>>> htop 3.2.1 Patching[27m
2025-03-28T00:07:32 [7m>>> htop 3.2.1 Updating config.sub and config.guess[27m
2025-03-28T00:07:32 [7m>>> htop 3.2.1 Patching libtool[27m
2025-03-28T00:07:32 [7m>>> htop 3.2.1 Configuring[27m
2025-03-28T00:07:36 [7m>>> htop 3.2.1 Building[27m
2025-03-28T00:07:36 [7m>>> htop 3.2.1 Installing to target[27m
2025-03-28T00:07:37 [7m>>> ifupdown-scripts  Extracting[27m
2025-03-28T00:07:37 [7m>>> ifupdown-scripts  Patching[27m
2025-03-28T00:07:37 [7m>>> ifupdown-scripts  Configuring[27m
2025-03-28T00:07:37 [7m>>> ifupdown-scripts  Building[27m
2025-03-28T00:07:37 [7m>>> ifupdown-scripts  Installing to target[27m
2025-03-28T00:07:38 [7m>>> initscripts  Extracting[27m
2025-03-28T00:07:38 [7m>>> initscripts  Patching[27m
2025-03-28T00:07:38 [7m>>> initscripts  Configuring[27m
2025-03-28T00:07:38 [7m>>> initscripts  Building[27m
2025-03-28T00:07:38 [7m>>> initscripts  Installing to target[27m
2025-03-28T00:07:39 [7m>>> input-event-daemon 0.1.3 Extracting[27m
2025-03-28T00:07:39 [7m>>> input-event-daemon 0.1.3 Patching[27m
2025-03-28T00:07:39 [7m>>> input-event-daemon 0.1.3 Configuring[27m
2025-03-28T00:07:39 [7m>>> input-event-daemon 0.1.3 Building[27m
2025-03-28T00:07:39 [7m>>> input-event-daemon 0.1.3 Installing to target[27m
2025-03-28T00:07:40 [7m>>> libcurl 7.84.0 Extracting[27m
2025-03-28T00:07:40 [7m>>> libcurl 7.84.0 Patching[27m
2025-03-28T00:07:40 [7m>>> libcurl 7.84.0 Updating config.sub and config.guess[27m
2025-03-28T00:07:41 [7m>>> libcurl 7.84.0 Configuring[27m
2025-03-28T00:07:41 [7m>>> libcurl 7.84.0 Autoreconfiguring[27m
