# 2025-03-28 00:00:08
# run hook: /github/OpenHD-RV1126-OS/buildroot/output/rockchip_rv1126_rv1109/target /github/OpenHD-RV1126-OS/buildroot/configs/rockchip_rv1126_rv1109_defconfig

Building Wifi/BT module and firmwares...
Adding information to /etc/os-release...
Adding info dir...
Fixing up /etc/fstab...
Fixing up rootfs type: ext4
Fixing up basic partition: proc /proc
Deleting partition: proc /proc
Fixing up partition: proc /proc proc defaults 0
Fixing up basic partition: devtmpfs /dev
Deleting partition: devtmpfs /dev
Fixing up partition: devtmpfs /dev devtmpfs defaults 0
Fixing up basic partition: devpts /dev/pts mode=0620,ptmxmode=0666,gid=5
Deleting partition: devpts /dev/pts
Fixing up partition: devpts /dev/pts devpts mode=0620,ptmxmode=0666,gid=5 0
Fixing up basic partition: tmpfs /dev/shm nosuid,nodev,noexec
Deleting partition: tmpfs /dev/shm
Fixing up partition: tmpfs /dev/shm tmpfs nosuid,nodev,noexec 0
Fixing up basic partition: sysfs /sys
Deleting partition: sysfs /sys
Fixing up partition: sysfs /sys sysfs defaults 0
Fixing up basic partition: configfs /sys/kernel/config
Deleting partition: configfs /sys/kernel/config
Fixing up partition: configfs /sys/kernel/config configfs defaults 0
Fixing up basic partition: debugfs /sys/kernel/debug
Deleting partition: debugfs /sys/kernel/debug
Fixing up partition: debugfs /sys/kernel/debug debugfs defaults 0
Fixing up basic partition: pstore /sys/fs/pstore
Deleting partition: pstore /sys/fs/pstore
Fixing up partition: pstore /sys/fs/pstore pstore defaults 0
Fixing up device partition: oem /oem ext4 defaults
Deleting partition: PARTLABEL=oem /oem
Fixing up partition: PARTLABEL=oem /oem ext4 defaults 2
Fixing up device partition: userdata /userdata ext4 defaults
Deleting partition: PARTLABEL=userdata /userdata
Fixing up partition: PARTLABEL=userdata /userdata ext4 defaults 2
Setting LANG to en_US.utf8...
Adding dirs and links...
Preparing partitions...
Preparing partiton oem
Merging /github/OpenHD-RV1126-OS/device/rockchip/common/images/oem/oem_ipc into /github/OpenHD-RV1126-OS/output/oem
Merging /github/OpenHD-RV1126-OS/buildroot/output/rockchip_rv1126_rv1109/target//oem into /github/OpenHD-RV1126-OS/output/oem
Preparing partiton userdata
Merging /github/OpenHD-RV1126-OS/device/rockchip/common/images/userdata/userdata_normal into /github/OpenHD-RV1126-OS/output/userdata
Merging /github/OpenHD-RV1126-OS/buildroot/output/rockchip_rv1126_rv1109/target//userdata into /github/OpenHD-RV1126-OS/output/userdata
