cache_v7.c:201:6:invalidate_icache_all	0	static
cache_v7.c:225:13:v7_outer_cache_enable	0	static
cache_v7.c:226:13:v7_outer_cache_disable	0	static
cache_v7.c:227:13:v7_outer_cache_flush_all	0	static
cache_v7.c:121:6:flush_dcache_all	8	static
cache_v7.c:228:13:v7_outer_cache_inval_all	0	static
cache_v7.c:110:6:invalidate_dcache_all	8	static
cache_v7.c:157:6:arm_init_before_mmu	8	static
cache_v7.c:229:13:v7_outer_cache_flush_range	0	static
cache_v7.c:147:6:flush_dcache_range	0	static
cache_v7.c:164:6:mmu_page_table_flush	8	static
cache_v7.c:230:13:v7_outer_cache_inval_range	0	static
cache_v7.c:132:6:invalidate_dcache_range	4	static
