clk_rv1126.c:213:14:rv1126_i2c_get_pmuclk	8	static
clk_rv1126.c:260:14:rv1126_pwm_get_pmuclk	8	static
clk_rv1126.c:620:14:rv1126_pdbus_get_clk	8	static
clk_rv1126.c:714:14:rv1126_pdphp_get_clk	8	static
clk_rv1126.c:791:14:rv1126_i2c_get_clk	8	static
clk_rv1126.c:880:14:rv1126_pwm_get_clk	8	static
clk_rv1126.c:939:14:rv1126_crypto_get_clk	8	static
clk_rv1126.c:1024:14:rv1126_mmc_get_clk	8	static
clk_rv1126.c:1060:14:rv1126_mmc_set_clk	24	static
clk_rv1126.c:1105:14:rv1126_sfc_get_clk	8	static
clk_rv1126.c:1123:14:rv1126_sfc_set_clk	16	static
clk_rv1126.c:1137:14:rv1126_nand_get_clk	8	static
clk_rv1126.c:1155:14:rv1126_nand_set_clk	16	static
clk_rv1126.c:1169:14:rv1126_aclk_vop_get_clk	8	static
clk_rv1126.c:1202:14:rv1126_dclk_vop_get_clk	8	static
clk_rv1126.c:1266:14:rv1126_scr1_get_clk	8	static
clk_rv1126.c:1299:14:rv1126_gmac_src_get_clk	8	static
clk_rv1126.c:1332:14:rv1126_gmac_out_get_clk	8	static
clk_rv1126.c:1579:14:rv1126_dclk_decom_get_clk	8	static
clk_rv1126.c:667:14:rv1126_pdbus_set_clk	24	static
clk_rv1126.c:737:14:rv1126_pdphp_set_clk	16	static
clk_rv1126.c:2067:14:rv1126_gpll_set_rate	40	static
clk_rv1126.c:510:12:rv1126_pmuclk_ofdata_to_platdata	16	static
clk_rv1126.c:2199:12:rv1126_clk_ofdata_to_platdata	16	static
clk_rv1126.c:519:12:rv1126_pmuclk_bind	24	static
clk_rv1126.c:2208:12:rv1126_clk_bind	24	static
clk_rv1126.c:1612:14:rv1126_clk_get_rate	8	static
clk_rv1126.c:486:12:rv1126_pmuclk_set_parent	8	static
clk_rv1126.c:2038:12:rv1126_clk_set_parent	8	static
clk_rv1126.c:393:14:rv1126_pmuclk_get_rate	8	static
clk_rv1126.c:558:12:rv1126_armclk_set_clk.isra.10	24	static
clk_rv1126.c:501:12:rv1126_pmuclk_probe	8	static
clk_rv1126.c:777:14:rv1126_pdaudio_set_clk	16	static
clk_rv1126.c:377:14:rv1126_pdpmu_set_pmuclk	16	static
clk_rv1126.c:194:14:rv1126_rtc32k_set_pmuclk	40	static
clk_rv1126.c:432:14:rv1126_pmuclk_set_rate	32	static
clk_rv1126.c:607:14:rv1126_pdcore_set_clk	16	static
clk_rv1126.c:1733:14:rv1126_clk_set_rate	32	static
clk_rv1126.c:2178:12:rv1126_clk_probe	32	static
clk_rv1126.c:1862:5:rv1126_mmc_get_phase	16	static
clk_rv1126.c:1941:12:rv1126_clk_get_phase	0	static
clk_rv1126.c:1897:5:rv1126_mmc_set_phase	24	static
clk_rv1126.c:1959:12:rv1126_clk_set_phase	0	static
clk_rv1126.c:2267:5:soc_clk_dump	56	static
