gpio-uclass.c:1035:12:gpio_post_bind	0	static
gpio-uclass.c:623:12:get_function	24	static
gpio-uclass.c:33:12:gpio_to_device	24	static
gpio-uclass.c:400:12:check_reserved	24	static
gpio-uclass.c:958:12:gpio_renumber	32	static
gpio-uclass.c:1006:12:gpio_pre_remove	8	static
gpio-uclass.c:995:12:gpio_post_probe	8	static
gpio-uclass.c:56:5:dm_gpio_lookup_name	40	static
gpio-uclass.c:95:5:gpio_lookup_name	40	static
gpio-uclass.c:120:5:gpio_xlate_offs_flags	0	static
gpio-uclass.c:265:5:gpio_hog_lookup_name	0	static
gpio-uclass.c:271:5:dm_gpio_request	24	static
gpio-uclass.c:323:5:gpio_request	24	static
gpio-uclass.c:345:5:gpio_requestf	4	static
gpio-uclass.c:360:5:_dm_gpio_free	16	static
gpio-uclass.c:388:5:gpio_free	24	static
gpio-uclass.c:427:5:gpio_direction_input	24	static
gpio-uclass.c:451:5:gpio_direction_output	24	static
gpio-uclass.c:467:5:dm_gpio_get_value	8	static
gpio-uclass.c:481:5:dm_gpio_set_value	16	static
gpio-uclass.c:495:5:dm_gpio_get_open_drain	16	static
gpio-uclass.c:510:5:dm_gpio_set_open_drain	16	static
gpio-uclass.c:527:5:dm_gpio_set_dir_flags	24	static
gpio-uclass.c:802:12:gpio_request_tail.isra.2	24	static
gpio-uclass.c:557:5:dm_gpio_set_dir	0	static
gpio-uclass.c:571:5:gpio_get_value	24	static
gpio-uclass.c:592:5:gpio_set_value	24	static
gpio-uclass.c:603:13:gpio_get_bank_info	8	static
gpio-uclass.c:652:5:gpio_get_function	0	static
gpio-uclass.c:657:5:gpio_get_raw_function	0	static
gpio-uclass.c:662:5:gpio_get_status	64	static
gpio-uclass.c:701:5:gpio_claim_vector	24	static
gpio-uclass.c:732:5:gpio_get_values_as_int	24	static
gpio-uclass.c:752:5:dm_gpio_get_values_as_int	32	static
gpio-uclass.c:861:5:gpio_request_by_name_nodev	104	static
gpio-uclass.c:868:5:gpio_request_by_name	104	static
gpio-uclass.c:920:5:gpio_get_list_count	24	static
gpio-uclass.c:935:5:dm_gpio_free	0	static
gpio-uclass.c:941:5:gpio_free_list	24	static
gpio-uclass.c:952:5:gpio_free_list_nodev	0	static
gpio-uclass.c:882:5:gpio_request_list_by_name_nodev	112	static
gpio-uclass.c:907:5:gpio_request_list_by_name	16	static
gpio-uclass.c:983:5:gpio_get_number	0	static
gpio-uclass.c:1020:5:gpio_dev_request_index	88	static
