irq-generic.c:96:12:bad_irq_chip	0	static
irq-generic.c:377:12:do_dump_irqs	40	static
irq-generic.c:35:5:bad_irq	8	static
irq-generic.c:56:6:__generic_gpio_handle_irq	16	static
irq-generic.c:72:6:__do_generic_irq_handler	16	static
irq-generic.c:91:5:irq_is_busy	0	static
irq-generic.c:163:5:irq_handler_enable	8	static
irq-generic.c:183:5:irq_handler_disable	8	static
irq-generic.c:203:5:irq_set_irq_type	16	static
irq-generic.c:216:5:irq_revert_irq_type	8	static
irq-generic.c:229:5:irq_get_gpio_level	8	static
irq-generic.c:242:6:irq_install_handler	12	static
irq-generic.c:259:6:irq_free_handler	8	static
irq-generic.c:272:5:irq_handler_enable_suspend_only	8	static
irq-generic.c:287:5:irqs_suspend	16	static
irq-generic.c:297:5:irqs_resume	16	static
irq-generic.c:318:6:do_irq	0	static
irq-generic.c:329:5:arch_interrupt_init	16	static
irq-generic.c:359:5:interrupt_init	0	static
irq-generic.c:364:6:enable_interrupts	0	static
irq-generic.c:369:5:disable_interrupts	0	static
