nand_bbt.c:1023:13:verify_bbt_descr	24	static
nand_bbt.c:452:12:create_bbt	88	static
nand_bbt.c:342:12:scan_read	80	static
nand_bbt.c:169:12:read_bbt	88	static
nand_bbt.c:617:12:write_bbt	240	static
nand_bbt.c:1148:12:nand_update_bbt	40	static
nand_bbt.c:963:13:mark_bbt_region	40	static
nand_bbt.c:524:12:search_bbt	56	static
nand_bbt.c:262:12:read_abs_bbt	40	static
nand_bbt.c:1282:5:nand_default_bbt	72	static
nand_bbt.c:1318:5:nand_isreserved_bbt	8	static
nand_bbt.c:1333:5:nand_isbad_bbt	8	static
nand_bbt.c:1360:5:nand_markbad_bbt	16	static
