regulator-uclass.c:428:12:regulator_pre_probe	16	static
regulator-uclass.c:396:12:regulator_post_bind	32	static
regulator-uclass.c:18:5:regulator_mode	8	static
regulator-uclass.c:32:5:regulator_get_value	8	static
regulator-uclass.c:305:13:regulator_show	32	static
regulator-uclass.c:42:5:regulator_set_value	24	static
regulator-uclass.c:78:5:regulator_set_suspend_value	16	static
regulator-uclass.c:88:5:regulator_get_suspend_value	8	static
regulator-uclass.c:102:5:regulator_set_value_force	16	static
regulator-uclass.c:112:5:regulator_get_current	8	static
regulator-uclass.c:122:5:regulator_set_current	16	static
regulator-uclass.c:139:5:regulator_get_enable	8	static
regulator-uclass.c:149:5:regulator_set_enable	16	static
regulator-uclass.c:159:5:regulator_set_suspend_enable	16	static
regulator-uclass.c:169:5:regulator_get_suspend_enable	8	static
regulator-uclass.c:179:5:regulator_set_ramp_delay	16	static
regulator-uclass.c:189:5:regulator_get_mode	8	static
regulator-uclass.c:199:5:regulator_set_mode	16	static
regulator-uclass.c:209:5:regulator_get_by_platname	24	static
regulator-uclass.c:236:5:regulator_get_by_devname	0	static
regulator-uclass.c:241:5:device_get_supply_regulator	0	static
regulator-uclass.c:262:5:regulator_autoset	24	static
regulator-uclass.c:331:5:regulator_autoset_by_name	16	static
regulator-uclass.c:347:5:regulator_list_autoset	40	static
regulator-uclass.c:483:5:regulators_enable_state_mem	24	static
regulator-uclass.c:516:5:regulators_enable_boot_on	40	static
