fdt_rw.c:58:12:_fdt_blocks_misordered	8	static
fdt_rw.c:97:12:_fdt_splice	24	static
fdt_rw.c:112:12:_fdt_splice_mem_rsv	16	static
fdt_rw.c:125:12:_fdt_splice_struct	16	static
fdt_rw.c:407:13:_fdt_packblocks	24	static
fdt_rw.c:221:12:_fdt_add_property	40	static
fdt_rw.c:70:12:_fdt_rw_check_header	16	static
fdt_rw.c:174:5:fdt_add_mem_rsv	40	static
fdt_rw.c:191:5:fdt_del_mem_rsv	24	static
fdt_rw.c:249:5:fdt_set_name	32	static
fdt_rw.c:272:5:fdt_setprop_placeholder	40	static
fdt_rw.c:290:5:fdt_setprop	32	static
fdt_rw.c:305:5:fdt_appendprop	48	static
fdt_rw.c:332:5:fdt_delprop	32	static
fdt_rw.c:347:5:fdt_add_subnode_namelen	40	static
fdt_rw.c:388:5:fdt_add_subnode	16	static
fdt_rw.c:393:5:fdt_del_node	16	static
fdt_rw.c:429:5:fdt_open_into	48	static
fdt_rw.c:493:5:fdt_pack	16	static
