board.c:158:12:rockchip_set_serialno	592	static
board.c:63:12:rk_board_late_init	0	static
board.c:68:12:rk_board_fdt_fixup	0	static
board.c:73:12:rk_board_dm_fdt_fixup	0	static
board.c:78:12:soc_clk_dump	0	static
board.c:83:12:set_armclk_rate	0	static
board.c:88:12:rk_board_init	0	static
board.c:240:5:fb_set_reboot_flag	8	static
board.c:417:5:board_late_init	136	static
board.c:486:5:board_init	8	static
board.c:519:5:interrupt_debugger_init	0	static
board.c:528:5:board_fdt_fixup	8	static
board.c:563:5:board_initr_caches_fixup	64	static
board.c:580:6:arch_preboot_os	0	static
board.c:619:6:enable_caches	8	static
board.c:632:6:board_lmb_reserve	88	static
board.c:675:5:board_bidram_reserve	64	static
board.c:702:5:board_sysmem_reserve	8	static
board.c:715:12:board_bidram_parse_fn	0	static
board.c:721:5:board_init_f_boot_flags	16	static
board.c:840:5:bootm_board_start	8	static
board.c:872:5:bootm_image_populate_dtb	16	static
board.c:897:5:board_do_bootm	80	static
board.c:978:6:autoboot_command_fail_handle	0	static
board.c:1034:6:board_quiesce_devices	8	static
board.c:1071:7:board_fdt_chosen_bootargs	40	static
board.c:1197:5:ft_verify_fdt	0	static
